Archive member included to satisfy reference by file (symbol)

/opt/devkitpro/libctru/lib/libctru.a(gfx.o)
                              main.o (gfxInitDefault)
/opt/devkitpro/libctru/lib/libctru.a(os-versionbin.o)
                              main.o (osGetSystemVersionData)
/opt/devkitpro/libctru/lib/libctru.a(console.o)
                              main.o (consoleInit)
/opt/devkitpro/libctru/lib/libctru.a(romfs_dev.o)
                              /opt/devkitpro/libctru/lib/libctru.a(os-versionbin.o) (romfsMountFromFile)
/opt/devkitpro/libctru/lib/libctru.a(gx.o)
                              /opt/devkitpro/libctru/lib/libctru.a(gfx.o) (gxCmdBuf)
/opt/devkitpro/libctru/lib/libctru.a(fs.o)
                              /opt/devkitpro/libctru/lib/libctru.a(os-versionbin.o) (FSUSER_OpenFileDirectly)
/opt/devkitpro/libctru/lib/libctru.a(hid.o)
                              main.o (hidScanInput)
/opt/devkitpro/libctru/lib/libctru.a(apt.o)
                              main.o (aptMainLoop)
/opt/devkitpro/libctru/lib/libctru.a(gspgpu.o)
                              /opt/devkitpro/libctru/lib/libctru.a(gfx.o) (gspInit)
/opt/devkitpro/libctru/lib/libctru.a(cfgu.o)
                              /opt/devkitpro/libctru/lib/libctru.a(os-versionbin.o) (cfguInit)
/opt/devkitpro/libctru/lib/libctru.a(irrst.o)
                              /opt/devkitpro/libctru/lib/libctru.a(hid.o) (irrstScanInput)
/opt/devkitpro/libctru/lib/libctru.a(utf8_to_utf16.o)
                              /opt/devkitpro/libctru/lib/libctru.a(romfs_dev.o) (utf8_to_utf16)
/opt/devkitpro/libctru/lib/libctru.a(decode_utf8.o)
                              /opt/devkitpro/libctru/lib/libctru.a(utf8_to_utf16.o) (decode_utf8)
/opt/devkitpro/libctru/lib/libctru.a(utf16_to_utf8.o)
                              /opt/devkitpro/libctru/lib/libctru.a(romfs_dev.o) (utf16_to_utf8)
/opt/devkitpro/libctru/lib/libctru.a(encode_utf8.o)
                              /opt/devkitpro/libctru/lib/libctru.a(utf16_to_utf8.o) (encode_utf8)
/opt/devkitpro/libctru/lib/libctru.a(encode_utf16.o)
                              /opt/devkitpro/libctru/lib/libctru.a(utf8_to_utf16.o) (encode_utf16)
/opt/devkitpro/libctru/lib/libctru.a(initArgv.o)
                              /opt/devkitpro/devkitARM/lib/gcc/arm-none-eabi/6.3.0/../../../../arm-none-eabi/lib/armv6k/fpu/3dsx_crt0.o (__system_argc)
/opt/devkitpro/libctru/lib/libctru.a(initSystem.o)
                              /opt/devkitpro/libctru/lib/libctru.a(apt.o) (__system_retAddr)
/opt/devkitpro/libctru/lib/libctru.a(svc.o)
                              /opt/devkitpro/libctru/lib/libctru.a(apt.o) (svcExitProcess)
/opt/devkitpro/libctru/lib/libctru.a(stack_adjust.o)
                              /opt/devkitpro/devkitARM/lib/gcc/arm-none-eabi/6.3.0/../../../../arm-none-eabi/lib/armv6k/fpu/3dsx_crt0.o (initSystem)
/opt/devkitpro/libctru/lib/libctru.a(default_font.bin.o)
                              /opt/devkitpro/libctru/lib/libctru.a(console.o) (default_font_bin)
/opt/devkitpro/libctru/lib/libctru.a(linear.o)
                              /opt/devkitpro/libctru/lib/libctru.a(gfx.o) (linearAlloc)
/opt/devkitpro/libctru/lib/libctru.a(mappable.o)
                              /opt/devkitpro/libctru/lib/libctru.a(gfx.o) (mappableAlloc)
/opt/devkitpro/libctru/lib/libctru.a(vram.o)
                              /opt/devkitpro/libctru/lib/libctru.a(gfx.o) (vramAlloc)
/opt/devkitpro/libctru/lib/libctru.a(thread.o)
                              /opt/devkitpro/libctru/lib/libctru.a(apt.o) (threadCreate)
/opt/devkitpro/libctru/lib/libctru.a(srv.o)
                              /opt/devkitpro/libctru/lib/libctru.a(apt.o) (srvInit)
/opt/devkitpro/libctru/lib/libctru.a(os.o)
                              /opt/devkitpro/libctru/lib/libctru.a(apt.o) (__ctru_speedup_config)
/opt/devkitpro/libctru/lib/libctru.a(env.o)
                              /opt/devkitpro/libctru/lib/libctru.a(fs.o) (envGetHandle)
/opt/devkitpro/libctru/lib/libctru.a(synchronization.o)
                              /opt/devkitpro/libctru/lib/libctru.a(initSystem.o) (__sync_init)
/opt/devkitpro/libctru/lib/libctru.a(ptmsysm.o)
                              /opt/devkitpro/libctru/lib/libctru.a(os.o) (ptmSysmInit)
/opt/devkitpro/libctru/lib/libctru.a(rbtree_find.o)
                              /opt/devkitpro/libctru/lib/libctru.a(linear.o) (rbtree_find)
/opt/devkitpro/libctru/lib/libctru.a(rbtree_remove.o)
                              /opt/devkitpro/libctru/lib/libctru.a(linear.o) (rbtree_remove)
/opt/devkitpro/libctru/lib/libctru.a(rbtree_iterator.o)
                              /opt/devkitpro/libctru/lib/libctru.a(rbtree_remove.o) (rbtree_node_next)
/opt/devkitpro/libctru/lib/libctru.a(rbtree_rotate.o)
                              /opt/devkitpro/libctru/lib/libctru.a(rbtree_remove.o) (rbtree_rotate)
/opt/devkitpro/libctru/lib/libctru.a(rbtree_insert.o)
                              /opt/devkitpro/libctru/lib/libctru.a(linear.o) (rbtree_insert)
[...]
Memory Configuration

Name             Origin             Length             Attributes
*default*        0x00000000         0xffffffff

Linker script and memory map

                0x00100000                PROVIDE (__start__, 0x100000)
                0x00100000                . = __start__

.text           0x00100000    0x223c4
 *(.crt0)
 .crt0          0x00100000       0x94 /opt/devkitpro/devkitARM/lib/gcc/arm-none-eabi/6.3.0/../../../../arm-none-eabi/lib/armv6k/fpu/3dsx_crt0.o
                0x00100000                _start
                0x00100008                __service_ptr
                0x0010000c                __apt_appid
                0x00100010                __heap_size
                0x00100014                __linear_heap_size
                0x00100018                __system_arglist
                0x0010001c                __system_runflags
 *(.init)
 .init          0x00100094        0xc /opt/devkitpro/devkitARM/lib/gcc/arm-none-eabi/6.3.0/armv6k/fpu/crti.o
                0x00100094                _init
 .init          0x001000a0        0xc /opt/devkitpro/devkitARM/lib/gcc/arm-none-eabi/6.3.0/armv6k/fpu/crtn.o
                0x001000ac                . = ALIGN (0x4)
 *(.text)
 .text          0x001000ac       0x64 /opt/devkitpro/libctru/lib/libctru.a(stack_adjust.o)
                0x001000ac                initSystem
                0x001000f0                __ctru_exit
 .text          0x00100110      0x20c /opt/devkitpro/devkitARM/lib/gcc/arm-none-eabi/6.3.0/armv6k/fpu/libgcc.a(_udivsi3.o)
                0x00100110                __udivsi3
                0x00100110                __aeabi_uidiv
                0x001002fc                __aeabi_uidivmod
 .text          0x0010031c      0x240 /opt/devkitpro/devkitARM/lib/gcc/arm-none-eabi/6.3.0/armv6k/fpu/libgcc.a(_divsi3.o)
                0x0010031c                __aeabi_idiv
                0x0010031c                __divsi3
                0x0010053c                __aeabi_idivmod
 .text          0x0010055c        0x4 /opt/devkitpro/devkitARM/lib/gcc/arm-none-eabi/6.3.0/armv6k/fpu/libgcc.a(_dvmd_tls.o)
                0x0010055c                __aeabi_ldiv0
                0x0010055c                __aeabi_idiv0
 .text          0x00100560       0x3c /opt/devkitpro/devkitARM/lib/gcc/arm-none-eabi/6.3.0/armv6k/fpu/libgcc.a(_aeabi_uldivmod.o)
                0x00100560                __aeabi_uldivmod
 *fill*         0x0010059c        0x4 
 .text          0x001005a0      0x390 /opt/devkitpro/devkitARM/lib/gcc/arm-none-eabi/6.3.0/../../../../arm-none-eabi/lib/armv6k/fpu/libg.a(lib_a-strcmp.o)
                0x001005a8                strcmp
 *(.text.*)
 .text.deregister_tm_clones
                0x00100930       0x30 /opt/devkitpro/devkitARM/lib/gcc/arm-none-eabi/6.3.0/armv6k/fpu/crtbegin.o
 .text.register_tm_clones
                0x00100960       0x38 /opt/devkitpro/devkitARM/lib/gcc/arm-none-eabi/6.3.0/armv6k/fpu/crtbegin.o
 .text.__do_global_dtors_aux
                0x00100998       0x44 /opt/devkitpro/devkitARM/lib/gcc/arm-none-eabi/6.3.0/armv6k/fpu/crtbegin.o
 .text.frame_dummy
                0x001009dc       0x5c /opt/devkitpro/devkitARM/lib/gcc/arm-none-eabi/6.3.0/armv6k/fpu/crtbegin.o
 .text.startup.main
                0x00100a38      0x7a4 main.o
                0x00100a38                main
 .text.gfxSetFramebufferInfo.part.0
                0x001011dc       0x8c /opt/devkitpro/libctru/lib/libctru.a(gfx.o)
 .text.__get_bytes_per_pixel
                0x00101268       0x18 /opt/devkitpro/libctru/lib/libctru.a(gfx.o)
                0x00101268                __get_bytes_per_pixel
 .text.gfxSetScreenFormat
                0x00101280      0x174 /opt/devkitpro/libctru/lib/libctru.a(gfx.o)
                0x00101280                gfxSetScreenFormat
 .text.gfxSetDoubleBuffering
                0x001013f4       0x14 /opt/devkitpro/libctru/lib/libctru.a(gfx.o)
                0x001013f4                gfxSetDoubleBuffering
 .text.gfxSetFramebufferInfo
                0x00101408       0x70 /opt/devkitpro/libctru/lib/libctru.a(gfx.o)
                0x00101408                gfxSetFramebufferInfo
 .text.gfxWriteFramebufferInfo
                0x00101478       0x88 /opt/devkitpro/libctru/lib/libctru.a(gfx.o)
                0x00101478                gfxWriteFramebufferInfo
 .text.gfxInit  0x00101500      0x1fc /opt/devkitpro/libctru/lib/libctru.a(gfx.o)
                0x00101500                gfxInit
 .text.gfxInitDefault
                0x001016fc       0x10 /opt/devkitpro/libctru/lib/libctru.a(gfx.o)
                0x001016fc                gfxInitDefault
 .text.gfxExit  0x0010170c       0xe0 /opt/devkitpro/libctru/lib/libctru.a(gfx.o)
                0x0010170c                gfxExit
 .text.gfxGetFramebuffer
                0x001017ec       0xb0 /opt/devkitpro/libctru/lib/libctru.a(gfx.o)
                0x001017ec                gfxGetFramebuffer
 .text.gfxFlushBuffers
                0x0010189c       0xc8 /opt/devkitpro/libctru/lib/libctru.a(gfx.o)
                0x0010189c                gfxFlushBuffers
 .text.gfxConfigScreen
                0x00101964       0x70 /opt/devkitpro/libctru/lib/libctru.a(gfx.o)
                0x00101964                gfxConfigScreen
 .text.gfxSwapBuffers
                0x001019d4       0x20 /opt/devkitpro/libctru/lib/libctru.a(gfx.o)
                0x001019d4                gfxSwapBuffers
 .text.gfxSwapBuffersGpu
                0x001019f4       0x20 /opt/devkitpro/libctru/lib/libctru.a(gfx.o)
                0x001019f4                gfxSwapBuffersGpu
 .text.__read_versionbin.constprop.0
                0x00101a14       0xe0 /opt/devkitpro/libctru/lib/libctru.a(os-versionbin.o)
 .text.osGetSystemVersionData
                0x00101af4      0x110 /opt/devkitpro/libctru/lib/libctru.a(os-versionbin.o)
                0x00101af4                osGetSystemVersionData
 .text.debug_write
                0x00101c04       0x1c /opt/devkitpro/libctru/lib/libctru.a(console.o)
                0x00101c04                debug_write
 .text.consoleDrawChar
                0x00101c20      0x1b0 /opt/devkitpro/libctru/lib/libctru.a(console.o)
                0x00101c20                consoleDrawChar
 .text.consolePrintChar
                0x00101dd0      0x124 /opt/devkitpro/libctru/lib/libctru.a(console.o)
                0x00101dd0                consolePrintChar
 .text.consoleCls
                0x00101ef4      0x190 /opt/devkitpro/libctru/lib/libctru.a(console.o)
 .text.consoleInit
                0x00102084       0xf8 /opt/devkitpro/libctru/lib/libctru.a(console.o)
                0x00102084                consoleInit
 .text.consoleClearLine
                0x0010217c      0x144 /opt/devkitpro/libctru/lib/libctru.a(console.o)
 .text.newRow   0x001022c0       0xbc /opt/devkitpro/libctru/lib/libctru.a(console.o)
 .text.con_write
                0x0010237c      0x79c /opt/devkitpro/libctru/lib/libctru.a(console.o)
                0x0010237c                con_write
 .text.romfs_seek
                0x00102b18       0xc0 /opt/devkitpro/libctru/lib/libctru.a(romfs_dev.o)
 .text.romfs_dirreset
                0x00102bd8       0x28 /opt/devkitpro/libctru/lib/libctru.a(romfs_dev.o)
 .text.romfs_dirclose
                0x00102c00        0x8 /opt/devkitpro/libctru/lib/libctru.a(romfs_dev.o)
 .text.romfs_fstat
                0x00102c08       0x78 /opt/devkitpro/libctru/lib/libctru.a(romfs_dev.o)
 .text._romfs_read_chk
                0x00102c80       0x5c /opt/devkitpro/libctru/lib/libctru.a(romfs_dev.o)
 .text.romfs_read
                0x00102cdc       0xd0 /opt/devkitpro/libctru/lib/libctru.a(romfs_dev.o)
 .text.romfs_free
                0x00102dac       0x84 /opt/devkitpro/libctru/lib/libctru.a(romfs_dev.o)
 .text.romfsMountCommon
                0x00102e30      0x16c /opt/devkitpro/libctru/lib/libctru.a(romfs_dev.o)
 .text.romfs_dirnext
                0x00102f9c      0x248 /opt/devkitpro/libctru/lib/libctru.a(romfs_dev.o)
 .text.searchForFile.constprop.7
                0x001031e4       0xc0 /opt/devkitpro/libctru/lib/libctru.a(romfs_dev.o)
 .text.searchForDir.constprop.8
                0x001032a4       0xbc /opt/devkitpro/libctru/lib/libctru.a(romfs_dev.o)
 .text.navigateToDir.constprop.6
                0x00103360      0x1c4 /opt/devkitpro/libctru/lib/libctru.a(romfs_dev.o)
 .text.romfs_open
                0x00103524      0x128 /opt/devkitpro/libctru/lib/libctru.a(romfs_dev.o)
 .text.romfs_stat
                0x0010364c      0x1fc /opt/devkitpro/libctru/lib/libctru.a(romfs_dev.o)
 .text.romfs_chdir
                0x00103848       0x54 /opt/devkitpro/libctru/lib/libctru.a(romfs_dev.o)
 .text.romfs_diropen
                0x0010389c       0x78 /opt/devkitpro/libctru/lib/libctru.a(romfs_dev.o)
 .text.romfs_close
                0x00103914        0x8 /opt/devkitpro/libctru/lib/libctru.a(romfs_dev.o)
 .text.romfsMountFromFile
                0x0010391c       0x68 /opt/devkitpro/libctru/lib/libctru.a(romfs_dev.o)
                0x0010391c                romfsMountFromFile
 .text.romfsUnmount
                0x00103984       0x78 /opt/devkitpro/libctru/lib/libctru.a(romfs_dev.o)
                0x00103984                romfsUnmount
 .text.fsSessionForArchive.part.0
                0x001039fc       0x28 /opt/devkitpro/libctru/lib/libctru.a(fs.o)
 .text.fsInit   0x00103a24       0xc8 /opt/devkitpro/libctru/lib/libctru.a(fs.o)
                0x00103a24                fsInit
 .text.fsExit   0x00103aec       0x38 /opt/devkitpro/libctru/lib/libctru.a(fs.o)
                0x00103aec                fsExit
 .text.fsExemptFromSession
                0x00103b24       0xa0 /opt/devkitpro/libctru/lib/libctru.a(fs.o)
                0x00103b24                fsExemptFromSession
 .text.fsUnexemptFromSession
                0x00103bc4       0x54 /opt/devkitpro/libctru/lib/libctru.a(fs.o)
                0x00103bc4                fsUnexemptFromSession
 .text.FSUSER_OpenFile
                0x00103c18       0xbc /opt/devkitpro/libctru/lib/libctru.a(fs.o)
                0x00103c18                FSUSER_OpenFile
 .text.FSUSER_OpenFileDirectly
                0x00103cd4       0xd4 /opt/devkitpro/libctru/lib/libctru.a(fs.o)
                0x00103cd4                FSUSER_OpenFileDirectly
 .text.FSUSER_DeleteFile
                0x00103da8       0xa4 /opt/devkitpro/libctru/lib/libctru.a(fs.o)
                0x00103da8                FSUSER_DeleteFile
 .text.FSUSER_RenameFile
                0x00103e4c       0xe0 /opt/devkitpro/libctru/lib/libctru.a(fs.o)
                0x00103e4c                FSUSER_RenameFile
 .text.FSUSER_DeleteDirectory
                0x00103f2c       0xa4 /opt/devkitpro/libctru/lib/libctru.a(fs.o)
                0x00103f2c                FSUSER_DeleteDirectory
 .text.FSUSER_CreateFile
                0x00103fd0       0xbc /opt/devkitpro/libctru/lib/libctru.a(fs.o)
                0x00103fd0                FSUSER_CreateFile
 .text.FSUSER_CreateDirectory
                0x0010408c       0xac /opt/devkitpro/libctru/lib/libctru.a(fs.o)
                0x0010408c                FSUSER_CreateDirectory
 .text.FSUSER_RenameDirectory
                0x00104138       0xe0 /opt/devkitpro/libctru/lib/libctru.a(fs.o)
                0x00104138                FSUSER_RenameDirectory
 .text.FSUSER_OpenDirectory
                0x00104218       0xa4 /opt/devkitpro/libctru/lib/libctru.a(fs.o)
                0x00104218                FSUSER_OpenDirectory
 .text.FSUSER_OpenArchive
                0x001042bc       0x98 /opt/devkitpro/libctru/lib/libctru.a(fs.o)
                0x001042bc                FSUSER_OpenArchive
 .text.FSUSER_CloseArchive
                0x00104354       0x74 /opt/devkitpro/libctru/lib/libctru.a(fs.o)
                0x00104354                FSUSER_CloseArchive
 .text.FSUSER_GetCardType
                0x001043c8       0x58 /opt/devkitpro/libctru/lib/libctru.a(fs.o)
                0x001043c8                FSUSER_GetCardType
 .text.FSUSER_GetSdmcArchiveResource
                0x00104420       0x78 /opt/devkitpro/libctru/lib/libctru.a(fs.o)
                0x00104420                FSUSER_GetSdmcArchiveResource
 .text.FSUSER_IsSdmcWritable
                0x00104498       0x64 /opt/devkitpro/libctru/lib/libctru.a(fs.o)
                0x00104498                FSUSER_IsSdmcWritable
 .text.FSUSER_CardSlotIsInserted
                0x001044fc       0x64 /opt/devkitpro/libctru/lib/libctru.a(fs.o)
                0x001044fc                FSUSER_CardSlotIsInserted
 .text.FSFILE_Read
                0x00104560       0x5c /opt/devkitpro/libctru/lib/libctru.a(fs.o)
                0x00104560                FSFILE_Read
 .text.FSFILE_Write
                0x001045bc       0x64 /opt/devkitpro/libctru/lib/libctru.a(fs.o)
                0x001045bc                FSFILE_Write
 .text.FSFILE_GetSize
                0x00104620       0x3c /opt/devkitpro/libctru/lib/libctru.a(fs.o)
                0x00104620                FSFILE_GetSize
 .text.FSFILE_SetSize
                0x0010465c       0x2c /opt/devkitpro/libctru/lib/libctru.a(fs.o)
                0x0010465c                FSFILE_SetSize
 .text.FSFILE_Close
                0x00104688       0x3c /opt/devkitpro/libctru/lib/libctru.a(fs.o)
                0x00104688                FSFILE_Close
 .text.FSFILE_Flush
                0x001046c4       0x24 /opt/devkitpro/libctru/lib/libctru.a(fs.o)
                0x001046c4                FSFILE_Flush
 .text.FSDIR_Read
                0x001046e8       0x54 /opt/devkitpro/libctru/lib/libctru.a(fs.o)
                0x001046e8                FSDIR_Read
 .text.FSDIR_Close
                0x0010473c       0x3c /opt/devkitpro/libctru/lib/libctru.a(fs.o)
                0x0010473c                FSDIR_Close
 .text.hidExit  0x00104778       0xd0 /opt/devkitpro/libctru/lib/libctru.a(hid.o)
                0x00104778                hidExit
 .text.hidScanInput
                0x00104848      0x234 /opt/devkitpro/libctru/lib/libctru.a(hid.o)
                0x00104848                hidScanInput
 .text.hidKeysDown
                0x00104a7c       0x10 /opt/devkitpro/libctru/lib/libctru.a(hid.o)
                0x00104a7c                hidKeysDown
 .text.HIDUSER_GetHandles
                0x00104a8c       0x90 /opt/devkitpro/libctru/lib/libctru.a(hid.o)
                0x00104a8c                HIDUSER_GetHandles
 .text.hidInit  0x00104b1c      0x18c /opt/devkitpro/libctru/lib/libctru.a(hid.o)
                0x00104b1c                hidInit
 .text._aptDebug
                0x00104ca8        0x4 /opt/devkitpro/libctru/lib/libctru.a(apt.o)
                0x00104ca8                _aptDebug
 .text.aptSendCommand
                0x00104cac      0x130 /opt/devkitpro/libctru/lib/libctru.a(apt.o)
                0x00104cac                aptSendCommand
 .text.aptExitProcess
                0x00104ddc       0x3c /opt/devkitpro/libctru/lib/libctru.a(apt.o)
 .text.APT_InquireNotification
                0x00104e18       0x4c /opt/devkitpro/libctru/lib/libctru.a(apt.o)
                0x00104e18                APT_InquireNotification
 .text.aptEventHandler
                0x00104e64      0x19c /opt/devkitpro/libctru/lib/libctru.a(apt.o)
 .text.APT_AppletUtility
                0x00105000       0x74 /opt/devkitpro/libctru/lib/libctru.a(apt.o)
                0x00105000                APT_AppletUtility
 .text.aptSetSleepAllowed
                0x00105074       0xb4 /opt/devkitpro/libctru/lib/libctru.a(apt.o)
                0x00105074                aptSetSleepAllowed
 .text.APT_GlanceParameter
                0x00105128       0xb4 /opt/devkitpro/libctru/lib/libctru.a(apt.o)
                0x00105128                APT_GlanceParameter
 .text.APT_ReceiveParameter
                0x001051dc       0xc0 /opt/devkitpro/libctru/lib/libctru.a(apt.o)
                0x001051dc                APT_ReceiveParameter
 .text.aptReceiveParameter.constprop.1
                0x0010529c       0xa8 /opt/devkitpro/libctru/lib/libctru.a(apt.o)
 *fill*         0x00105344        0x4 
 .text.aptScreenTransfer
                0x00105348      0x1ec /opt/devkitpro/libctru/lib/libctru.a(apt.o)
 .text.aptWaitForWakeUp
                0x00105534      0x228 /opt/devkitpro/libctru/lib/libctru.a(apt.o)
 .text.APT_CancelParameter
                0x0010575c       0x70 /opt/devkitpro/libctru/lib/libctru.a(apt.o)
                0x0010575c                APT_CancelParameter
 .text.aptInit  0x001057cc      0x230 /opt/devkitpro/libctru/lib/libctru.a(apt.o)
                0x001057cc                aptInit
 .text.aptClearParamQueue
                0x001059fc       0x8c /opt/devkitpro/libctru/lib/libctru.a(apt.o)
 .text.aptMainLoop
                0x00105a88      0x214 /opt/devkitpro/libctru/lib/libctru.a(apt.o)
                0x00105a88                aptMainLoop
 .text.aptExit  0x00105c9c      0x148 /opt/devkitpro/libctru/lib/libctru.a(apt.o)
                0x00105c9c                aptExit
 .text.APT_CheckNew3DS
                0x00105de4       0x70 /opt/devkitpro/libctru/lib/libctru.a(apt.o)
                0x00105de4                APT_CheckNew3DS
 .text.gspEventThreadMain
                0x00105e54      0x160 /opt/devkitpro/libctru/lib/libctru.a(gspgpu.o)
 .text.gspInit  0x00105fb4       0x74 /opt/devkitpro/libctru/lib/libctru.a(gspgpu.o)
                0x00105fb4                gspInit
 .text.gspExit  0x00106028       0x3c /opt/devkitpro/libctru/lib/libctru.a(gspgpu.o)
                0x00106028                gspExit
 .text.gspInitEventHandler
                0x00106064       0x88 /opt/devkitpro/libctru/lib/libctru.a(gspgpu.o)
                0x00106064                gspInitEventHandler
 .text.gspExitEventHandler
                0x001060ec       0x30 /opt/devkitpro/libctru/lib/libctru.a(gspgpu.o)
                0x001060ec                gspExitEventHandler
 .text.gspWaitForEvent
                0x0010611c       0x44 /opt/devkitpro/libctru/lib/libctru.a(gspgpu.o)
                0x0010611c                gspWaitForEvent
 .text.GSPGPU_SetBufferSwap
                0x00106160       0x6c /opt/devkitpro/libctru/lib/libctru.a(gspgpu.o)
                0x00106160                GSPGPU_SetBufferSwap
 .text.GSPGPU_FlushDataCache
                0x001061cc       0x4c /opt/devkitpro/libctru/lib/libctru.a(gspgpu.o)
                0x001061cc                GSPGPU_FlushDataCache
 .text.GSPGPU_SetLcdForceBlack
                0x00106218       0x34 /opt/devkitpro/libctru/lib/libctru.a(gspgpu.o)
                0x00106218                GSPGPU_SetLcdForceBlack
 .text.GSPGPU_RegisterInterruptRelayQueue
                0x0010624c       0x64 /opt/devkitpro/libctru/lib/libctru.a(gspgpu.o)
                0x0010624c                GSPGPU_RegisterInterruptRelayQueue
 .text.GSPGPU_UnregisterInterruptRelayQueue
                0x001062b0       0x2c /opt/devkitpro/libctru/lib/libctru.a(gspgpu.o)
                0x001062b0                GSPGPU_UnregisterInterruptRelayQueue
 .text.GSPGPU_AcquireRight
                0x001062dc       0x48 /opt/devkitpro/libctru/lib/libctru.a(gspgpu.o)
                0x001062dc                GSPGPU_AcquireRight
 .text.GSPGPU_ReleaseRight
                0x00106324       0x2c /opt/devkitpro/libctru/lib/libctru.a(gspgpu.o)
                0x00106324                GSPGPU_ReleaseRight
 .text.GSPGPU_ImportDisplayCaptureInfo
                0x00106350       0x80 /opt/devkitpro/libctru/lib/libctru.a(gspgpu.o)
                0x00106350                GSPGPU_ImportDisplayCaptureInfo
 .text.GSPGPU_SaveVramSysArea
                0x001063d0       0x2c /opt/devkitpro/libctru/lib/libctru.a(gspgpu.o)
                0x001063d0                GSPGPU_SaveVramSysArea
 .text.GSPGPU_RestoreVramSysArea
                0x001063fc       0x2c /opt/devkitpro/libctru/lib/libctru.a(gspgpu.o)
                0x001063fc                GSPGPU_RestoreVramSysArea
 .text.cfguInit
                0x00106428       0xa0 /opt/devkitpro/libctru/lib/libctru.a(cfgu.o)
                0x00106428                cfguInit
 .text.cfguExit
                0x001064c8       0x34 /opt/devkitpro/libctru/lib/libctru.a(cfgu.o)
                0x001064c8                cfguExit
 .text.CFGU_SecureInfoGetRegion
                0x001064fc       0x38 /opt/devkitpro/libctru/lib/libctru.a(cfgu.o)
                0x001064fc                CFGU_SecureInfoGetRegion
 .text.CFGU_GetRegionCanadaUSA
                0x00106534       0x38 /opt/devkitpro/libctru/lib/libctru.a(cfgu.o)
                0x00106534                CFGU_GetRegionCanadaUSA
 .text.CFGU_GetSystemModel
                0x0010656c       0x38 /opt/devkitpro/libctru/lib/libctru.a(cfgu.o)
                0x0010656c                CFGU_GetSystemModel
 .text.CFGU_GetConfigInfoBlk2
                0x001065a4       0x48 /opt/devkitpro/libctru/lib/libctru.a(cfgu.o)
                0x001065a4                CFGU_GetConfigInfoBlk2
 .text.CFGU_GetSystemLanguage
                0x001065ec       0x14 /opt/devkitpro/libctru/lib/libctru.a(cfgu.o)
                0x001065ec                CFGU_GetSystemLanguage
 .text.irrstScanInput
                0x00106600       0xb0 /opt/devkitpro/libctru/lib/libctru.a(irrst.o)
                0x00106600                irrstScanInput
 .text.irrstKeysHeld
                0x001066b0       0x1c /opt/devkitpro/libctru/lib/libctru.a(irrst.o)
                0x001066b0                irrstKeysHeld
 .text.IRRST_GetHandles
                0x001066cc       0x50 /opt/devkitpro/libctru/lib/libctru.a(irrst.o)
                0x001066cc                IRRST_GetHandles
 .text.irrstInit
                0x0010671c      0x150 /opt/devkitpro/libctru/lib/libctru.a(irrst.o)
                0x0010671c                irrstInit
 .text.IRRST_Shutdown
                0x0010686c       0x2c /opt/devkitpro/libctru/lib/libctru.a(irrst.o)
                0x0010686c                IRRST_Shutdown
 .text.irrstExit
                0x00106898       0xac /opt/devkitpro/libctru/lib/libctru.a(irrst.o)
                0x00106898                irrstExit
 .text.utf8_to_utf16
                0x00106944       0xc0 /opt/devkitpro/libctru/lib/libctru.a(utf8_to_utf16.o)
                0x00106944                utf8_to_utf16
 .text.decode_utf8
                0x00106a04      0x138 /opt/devkitpro/libctru/lib/libctru.a(decode_utf8.o)
                0x00106a04                decode_utf8
 .text.utf16_to_utf8
                0x00106b3c       0xe8 /opt/devkitpro/libctru/lib/libctru.a(utf16_to_utf8.o)
                0x00106b3c                utf16_to_utf8
 .text.encode_utf8
                0x00106c24      0x104 /opt/devkitpro/libctru/lib/libctru.a(encode_utf8.o)
                0x00106c24                encode_utf8
 .text.encode_utf16
                0x00106d28       0x68 /opt/devkitpro/libctru/lib/libctru.a(encode_utf16.o)
                0x00106d28                encode_utf16
 .text.__system_initArgv
                0x00106d90       0xe8 /opt/devkitpro/libctru/lib/libctru.a(initArgv.o)
                0x00106d90                __system_initArgv
 .text.__libctru_init
                0x00106e78       0x38 /opt/devkitpro/libctru/lib/libctru.a(initSystem.o)
                0x00106e78                __libctru_init
 .text.svcControlMemory
                0x00106eb0       0x20 /opt/devkitpro/libctru/lib/libctru.a(svc.o)
                0x00106eb0                svcControlMemory
 .text.svcExitProcess
                0x00106ed0        0x8 /opt/devkitpro/libctru/lib/libctru.a(svc.o)
                0x00106ed0                svcExitProcess
 .text.svcCreateThread
                0x00106ed8       0x20 /opt/devkitpro/libctru/lib/libctru.a(svc.o)
                0x00106ed8                svcCreateThread
 .text.svcExitThread
                0x00106ef8        0x8 /opt/devkitpro/libctru/lib/libctru.a(svc.o)
                0x00106ef8                svcExitThread
 .text.svcSleepThread
                0x00106f00        0x8 /opt/devkitpro/libctru/lib/libctru.a(svc.o)
                0x00106f00                svcSleepThread
 .text.svcReleaseMutex
                0x00106f08        0x8 /opt/devkitpro/libctru/lib/libctru.a(svc.o)
                0x00106f08                svcReleaseMutex
 .text.svcCreateEvent
                0x00106f10       0x14 /opt/devkitpro/libctru/lib/libctru.a(svc.o)
                0x00106f10                svcCreateEvent
 .text.svcSignalEvent
                0x00106f24        0x8 /opt/devkitpro/libctru/lib/libctru.a(svc.o)
                0x00106f24                svcSignalEvent
 .text.svcClearEvent
                0x00106f2c        0x8 /opt/devkitpro/libctru/lib/libctru.a(svc.o)
                0x00106f2c                svcClearEvent
 .text.svcMapMemoryBlock
                0x00106f34        0x8 /opt/devkitpro/libctru/lib/libctru.a(svc.o)
                0x00106f34                svcMapMemoryBlock
 .text.svcUnmapMemoryBlock
                0x00106f3c        0x8 /opt/devkitpro/libctru/lib/libctru.a(svc.o)
                0x00106f3c                svcUnmapMemoryBlock
 .text.svcCreateAddressArbiter
                0x00106f44       0x14 /opt/devkitpro/libctru/lib/libctru.a(svc.o)
                0x00106f44                svcCreateAddressArbiter
 .text.svcArbitrateAddress
                0x00106f58       0x18 /opt/devkitpro/libctru/lib/libctru.a(svc.o)
                0x00106f58                svcArbitrateAddress
 .text.svcCloseHandle
                0x00106f70        0x8 /opt/devkitpro/libctru/lib/libctru.a(svc.o)
                0x00106f70                svcCloseHandle
 .text.svcWaitSynchronization
                0x00106f78        0x8 /opt/devkitpro/libctru/lib/libctru.a(svc.o)
                0x00106f78                svcWaitSynchronization
 .text.svcWaitSynchronizationN
                0x00106f80       0x28 /opt/devkitpro/libctru/lib/libctru.a(svc.o)
                0x00106f80                svcWaitSynchronizationN
 .text.svcDuplicateHandle
                0x00106fa8       0x14 /opt/devkitpro/libctru/lib/libctru.a(svc.o)
                0x00106fa8                svcDuplicateHandle
 .text.svcGetSystemTick
                0x00106fbc        0x8 /opt/devkitpro/libctru/lib/libctru.a(svc.o)
                0x00106fbc                svcGetSystemTick
 .text.svcGetSystemInfo
                0x00106fc4       0x18 /opt/devkitpro/libctru/lib/libctru.a(svc.o)
                0x00106fc4                svcGetSystemInfo
 .text.svcConnectToPort
                0x00106fdc       0x14 /opt/devkitpro/libctru/lib/libctru.a(svc.o)
                0x00106fdc                svcConnectToPort
 .text.svcSendSyncRequest
                0x00106ff0        0x8 /opt/devkitpro/libctru/lib/libctru.a(svc.o)
                0x00106ff0                svcSendSyncRequest
 .text.svcBreak
                0x00106ff8        0x8 /opt/devkitpro/libctru/lib/libctru.a(svc.o)
                0x00106ff8                svcBreak
 .text.svcOutputDebugString
                0x00107000        0x8 /opt/devkitpro/libctru/lib/libctru.a(svc.o)
                0x00107000                svcOutputDebugString
 .text._ZL21addrMapNodeComparatorPK11rbtree_nodeS1_
                0x00107008       0x24 /opt/devkitpro/libctru/lib/libctru.a(linear.o)
 .text._ZL21addrMapNodeDestructorP11rbtree_node
                0x0010702c        0x4 /opt/devkitpro/libctru/lib/libctru.a(linear.o)
 .text.linearMemAlign
                0x00107030      0x13c /opt/devkitpro/libctru/lib/libctru.a(linear.o)
                0x00107030                linearMemAlign
 .text.linearAlloc
                0x0010716c        0x8 /opt/devkitpro/libctru/lib/libctru.a(linear.o)
                0x0010716c                linearAlloc
 .text.linearFree
                0x00107174       0x50 /opt/devkitpro/libctru/lib/libctru.a(linear.o)
                0x00107174                linearFree
 .text._ZL21addrMapNodeComparatorPK11rbtree_nodeS1_
                0x001071c4       0x24 /opt/devkitpro/libctru/lib/libctru.a(mappable.o)
 .text._ZL21addrMapNodeDestructorP11rbtree_node
                0x001071e8        0x4 /opt/devkitpro/libctru/lib/libctru.a(mappable.o)
 .text.mappableAlloc
                0x001071ec       0xf4 /opt/devkitpro/libctru/lib/libctru.a(mappable.o)
                0x001071ec                mappableAlloc
 .text.mappableFree
                0x001072e0       0x50 /opt/devkitpro/libctru/lib/libctru.a(mappable.o)
                0x001072e0                mappableFree
 .text._ZL21addrMapNodeComparatorPK11rbtree_nodeS1_
                0x00107330       0x24 /opt/devkitpro/libctru/lib/libctru.a(vram.o)
 .text._ZL21addrMapNodeDestructorP11rbtree_node
                0x00107354        0x4 /opt/devkitpro/libctru/lib/libctru.a(vram.o)
 .text.vramMemAlign
                0x00107358      0x12c /opt/devkitpro/libctru/lib/libctru.a(vram.o)
                0x00107358                vramMemAlign
 .text.vramAlloc
                0x00107484        0x8 /opt/devkitpro/libctru/lib/libctru.a(vram.o)
                0x00107484                vramAlloc
 .text.vramFree
                0x0010748c       0x50 /opt/devkitpro/libctru/lib/libctru.a(vram.o)
                0x0010748c                vramFree
 .text.threadCreate
                0x001074dc      0x1bc /opt/devkitpro/libctru/lib/libctru.a(thread.o)
                0x001074dc                threadCreate
 .text.threadJoin
                0x00107698       0x24 /opt/devkitpro/libctru/lib/libctru.a(thread.o)
                0x00107698                threadJoin
 .text.threadExit
                0x001076bc       0x70 /opt/devkitpro/libctru/lib/libctru.a(thread.o)
                0x001076bc                threadExit
 .text._thread_begin
                0x0010772c       0x40 /opt/devkitpro/libctru/lib/libctru.a(thread.o)
 .text.srvExit  0x0010776c       0x50 /opt/devkitpro/libctru/lib/libctru.a(srv.o)
                0x0010776c                srvExit
 .text.srvRegisterClient
                0x001077bc       0x38 /opt/devkitpro/libctru/lib/libctru.a(srv.o)
                0x001077bc                srvRegisterClient
 .text.srvInit  0x001077f4       0x78 /opt/devkitpro/libctru/lib/libctru.a(srv.o)
                0x001077f4                srvInit
 .text.srvGetServiceHandleDirect
                0x0010786c       0x68 /opt/devkitpro/libctru/lib/libctru.a(srv.o)
                0x0010786c                srvGetServiceHandleDirect
 .text.srvGetServiceHandle
                0x001078d4       0x38 /opt/devkitpro/libctru/lib/libctru.a(srv.o)
                0x001078d4                srvGetServiceHandle
 .text.getSysTime
                0x0010790c       0x58 /opt/devkitpro/libctru/lib/libctru.a(os.o)
 .text.osGetMemRegionUsed
                0x00107964       0x24 /opt/devkitpro/libctru/lib/libctru.a(os.o)
                0x00107964                osGetMemRegionUsed
 .text.__libctru_gtod
                0x00107988       0xf4 /opt/devkitpro/libctru/lib/libctru.a(os.o)
                0x00107988                __libctru_gtod
 .text.__ctru_speedup_config
                0x00107a7c       0x34 /opt/devkitpro/libctru/lib/libctru.a(os.o)
                0x00107a7c                __ctru_speedup_config
 .text.envGetHandle
                0x00107ab0       0x84 /opt/devkitpro/libctru/lib/libctru.a(env.o)
                0x00107ab0                envGetHandle
 .text.envDestroyHandles
                0x00107b34       0x4c /opt/devkitpro/libctru/lib/libctru.a(env.o)
                0x00107b34                envDestroyHandles
 .text.LightLock_Unlock.part.1
                0x00107b80       0x34 /opt/devkitpro/libctru/lib/libctru.a(synchronization.o)
 .text.__sync_init
                0x00107bb4        0xc /opt/devkitpro/libctru/lib/libctru.a(synchronization.o)
                0x00107bb4                __sync_init
 .text.__sync_fini
                0x00107bc0       0x18 /opt/devkitpro/libctru/lib/libctru.a(synchronization.o)
                0x00107bc0                __sync_fini
 .text.__sync_get_arbiter
                0x00107bd8       0x10 /opt/devkitpro/libctru/lib/libctru.a(synchronization.o)
                0x00107bd8                __sync_get_arbiter
 .text.LightLock_Init
                0x00107be8       0x18 /opt/devkitpro/libctru/lib/libctru.a(synchronization.o)
                0x00107be8                LightLock_Init
 .text.LightLock_Lock
                0x00107c00       0xa0 /opt/devkitpro/libctru/lib/libctru.a(synchronization.o)
                0x00107c00                LightLock_Lock
 .text.LightLock_TryLock
                0x00107ca0       0x34 /opt/devkitpro/libctru/lib/libctru.a(synchronization.o)
                0x00107ca0                LightLock_TryLock
 .text.LightLock_Unlock
                0x00107cd4       0x20 /opt/devkitpro/libctru/lib/libctru.a(synchronization.o)
                0x00107cd4                LightLock_Unlock
 .text.RecursiveLock_Init
                0x00107cf4       0x24 /opt/devkitpro/libctru/lib/libctru.a(synchronization.o)
                0x00107cf4                RecursiveLock_Init
 .text.RecursiveLock_Lock
                0x00107d18       0x30 /opt/devkitpro/libctru/lib/libctru.a(synchronization.o)
                0x00107d18                RecursiveLock_Lock
 .text.RecursiveLock_TryLock
                0x00107d48       0x58 /opt/devkitpro/libctru/lib/libctru.a(synchronization.o)
                0x00107d48                RecursiveLock_TryLock
 .text.RecursiveLock_Unlock
                0x00107da0       0x38 /opt/devkitpro/libctru/lib/libctru.a(synchronization.o)
                0x00107da0                RecursiveLock_Unlock
 .text.LightEvent_Init
                0x00107dd8       0x38 /opt/devkitpro/libctru/lib/libctru.a(synchronization.o)
                0x00107dd8                LightEvent_Init
 .text.LightEvent_Clear
                0x00107e10       0x7c /opt/devkitpro/libctru/lib/libctru.a(synchronization.o)
                0x00107e10                LightEvent_Clear
 .text.LightEvent_Signal
                0x00107e8c       0xdc /opt/devkitpro/libctru/lib/libctru.a(synchronization.o)
                0x00107e8c                LightEvent_Signal
 .text.LightEvent_Wait
                0x00107f68       0xd0 /opt/devkitpro/libctru/lib/libctru.a(synchronization.o)
                0x00107f68                LightEvent_Wait
 .text.ptmSysmInit
                0x00108038       0x70 /opt/devkitpro/libctru/lib/libctru.a(ptmsysm.o)
                0x00108038                ptmSysmInit
 .text.ptmSysmExit
                0x001080a8       0x34 /opt/devkitpro/libctru/lib/libctru.a(ptmsysm.o)
                0x001080a8                ptmSysmExit
 .text.PTMSYSM_ConfigureNew3DSCPU
                0x001080dc       0x34 /opt/devkitpro/libctru/lib/libctru.a(ptmsysm.o)
                0x001080dc                PTMSYSM_ConfigureNew3DSCPU
 .text.rbtree_find
                0x00108110       0x70 /opt/devkitpro/libctru/lib/libctru.a(rbtree_find.o)
                0x00108110                rbtree_find
 .text.rbtree_remove
                0x00108180      0x324 /opt/devkitpro/libctru/lib/libctru.a(rbtree_remove.o)
                0x00108180                rbtree_remove
 .text.rbtree_node_next
                0x001084a4       0x74 /opt/devkitpro/libctru/lib/libctru.a(rbtree_iterator.o)
                0x001084a4                rbtree_node_next
 .text.rbtree_rotate
                0x00108518       0x94 /opt/devkitpro/libctru/lib/libctru.a(rbtree_rotate.o)
                0x00108518                rbtree_rotate
 .text.do_insert
                0x001085ac      0x18c /opt/devkitpro/libctru/lib/libctru.a(rbtree_insert.o)
 .text.rbtree_insert
                0x00108738        0x8 /opt/devkitpro/libctru/lib/libctru.a(rbtree_insert.o)
                0x00108738                rbtree_insert
 .text.rbtree_init
                0x00108740       0x14 /opt/devkitpro/libctru/lib/libctru.a(rbtree_init.o)
                0x00108740                rbtree_init
 .text.decode_utf16
                0x00108754       0x60 /opt/devkitpro/libctru/lib/libctru.a(decode_utf16.o)
                0x00108754                decode_utf16
 .text.__libctru_exit
                0x001087b4       0xa4 /opt/devkitpro/libctru/lib/libctru.a(ctru_exit.o)
                0x001087b4                __libctru_exit
 .text.__appExit
                0x00108858       0x1c /opt/devkitpro/libctru/lib/libctru.a(appExit.o)
                0x00108858                __appExit
 .text.osGetMemRegionSize
                0x00108874       0x58 /opt/devkitpro/libctru/lib/libctru.a(allocateHeaps.o)
 .text.__system_allocateHeaps
                0x001088cc      0x104 /opt/devkitpro/libctru/lib/libctru.a(allocateHeaps.o)
                0x001088cc                __system_allocateHeaps
 .text.__ctru_get_reent
                0x001089d0       0x30 /opt/devkitpro/libctru/lib/libctru.a(syscalls.o)
 .text.__system_initSyscalls
                0x00108a00       0xe4 /opt/devkitpro/libctru/lib/libctru.a(syscalls.o)
                0x00108a00                __system_initSyscalls
 .text.__appInit
                0x00108ae4       0x1c /opt/devkitpro/libctru/lib/libctru.a(appInit.o)
                0x00108ae4                __appInit
 .text._ZN7MemPool13CoalesceRightEP8MemBlock
                0x00108b00       0x98 /opt/devkitpro/libctru/lib/libctru.a(mem_pool.o)
                0x00108b00                MemPool::CoalesceRight(MemBlock*)
 .text._ZN7MemPool8AllocateER8MemChunkmi
                0x00108b98      0x178 /opt/devkitpro/libctru/lib/libctru.a(mem_pool.o)
                0x00108b98                MemPool::Allocate(MemChunk&, unsigned long, int)
 .text._ZN7MemPool10DeallocateERK8MemChunk
                0x00108d10      0x100 /opt/devkitpro/libctru/lib/libctru.a(mem_pool.o)
                0x00108d10                MemPool::Deallocate(MemChunk const&)
 .text.sdmc_link
                0x00108e10       0x10 /opt/devkitpro/libctru/lib/libctru.a(sdmc_dev.o)
 .text.sdmc_dirreset
                0x00108e20       0x10 /opt/devkitpro/libctru/lib/libctru.a(sdmc_dev.o)
 .text.sdmc_fchmod
                0x00108e30       0x10 /opt/devkitpro/libctru/lib/libctru.a(sdmc_dev.o)
 .text.error_cmp
                0x00108e40       0x24 /opt/devkitpro/libctru/lib/libctru.a(sdmc_dev.o)
 .text.sdmc_translate_error
                0x00108e64       0x50 /opt/devkitpro/libctru/lib/libctru.a(sdmc_dev.o)
 .text.sdmc_fsync
                0x00108eb4       0x34 /opt/devkitpro/libctru/lib/libctru.a(sdmc_dev.o)
 .text.sdmc_ftruncate
                0x00108ee8       0x54 /opt/devkitpro/libctru/lib/libctru.a(sdmc_dev.o)
 .text.sdmc_statvfs
                0x00108f3c       0xb8 /opt/devkitpro/libctru/lib/libctru.a(sdmc_dev.o)
 .text.sdmc_dirclose
                0x00108ff4       0x38 /opt/devkitpro/libctru/lib/libctru.a(sdmc_dev.o)
 .text.sdmc_dirnext
                0x0010902c      0x138 /opt/devkitpro/libctru/lib/libctru.a(sdmc_dev.o)
 .text.sdmc_close
                0x00109164       0x34 /opt/devkitpro/libctru/lib/libctru.a(sdmc_dev.o)
 .text.sdmc_fstat
                0x00109198       0x74 /opt/devkitpro/libctru/lib/libctru.a(sdmc_dev.o)
 .text.sdmc_seek
                0x0010920c       0xd8 /opt/devkitpro/libctru/lib/libctru.a(sdmc_dev.o)
 .text.sdmc_read
                0x001092e4       0x84 /opt/devkitpro/libctru/lib/libctru.a(sdmc_dev.o)
 .text.sdmc_write_safe
                0x00109368      0x110 /opt/devkitpro/libctru/lib/libctru.a(sdmc_dev.o)
 .text.sdmc_utf16path
                0x00109478      0x1b4 /opt/devkitpro/libctru/lib/libctru.a(sdmc_dev.o)
 .text.sdmc_rmdir
                0x0010962c       0x74 /opt/devkitpro/libctru/lib/libctru.a(sdmc_dev.o)
 .text.sdmc_diropen
                0x001096a0       0xa4 /opt/devkitpro/libctru/lib/libctru.a(sdmc_dev.o)
 .text.sdmc_chdir
                0x00109744       0xa0 /opt/devkitpro/libctru/lib/libctru.a(sdmc_dev.o)
 .text.sdmc_mkdir
                0x001097e4       0x98 /opt/devkitpro/libctru/lib/libctru.a(sdmc_dev.o)
 .text.sdmc_rename
                0x0010987c      0x108 /opt/devkitpro/libctru/lib/libctru.a(sdmc_dev.o)
 .text.sdmc_unlink
                0x00109984       0x74 /opt/devkitpro/libctru/lib/libctru.a(sdmc_dev.o)
 .text.sdmc_stat
                0x001099f8      0x108 /opt/devkitpro/libctru/lib/libctru.a(sdmc_dev.o)
 .text.sdmc_open
                0x00109b00      0x188 /opt/devkitpro/libctru/lib/libctru.a(sdmc_dev.o)
 .text.sdmc_chmod
                0x00109c88       0x10 /opt/devkitpro/libctru/lib/libctru.a(sdmc_dev.o)
 .text.sdmcInit
                0x00109c98      0x15c /opt/devkitpro/libctru/lib/libctru.a(sdmc_dev.o)
                0x00109c98                sdmcInit
 .text.sdmcExit
                0x00109df4       0x58 /opt/devkitpro/libctru/lib/libctru.a(sdmc_dev.o)
                0x00109df4                sdmcExit
 .text.__aeabi_read_tp
                0x00109e4c        0xc /opt/devkitpro/libctru/lib/libctru.a(readtp.o)
                0x00109e4c                __aeabi_read_tp
 .text.__udivmoddi4
                0x00109e58      0x128 /opt/devkitpro/devkitARM/lib/gcc/arm-none-eabi/6.3.0/armv6k/fpu/libgcc.a(_udivmoddi4.o)
                0x00109e58                __udivmoddi4
 .text.bsearch  0x00109f80       0x74 /opt/devkitpro/devkitARM/lib/gcc/arm-none-eabi/6.3.0/../../../../arm-none-eabi/lib/armv6k/fpu/libg.a(lib_a-bsearch.o)
                0x00109f80                bsearch
 .text.calloc   0x00109ff4       0x20 /opt/devkitpro/devkitARM/lib/gcc/arm-none-eabi/6.3.0/../../../../arm-none-eabi/lib/armv6k/fpu/libg.a(lib_a-calloc.o)
                0x00109ff4                calloc
 .text._calloc_r
                0x0010a014       0x90 /opt/devkitpro/devkitARM/lib/gcc/arm-none-eabi/6.3.0/../../../../arm-none-eabi/lib/armv6k/fpu/libg.a(lib_a-callocr.o)
                0x0010a014                _calloc_r
 .text.__errno  0x0010a0a4        0xc /opt/devkitpro/devkitARM/lib/gcc/arm-none-eabi/6.3.0/../../../../arm-none-eabi/lib/armv6k/fpu/libg.a(lib_a-errno.o)
                0x0010a0a4                __errno
 .text._fclose_r
                0x0010a0b0      0x154 /opt/devkitpro/devkitARM/lib/gcc/arm-none-eabi/6.3.0/../../../../arm-none-eabi/lib/armv6k/fpu/libg.a(lib_a-fclose.o)
                0x0010a0b0                _fclose_r
 .text.fclose   0x0010a204       0x18 /opt/devkitpro/devkitARM/lib/gcc/arm-none-eabi/6.3.0/../../../../arm-none-eabi/lib/armv6k/fpu/libg.a(lib_a-fclose.o)
                0x0010a204                fclose
 .text.__sflush_r
                0x0010a21c      0x254 /opt/devkitpro/devkitARM/lib/gcc/arm-none-eabi/6.3.0/../../../../arm-none-eabi/lib/armv6k/fpu/libg.a(lib_a-fflush.o)
                0x0010a21c                __sflush_r
 .text._fflush_r
                0x0010a470       0x94 /opt/devkitpro/devkitARM/lib/gcc/arm-none-eabi/6.3.0/../../../../arm-none-eabi/lib/armv6k/fpu/libg.a(lib_a-fflush.o)
                0x0010a470                _fflush_r
 .text.fflush   0x0010a504       0x38 /opt/devkitpro/devkitARM/lib/gcc/arm-none-eabi/6.3.0/../../../../arm-none-eabi/lib/armv6k/fpu/libg.a(lib_a-fflush.o)
                0x0010a504                fflush
 .text._cleanup_r
                0x0010a53c        0xc /opt/devkitpro/devkitARM/lib/gcc/arm-none-eabi/6.3.0/../../../../arm-none-eabi/lib/armv6k/fpu/libg.a(lib_a-findfp.o)
                0x0010a53c                _cleanup_r
 .text.std.isra.0
                0x0010a548       0x80 /opt/devkitpro/devkitARM/lib/gcc/arm-none-eabi/6.3.0/../../../../arm-none-eabi/lib/armv6k/fpu/libg.a(lib_a-findfp.o)
 .text.__sfmoreglue
                0x0010a5c8       0x48 /opt/devkitpro/devkitARM/lib/gcc/arm-none-eabi/6.3.0/../../../../arm-none-eabi/lib/armv6k/fpu/libg.a(lib_a-findfp.o)
                0x0010a5c8                __sfmoreglue
 .text.__sinit  0x0010a610       0x8c /opt/devkitpro/devkitARM/lib/gcc/arm-none-eabi/6.3.0/../../../../arm-none-eabi/lib/armv6k/fpu/libg.a(lib_a-findfp.o)
                0x0010a610                __sinit
 .text.__sfp    0x0010a69c      0x118 /opt/devkitpro/devkitARM/lib/gcc/arm-none-eabi/6.3.0/../../../../arm-none-eabi/lib/armv6k/fpu/libg.a(lib_a-findfp.o)
                0x0010a69c                __sfp
 .text.__sfp_lock_acquire
                0x0010a7b4        0xc /opt/devkitpro/devkitARM/lib/gcc/arm-none-eabi/6.3.0/../../../../arm-none-eabi/lib/armv6k/fpu/libg.a(lib_a-findfp.o)
                0x0010a7b4                __sfp_lock_acquire
 .text.__sfp_lock_release
                0x0010a7c0        0xc /opt/devkitpro/devkitARM/lib/gcc/arm-none-eabi/6.3.0/../../../../arm-none-eabi/lib/armv6k/fpu/libg.a(lib_a-findfp.o)
                0x0010a7c0                __sfp_lock_release
 .text.__libc_fini_array
                0x0010a7cc       0x40 /opt/devkitpro/devkitARM/lib/gcc/arm-none-eabi/6.3.0/../../../../arm-none-eabi/lib/armv6k/fpu/libg.a(lib_a-fini.o)
                0x0010a7cc                __libc_fini_array
 .text._fopen_r
                0x0010a80c      0x148 /opt/devkitpro/devkitARM/lib/gcc/arm-none-eabi/6.3.0/../../../../arm-none-eabi/lib/armv6k/fpu/libg.a(lib_a-fopen.o)
                0x0010a80c                _fopen_r
 .text.fopen    0x0010a954       0x20 /opt/devkitpro/devkitARM/lib/gcc/arm-none-eabi/6.3.0/../../../../arm-none-eabi/lib/armv6k/fpu/libg.a(lib_a-fopen.o)
                0x0010a954                fopen
 .text._fread_r
                0x0010a974      0x2d4 /opt/devkitpro/devkitARM/lib/gcc/arm-none-eabi/6.3.0/../../../../arm-none-eabi/lib/armv6k/fpu/libg.a(lib_a-fread.o)
                0x0010a974                _fread_r
 .text.fread    0x0010ac48       0x38 /opt/devkitpro/devkitARM/lib/gcc/arm-none-eabi/6.3.0/../../../../arm-none-eabi/lib/armv6k/fpu/libg.a(lib_a-fread.o)
                0x0010ac48                fread
 .text._malloc_trim_r
                0x0010ac80       0xf8 /opt/devkitpro/devkitARM/lib/gcc/arm-none-eabi/6.3.0/../../../../arm-none-eabi/lib/armv6k/fpu/libg.a(lib_a-freer.o)
                0x0010ac80                _malloc_trim_r
 .text._free_r  0x0010ad78      0x2e4 /opt/devkitpro/devkitARM/lib/gcc/arm-none-eabi/6.3.0/../../../../arm-none-eabi/lib/armv6k/fpu/libg.a(lib_a-freer.o)
                0x0010ad78                _free_r
 .text._fseek_r
                0x0010b05c        0x4 /opt/devkitpro/devkitARM/lib/gcc/arm-none-eabi/6.3.0/../../../../arm-none-eabi/lib/armv6k/fpu/libg.a(lib_a-fseek.o)
                0x0010b05c                _fseek_r
 .text._fseeko_r
                0x0010b060      0x5d4 /opt/devkitpro/devkitARM/lib/gcc/arm-none-eabi/6.3.0/../../../../arm-none-eabi/lib/armv6k/fpu/libg.a(lib_a-fseeko.o)
                0x0010b060                _fseeko_r
 .text._fwalk   0x0010b634       0x78 /opt/devkitpro/devkitARM/lib/gcc/arm-none-eabi/6.3.0/../../../../arm-none-eabi/lib/armv6k/fpu/libg.a(lib_a-fwalk.o)
                0x0010b634                _fwalk
 .text._fwalk_reent
                0x0010b6ac       0x80 /opt/devkitpro/devkitARM/lib/gcc/arm-none-eabi/6.3.0/../../../../arm-none-eabi/lib/armv6k/fpu/libg.a(lib_a-fwalk.o)
                0x0010b6ac                _fwalk_reent
 .text.__libc_init_array
                0x0010b72c       0x78 /opt/devkitpro/devkitARM/lib/gcc/arm-none-eabi/6.3.0/../../../../arm-none-eabi/lib/armv6k/fpu/libg.a(lib_a-init.o)
                0x0010b72c                __libc_init_array
 .text.__swhatbuf_r
                0x0010b7a4       0x94 /opt/devkitpro/devkitARM/lib/gcc/arm-none-eabi/6.3.0/../../../../arm-none-eabi/lib/armv6k/fpu/libg.a(lib_a-makebuf.o)
                0x0010b7a4                __swhatbuf_r
 .text.__smakebuf_r
                0x0010b838       0xf4 /opt/devkitpro/devkitARM/lib/gcc/arm-none-eabi/6.3.0/../../../../arm-none-eabi/lib/armv6k/fpu/libg.a(lib_a-makebuf.o)
                0x0010b838                __smakebuf_r
 .text.memalign
                0x0010b92c       0x20 /opt/devkitpro/devkitARM/lib/gcc/arm-none-eabi/6.3.0/../../../../arm-none-eabi/lib/armv6k/fpu/libg.a(lib_a-malign.o)
                0x0010b92c                memalign
 .text._memalign_r
                0x0010b94c      0x158 /opt/devkitpro/devkitARM/lib/gcc/arm-none-eabi/6.3.0/../../../../arm-none-eabi/lib/armv6k/fpu/libg.a(lib_a-malignr.o)
                0x0010b94c                _memalign_r
 .text.malloc   0x0010baa4       0x18 /opt/devkitpro/devkitARM/lib/gcc/arm-none-eabi/6.3.0/../../../../arm-none-eabi/lib/armv6k/fpu/libg.a(lib_a-malloc.o)
                0x0010baa4                malloc
 .text.free     0x0010babc       0x18 /opt/devkitpro/devkitARM/lib/gcc/arm-none-eabi/6.3.0/../../../../arm-none-eabi/lib/armv6k/fpu/libg.a(lib_a-malloc.o)
                0x0010babc                free
 .text._malloc_r
                0x0010bad4      0x78c /opt/devkitpro/devkitARM/lib/gcc/arm-none-eabi/6.3.0/../../../../arm-none-eabi/lib/armv6k/fpu/libg.a(lib_a-mallocr.o)
                0x0010bad4                _malloc_r
 .text.memchr   0x0010c260      0x104 /opt/devkitpro/devkitARM/lib/gcc/arm-none-eabi/6.3.0/../../../../arm-none-eabi/lib/armv6k/fpu/libg.a(lib_a-memchr-stub.o)
                0x0010c260                memchr
 .text.memcmp   0x0010c364       0xe8 /opt/devkitpro/devkitARM/lib/gcc/arm-none-eabi/6.3.0/../../../../arm-none-eabi/lib/armv6k/fpu/libg.a(lib_a-memcmp.o)
                0x0010c364                memcmp
 .text.memcpy   0x0010c44c      0x114 /opt/devkitpro/devkitARM/lib/gcc/arm-none-eabi/6.3.0/../../../../arm-none-eabi/lib/armv6k/fpu/libg.a(lib_a-memcpy-stub.o)
                0x0010c44c                memcpy
 .text.memset   0x0010c560      0x110 /opt/devkitpro/devkitARM/lib/gcc/arm-none-eabi/6.3.0/../../../../arm-none-eabi/lib/armv6k/fpu/libg.a(lib_a-memset.o)
                0x0010c560                memset
 .text.__malloc_lock
                0x0010c670        0xc /opt/devkitpro/devkitARM/lib/gcc/arm-none-eabi/6.3.0/../../../../arm-none-eabi/lib/armv6k/fpu/libg.a(lib_a-mlock.o)
                0x0010c670                __malloc_lock
 .text.__malloc_unlock
                0x0010c67c        0xc /opt/devkitpro/devkitARM/lib/gcc/arm-none-eabi/6.3.0/../../../../arm-none-eabi/lib/armv6k/fpu/libg.a(lib_a-mlock.o)
                0x0010c67c                __malloc_unlock
 .text.printf   0x0010c688       0x38 /opt/devkitpro/devkitARM/lib/gcc/arm-none-eabi/6.3.0/../../../../arm-none-eabi/lib/armv6k/fpu/libg.a(lib_a-printf.o)
                0x0010c688                printf
 .text._puts_r  0x0010c6c0       0xe0 /opt/devkitpro/devkitARM/lib/gcc/arm-none-eabi/6.3.0/../../../../arm-none-eabi/lib/armv6k/fpu/libg.a(lib_a-puts.o)
                0x0010c6c0                _puts_r
 .text.puts     0x0010c7a0       0x18 /opt/devkitpro/devkitARM/lib/gcc/arm-none-eabi/6.3.0/../../../../arm-none-eabi/lib/armv6k/fpu/libg.a(lib_a-puts.o)
                0x0010c7a0                puts
 .text.rand     0x0010c7b8       0x44 /opt/devkitpro/devkitARM/lib/gcc/arm-none-eabi/6.3.0/../../../../arm-none-eabi/lib/armv6k/fpu/libg.a(lib_a-rand.o)
                0x0010c7b8                rand
 .text.lflush   0x0010c7fc       0x1c /opt/devkitpro/devkitARM/lib/gcc/arm-none-eabi/6.3.0/../../../../arm-none-eabi/lib/armv6k/fpu/libg.a(lib_a-refill.o)
 .text.__srefill_r
                0x0010c818      0x1b4 /opt/devkitpro/devkitARM/lib/gcc/arm-none-eabi/6.3.0/../../../../arm-none-eabi/lib/armv6k/fpu/libg.a(lib_a-refill.o)
                0x0010c818                __srefill_r
 .text.setvbuf  0x0010c9cc      0x258 /opt/devkitpro/devkitARM/lib/gcc/arm-none-eabi/6.3.0/../../../../arm-none-eabi/lib/armv6k/fpu/libg.a(lib_a-setvbuf.o)
                0x0010c9cc                setvbuf
 .text.sscanf   0x0010cc24       0x74 /opt/devkitpro/devkitARM/lib/gcc/arm-none-eabi/6.3.0/../../../../arm-none-eabi/lib/armv6k/fpu/libg.a(lib_a-sscanf.o)
                0x0010cc24                sscanf
 .text.__sread  0x0010cc98       0x3c /opt/devkitpro/devkitARM/lib/gcc/arm-none-eabi/6.3.0/../../../../arm-none-eabi/lib/armv6k/fpu/libg.a(lib_a-stdio.o)
                0x0010cc98                __sread
 .text.__seofread
                0x0010ccd4        0x8 /opt/devkitpro/devkitARM/lib/gcc/arm-none-eabi/6.3.0/../../../../arm-none-eabi/lib/armv6k/fpu/libg.a(lib_a-stdio.o)
                0x0010ccd4                __seofread
 .text.__swrite
                0x0010ccdc       0x64 /opt/devkitpro/devkitARM/lib/gcc/arm-none-eabi/6.3.0/../../../../arm-none-eabi/lib/armv6k/fpu/libg.a(lib_a-stdio.o)
                0x0010ccdc                __swrite
 .text.__sseek  0x0010cd40       0x4c /opt/devkitpro/devkitARM/lib/gcc/arm-none-eabi/6.3.0/../../../../arm-none-eabi/lib/armv6k/fpu/libg.a(lib_a-stdio.o)
                0x0010cd40                __sseek
 .text.__sclose
                0x0010cd8c        0x8 /opt/devkitpro/devkitARM/lib/gcc/arm-none-eabi/6.3.0/../../../../arm-none-eabi/lib/armv6k/fpu/libg.a(lib_a-stdio.o)
                0x0010cd8c                __sclose
 .text.strchr   0x0010cd94      0x1ac /opt/devkitpro/devkitARM/lib/gcc/arm-none-eabi/6.3.0/../../../../arm-none-eabi/lib/armv6k/fpu/libg.a(lib_a-strchr.o)
                0x0010cd94                strchr
 .text.strlen   0x0010cf40       0x5c /opt/devkitpro/devkitARM/lib/gcc/arm-none-eabi/6.3.0/../../../../arm-none-eabi/lib/armv6k/fpu/libg.a(lib_a-strlen-stub.o)
                0x0010cf40                strlen
 .text.strncat  0x0010cf9c       0x9c /opt/devkitpro/devkitARM/lib/gcc/arm-none-eabi/6.3.0/../../../../arm-none-eabi/lib/armv6k/fpu/libg.a(lib_a-strncat.o)
                0x0010cf9c                strncat
 .text.strncmp  0x0010d038      0x108 /opt/devkitpro/devkitARM/lib/gcc/arm-none-eabi/6.3.0/../../../../arm-none-eabi/lib/armv6k/fpu/libg.a(lib_a-strncmp.o)
                0x0010d038                strncmp
 .text.strncpy  0x0010d140       0xd8 /opt/devkitpro/devkitARM/lib/gcc/arm-none-eabi/6.3.0/../../../../arm-none-eabi/lib/armv6k/fpu/libg.a(lib_a-strncpy.o)
                0x0010d140                strncpy
 .text.get_arg  0x0010d218     0x1624 /opt/devkitpro/devkitARM/lib/gcc/arm-none-eabi/6.3.0/../../../../arm-none-eabi/lib/armv6k/fpu/libg.a(lib_a-svfprintf.o)
 *fill*         0x0010e83c        0x4 
 .text._svfprintf_r
                0x0010e840     0x41c4 /opt/devkitpro/devkitARM/lib/gcc/arm-none-eabi/6.3.0/../../../../arm-none-eabi/lib/armv6k/fpu/libg.a(lib_a-svfprintf.o)
                0x0010e840                _svfprintf_r
 .text.__ssvfscanf_r
                0x00112a04     0x290c /opt/devkitpro/devkitARM/lib/gcc/arm-none-eabi/6.3.0/../../../../arm-none-eabi/lib/armv6k/fpu/libg.a(lib_a-svfscanf.o)
                0x00112a04                __ssvfscanf_r
 .text.__sprint_r.part.0
                0x00115310       0x1c /opt/devkitpro/devkitARM/lib/gcc/arm-none-eabi/6.3.0/../../../../arm-none-eabi/lib/armv6k/fpu/libg.a(lib_a-vfiprintf.o)
 .text.__sprint_r
                0x0011532c       0x1c /opt/devkitpro/devkitARM/lib/gcc/arm-none-eabi/6.3.0/../../../../arm-none-eabi/lib/armv6k/fpu/libg.a(lib_a-vfiprintf.o)
                0x0011532c                __sprint_r
 .text.get_arg  0x00115348     0x1624 /opt/devkitpro/devkitARM/lib/gcc/arm-none-eabi/6.3.0/../../../../arm-none-eabi/lib/armv6k/fpu/libg.a(lib_a-vfprintf.o)
 *fill*         0x0011696c        0x4 
 .text._vfprintf_r
                0x00116970     0x4314 /opt/devkitpro/devkitARM/lib/gcc/arm-none-eabi/6.3.0/../../../../arm-none-eabi/lib/armv6k/fpu/libg.a(lib_a-vfprintf.o)
                0x00116970                _vfprintf_r
 .text.__sbprintf
                0x0011ac84       0xcc /opt/devkitpro/devkitARM/lib/gcc/arm-none-eabi/6.3.0/../../../../arm-none-eabi/lib/armv6k/fpu/libg.a(lib_a-vfprintf.o)
 .text._wcrtomb_r
                0x0011ad50       0xa0 /opt/devkitpro/devkitARM/lib/gcc/arm-none-eabi/6.3.0/../../../../arm-none-eabi/lib/armv6k/fpu/libg.a(lib_a-wcrtomb.o)
                0x0011ad50                _wcrtomb_r
 .text._wcsrtombs_r
                0x0011adf0       0x20 /opt/devkitpro/devkitARM/lib/gcc/arm-none-eabi/6.3.0/../../../../arm-none-eabi/lib/armv6k/fpu/libg.a(lib_a-wcsrtombs.o)
                0x0011adf0                _wcsrtombs_r
 .text.__swsetup_r
                0x0011ae10      0x144 /opt/devkitpro/devkitARM/lib/gcc/arm-none-eabi/6.3.0/../../../../arm-none-eabi/lib/armv6k/fpu/libg.a(lib_a-wsetup.o)
                0x0011ae10                __swsetup_r
 .text.quorem   0x0011af54      0x1d0 /opt/devkitpro/devkitARM/lib/gcc/arm-none-eabi/6.3.0/../../../../arm-none-eabi/lib/armv6k/fpu/libg.a(lib_a-dtoa.o)
 *fill*         0x0011b124        0x4 
 .text._dtoa_r  0x0011b128     0x1260 /opt/devkitpro/devkitARM/lib/gcc/arm-none-eabi/6.3.0/../../../../arm-none-eabi/lib/armv6k/fpu/libg.a(lib_a-dtoa.o)
                0x0011b128                _dtoa_r
 .text.__sflags
                0x0011c388       0xb0 /opt/devkitpro/devkitARM/lib/gcc/arm-none-eabi/6.3.0/../../../../arm-none-eabi/lib/armv6k/fpu/libg.a(lib_a-flags.o)
                0x0011c388                __sflags
 .text.__sfvwrite_r
                0x0011c438      0x4ac /opt/devkitpro/devkitARM/lib/gcc/arm-none-eabi/6.3.0/../../../../arm-none-eabi/lib/armv6k/fpu/libg.a(lib_a-fvwrite.o)
                0x0011c438                __sfvwrite_r
 .text.iswspace
                0x0011c8e4       0x74 /opt/devkitpro/devkitARM/lib/gcc/arm-none-eabi/6.3.0/../../../../arm-none-eabi/lib/armv6k/fpu/libg.a(lib_a-iswspace.o)
                0x0011c8e4                iswspace
 .text.__jp2uc  0x0011c958      0x204 /opt/devkitpro/devkitARM/lib/gcc/arm-none-eabi/6.3.0/../../../../arm-none-eabi/lib/armv6k/fpu/libg.a(lib_a-jp2uc.o)
 .text._jp2uc   0x0011cb5c       0xc8 /opt/devkitpro/devkitARM/lib/gcc/arm-none-eabi/6.3.0/../../../../arm-none-eabi/lib/armv6k/fpu/libg.a(lib_a-jp2uc.o)
                0x0011cb5c                _jp2uc
 .text.__locale_mb_cur_max
                0x0011cc24       0x24 /opt/devkitpro/devkitARM/lib/gcc/arm-none-eabi/6.3.0/../../../../arm-none-eabi/lib/armv6k/fpu/libg.a(lib_a-locale.o)
                0x0011cc24                __locale_mb_cur_max
 .text.__locale_ctype_ptr_l
                0x0011cc48        0x8 /opt/devkitpro/devkitARM/lib/gcc/arm-none-eabi/6.3.0/../../../../arm-none-eabi/lib/armv6k/fpu/libg.a(lib_a-locale.o)
                0x0011cc48                __locale_ctype_ptr_l
 .text.__locale_ctype_ptr
                0x0011cc50       0x24 /opt/devkitpro/devkitARM/lib/gcc/arm-none-eabi/6.3.0/../../../../arm-none-eabi/lib/armv6k/fpu/libg.a(lib_a-locale.o)
                0x0011cc50                __locale_ctype_ptr
 .text.__localeconv_l
                0x0011cc74        0x8 /opt/devkitpro/devkitARM/lib/gcc/arm-none-eabi/6.3.0/../../../../arm-none-eabi/lib/armv6k/fpu/libg.a(lib_a-localeconv.o)
                0x0011cc74                __localeconv_l
 .text._localeconv_r
                0x0011cc7c       0x24 /opt/devkitpro/devkitARM/lib/gcc/arm-none-eabi/6.3.0/../../../../arm-none-eabi/lib/armv6k/fpu/libg.a(lib_a-localeconv.o)
                0x0011cc7c                _localeconv_r
 .text._mbrtowc_r
                0x0011cca0       0xb4 /opt/devkitpro/devkitARM/lib/gcc/arm-none-eabi/6.3.0/../../../../arm-none-eabi/lib/armv6k/fpu/libg.a(lib_a-mbrtowc.o)
                0x0011cca0                _mbrtowc_r
 .text.__utf8_mbtowc
                0x0011cd54      0x300 /opt/devkitpro/devkitARM/lib/gcc/arm-none-eabi/6.3.0/../../../../arm-none-eabi/lib/armv6k/fpu/libg.a(lib_a-mbtowc_r.o)
                0x0011cd54                __utf8_mbtowc
 .text.memmove  0x0011d054      0x148 /opt/devkitpro/devkitARM/lib/gcc/arm-none-eabi/6.3.0/../../../../arm-none-eabi/lib/armv6k/fpu/libg.a(lib_a-memmove.o)
                0x0011d054                memmove
 .text._Balloc  0x0011d19c       0x88 /opt/devkitpro/devkitARM/lib/gcc/arm-none-eabi/6.3.0/../../../../arm-none-eabi/lib/armv6k/fpu/libg.a(lib_a-mprec.o)
                0x0011d19c                _Balloc
 .text._Bfree   0x0011d224       0x1c /opt/devkitpro/devkitARM/lib/gcc/arm-none-eabi/6.3.0/../../../../arm-none-eabi/lib/armv6k/fpu/libg.a(lib_a-mprec.o)
                0x0011d224                _Bfree
 .text.__multadd
                0x0011d240       0xd8 /opt/devkitpro/devkitARM/lib/gcc/arm-none-eabi/6.3.0/../../../../arm-none-eabi/lib/armv6k/fpu/libg.a(lib_a-mprec.o)
                0x0011d240                __multadd
 .text.__s2b    0x0011d318       0xf0 /opt/devkitpro/devkitARM/lib/gcc/arm-none-eabi/6.3.0/../../../../arm-none-eabi/lib/armv6k/fpu/libg.a(lib_a-mprec.o)
                0x0011d318                __s2b
 .text.__hi0bits
                0x0011d408       0x58 /opt/devkitpro/devkitARM/lib/gcc/arm-none-eabi/6.3.0/../../../../arm-none-eabi/lib/armv6k/fpu/libg.a(lib_a-mprec.o)
                0x0011d408                __hi0bits
 .text.__lo0bits
                0x0011d460       0x9c /opt/devkitpro/devkitARM/lib/gcc/arm-none-eabi/6.3.0/../../../../arm-none-eabi/lib/armv6k/fpu/libg.a(lib_a-mprec.o)
                0x0011d460                __lo0bits
 .text.__i2b    0x0011d4fc       0x20 /opt/devkitpro/devkitARM/lib/gcc/arm-none-eabi/6.3.0/../../../../arm-none-eabi/lib/armv6k/fpu/libg.a(lib_a-mprec.o)
                0x0011d4fc                __i2b
 .text.__multiply
                0x0011d51c      0x1cc /opt/devkitpro/devkitARM/lib/gcc/arm-none-eabi/6.3.0/../../../../arm-none-eabi/lib/armv6k/fpu/libg.a(lib_a-mprec.o)
                0x0011d51c                __multiply
 .text.__pow5mult
                0x0011d6e8      0x100 /opt/devkitpro/devkitARM/lib/gcc/arm-none-eabi/6.3.0/../../../../arm-none-eabi/lib/armv6k/fpu/libg.a(lib_a-mprec.o)
                0x0011d6e8                __pow5mult
 .text.__lshift
                0x0011d7e8       0xe4 /opt/devkitpro/devkitARM/lib/gcc/arm-none-eabi/6.3.0/../../../../arm-none-eabi/lib/armv6k/fpu/libg.a(lib_a-mprec.o)
                0x0011d7e8                __lshift
 .text.__mcmp   0x0011d8cc       0x60 /opt/devkitpro/devkitARM/lib/gcc/arm-none-eabi/6.3.0/../../../../arm-none-eabi/lib/armv6k/fpu/libg.a(lib_a-mprec.o)
                0x0011d8cc                __mcmp
 .text.__mdiff  0x0011d92c      0x198 /opt/devkitpro/devkitARM/lib/gcc/arm-none-eabi/6.3.0/../../../../arm-none-eabi/lib/armv6k/fpu/libg.a(lib_a-mprec.o)
                0x0011d92c                __mdiff
 .text.__ulp    0x0011dac4       0x78 /opt/devkitpro/devkitARM/lib/gcc/arm-none-eabi/6.3.0/../../../../arm-none-eabi/lib/armv6k/fpu/libg.a(lib_a-mprec.o)
                0x0011dac4                __ulp
 .text.__b2d    0x0011db3c       0xd4 /opt/devkitpro/devkitARM/lib/gcc/arm-none-eabi/6.3.0/../../../../arm-none-eabi/lib/armv6k/fpu/libg.a(lib_a-mprec.o)
                0x0011db3c                __b2d
 .text.__d2b    0x0011dc10      0x108 /opt/devkitpro/devkitARM/lib/gcc/arm-none-eabi/6.3.0/../../../../arm-none-eabi/lib/armv6k/fpu/libg.a(lib_a-mprec.o)
                0x0011dc10                __d2b
 .text.__ratio  0x0011dd18       0x7c /opt/devkitpro/devkitARM/lib/gcc/arm-none-eabi/6.3.0/../../../../arm-none-eabi/lib/armv6k/fpu/libg.a(lib_a-mprec.o)
                0x0011dd18                __ratio
 .text.__copybits
                0x0011dd94       0x6c /opt/devkitpro/devkitARM/lib/gcc/arm-none-eabi/6.3.0/../../../../arm-none-eabi/lib/armv6k/fpu/libg.a(lib_a-mprec.o)
                0x0011dd94                __copybits
 .text.__any_on
                0x0011de00       0x80 /opt/devkitpro/devkitARM/lib/gcc/arm-none-eabi/6.3.0/../../../../arm-none-eabi/lib/armv6k/fpu/libg.a(lib_a-mprec.o)
                0x0011de00                __any_on
 .text._realloc_r
                0x0011de80      0x4cc /opt/devkitpro/devkitARM/lib/gcc/arm-none-eabi/6.3.0/../../../../arm-none-eabi/lib/armv6k/fpu/libg.a(lib_a-reallocr.o)
                0x0011de80                _realloc_r
 *fill*         0x0011e34c        0x4 
 .text.frexp    0x0011e350       0x9c /opt/devkitpro/devkitARM/lib/gcc/arm-none-eabi/6.3.0/../../../../arm-none-eabi/lib/armv6k/fpu/libg.a(lib_a-s_frexp.o)
                0x0011e350                frexp
 .text.__sccl   0x0011e3ec       0xcc /opt/devkitpro/devkitARM/lib/gcc/arm-none-eabi/6.3.0/../../../../arm-none-eabi/lib/armv6k/fpu/libg.a(lib_a-sccl.o)
                0x0011e3ec                __sccl
 .text.nanf     0x0011e4b8        0xc /opt/devkitpro/devkitARM/lib/gcc/arm-none-eabi/6.3.0/../../../../arm-none-eabi/lib/armv6k/fpu/libg.a(lib_a-sf_nan.o)
                0x0011e4b8                nanf
 .text.sprintf  0x0011e4c4       0x68 /opt/devkitpro/devkitARM/lib/gcc/arm-none-eabi/6.3.0/../../../../arm-none-eabi/lib/armv6k/fpu/libg.a(lib_a-sprintf.o)
                0x0011e4c4                sprintf
 .text.stpncpy  0x0011e52c      0x100 /opt/devkitpro/devkitARM/lib/gcc/arm-none-eabi/6.3.0/../../../../arm-none-eabi/lib/armv6k/fpu/libg.a(lib_a-stpncpy.o)
                0x0011e52c                stpncpy
 .text.unlikely.sulp
                0x0011e62c       0x54 /opt/devkitpro/devkitARM/lib/gcc/arm-none-eabi/6.3.0/../../../../arm-none-eabi/lib/armv6k/fpu/libg.a(lib_a-strtod.o)
 .text._strtod_l
                0x0011e680     0x1434 /opt/devkitpro/devkitARM/lib/gcc/arm-none-eabi/6.3.0/../../../../arm-none-eabi/lib/armv6k/fpu/libg.a(lib_a-strtod.o)
                0x0011e680                _strtod_l
 .text._strtod_r
                0x0011fab4       0x3c /opt/devkitpro/devkitARM/lib/gcc/arm-none-eabi/6.3.0/../../../../arm-none-eabi/lib/armv6k/fpu/libg.a(lib_a-strtod.o)
                0x0011fab4                _strtod_r
 .text._strtol_l.isra.0
                0x0011faf0      0x220 /opt/devkitpro/devkitARM/lib/gcc/arm-none-eabi/6.3.0/../../../../arm-none-eabi/lib/armv6k/fpu/libg.a(lib_a-strtol.o)
 .text._strtol_r
                0x0011fd10       0x50 /opt/devkitpro/devkitARM/lib/gcc/arm-none-eabi/6.3.0/../../../../arm-none-eabi/lib/armv6k/fpu/libg.a(lib_a-strtol.o)
                0x0011fd10                _strtol_r
 .text._strtoll_l.isra.0
                0x0011fd60      0x2dc /opt/devkitpro/devkitARM/lib/gcc/arm-none-eabi/6.3.0/../../../../arm-none-eabi/lib/armv6k/fpu/libg.a(lib_a-strtoll.o)
 .text._strtoll_r
                0x0012003c       0x50 /opt/devkitpro/devkitARM/lib/gcc/arm-none-eabi/6.3.0/../../../../arm-none-eabi/lib/armv6k/fpu/libg.a(lib_a-strtoll.o)
                0x0012003c                _strtoll_r
 .text._strtoul_l.isra.0
                0x0012008c      0x1e4 /opt/devkitpro/devkitARM/lib/gcc/arm-none-eabi/6.3.0/../../../../arm-none-eabi/lib/armv6k/fpu/libg.a(lib_a-strtoul.o)
 .text._strtoul_r
                0x00120270       0x50 /opt/devkitpro/devkitARM/lib/gcc/arm-none-eabi/6.3.0/../../../../arm-none-eabi/lib/armv6k/fpu/libg.a(lib_a-strtoul.o)
                0x00120270                _strtoul_r
 .text._strtoull_l.isra.0
                0x001202c0      0x268 /opt/devkitpro/devkitARM/lib/gcc/arm-none-eabi/6.3.0/../../../../arm-none-eabi/lib/armv6k/fpu/libg.a(lib_a-strtoull.o)
 .text._strtoull_r
                0x00120528       0x50 /opt/devkitpro/devkitARM/lib/gcc/arm-none-eabi/6.3.0/../../../../arm-none-eabi/lib/armv6k/fpu/libg.a(lib_a-strtoull.o)
                0x00120528                _strtoull_r
 .text.__ssprint_r
                0x00120578      0x188 /opt/devkitpro/devkitARM/lib/gcc/arm-none-eabi/6.3.0/../../../../arm-none-eabi/lib/armv6k/fpu/libg.a(lib_a-svfiprintf.o)
                0x00120578                __ssprint_r
 .text._sungetc_r
                0x00120700       0xe8 /opt/devkitpro/devkitARM/lib/gcc/arm-none-eabi/6.3.0/../../../../arm-none-eabi/lib/armv6k/fpu/libg.a(lib_a-svfiscanf.o)
                0x00120700                _sungetc_r
 .text.__ssrefill_r
                0x001207e8       0x6c /opt/devkitpro/devkitARM/lib/gcc/arm-none-eabi/6.3.0/../../../../arm-none-eabi/lib/armv6k/fpu/libg.a(lib_a-svfiscanf.o)
                0x001207e8                __ssrefill_r
 .text._sfread_r
                0x00120854       0xd0 /opt/devkitpro/devkitARM/lib/gcc/arm-none-eabi/6.3.0/../../../../arm-none-eabi/lib/armv6k/fpu/libg.a(lib_a-svfiscanf.o)
                0x00120854                _sfread_r
 .text.__submore
                0x00120924       0xa8 /opt/devkitpro/devkitARM/lib/gcc/arm-none-eabi/6.3.0/../../../../arm-none-eabi/lib/armv6k/fpu/libg.a(lib_a-ungetc.o)
                0x00120924                __submore
 .text._wcsnrtombs_l
                0x001209cc      0x174 /opt/devkitpro/devkitARM/lib/gcc/arm-none-eabi/6.3.0/../../../../arm-none-eabi/lib/armv6k/fpu/libg.a(lib_a-wcsnrtombs.o)
                0x001209cc                _wcsnrtombs_l
 .text._wcsnrtombs_r
                0x00120b40       0x64 /opt/devkitpro/devkitARM/lib/gcc/arm-none-eabi/6.3.0/../../../../arm-none-eabi/lib/armv6k/fpu/libg.a(lib_a-wcsnrtombs.o)
                0x00120b40                _wcsnrtombs_r
 .text.__utf8_wctomb
                0x00120ba4       0xe8 /opt/devkitpro/devkitARM/lib/gcc/arm-none-eabi/6.3.0/../../../../arm-none-eabi/lib/armv6k/fpu/libg.a(lib_a-wctomb_r.o)
                0x00120ba4                __utf8_wctomb
 .text.rshift   0x00120c8c       0xf0 /opt/devkitpro/devkitARM/lib/gcc/arm-none-eabi/6.3.0/../../../../arm-none-eabi/lib/armv6k/fpu/libg.a(lib_a-gdtoa-gethex.o)
 .text.__gethex
                0x00120d7c      0x7f4 /opt/devkitpro/devkitARM/lib/gcc/arm-none-eabi/6.3.0/../../../../arm-none-eabi/lib/armv6k/fpu/libg.a(lib_a-gdtoa-gethex.o)
                0x00120d7c                __gethex
 .text.__match  0x00121570       0x64 /opt/devkitpro/devkitARM/lib/gcc/arm-none-eabi/6.3.0/../../../../arm-none-eabi/lib/armv6k/fpu/libg.a(lib_a-gdtoa-hexnan.o)
                0x00121570                __match
 .text.__hexnan
                0x001215d4      0x264 /opt/devkitpro/devkitARM/lib/gcc/arm-none-eabi/6.3.0/../../../../arm-none-eabi/lib/armv6k/fpu/libg.a(lib_a-gdtoa-hexnan.o)
                0x001215d4                __hexnan
 .text.null_write
                0x00121838        0x8 /opt/devkitpro/devkitARM/lib/gcc/arm-none-eabi/6.3.0/../../../../arm-none-eabi/lib/armv6k/fpu/libsysbase.a(iosupport.o)
 .text.setDefaultDevice
                0x00121840       0x18 /opt/devkitpro/devkitARM/lib/gcc/arm-none-eabi/6.3.0/../../../../arm-none-eabi/lib/armv6k/fpu/libsysbase.a(iosupport.o)
                0x00121840                setDefaultDevice
 .text.FindDevice
                0x00121858       0xcc /opt/devkitpro/devkitARM/lib/gcc/arm-none-eabi/6.3.0/../../../../arm-none-eabi/lib/armv6k/fpu/libsysbase.a(iosupport.o)
                0x00121858                FindDevice
 .text.RemoveDevice
                0x00121924       0x28 /opt/devkitpro/devkitARM/lib/gcc/arm-none-eabi/6.3.0/../../../../arm-none-eabi/lib/armv6k/fpu/libsysbase.a(iosupport.o)
                0x00121924                RemoveDevice
 .text.AddDevice
                0x0012194c       0x98 /opt/devkitpro/devkitARM/lib/gcc/arm-none-eabi/6.3.0/../../../../arm-none-eabi/lib/armv6k/fpu/libsysbase.a(iosupport.o)
                0x0012194c                AddDevice
 .text._close_r
                0x001219e4       0x84 /opt/devkitpro/devkitARM/lib/gcc/arm-none-eabi/6.3.0/../../../../arm-none-eabi/lib/armv6k/fpu/libsysbase.a(close.o)
                0x001219e4                _close_r
 .text._fstat_r
                0x00121a68       0x7c /opt/devkitpro/devkitARM/lib/gcc/arm-none-eabi/6.3.0/../../../../arm-none-eabi/lib/armv6k/fpu/libsysbase.a(fstat.o)
                0x00121a68                _fstat_r
 .text._isatty_r
                0x00121ae4        0x8 /opt/devkitpro/devkitARM/lib/gcc/arm-none-eabi/6.3.0/../../../../arm-none-eabi/lib/armv6k/fpu/libsysbase.a(isatty.o)
                0x00121ae4                _isatty_r
 .text._lseek_r
                0x00121aec       0x90 /opt/devkitpro/devkitARM/lib/gcc/arm-none-eabi/6.3.0/../../../../arm-none-eabi/lib/armv6k/fpu/libsysbase.a(lseek.o)
                0x00121aec                _lseek_r
 .text._open_r  0x00121b7c       0xc0 /opt/devkitpro/devkitARM/lib/gcc/arm-none-eabi/6.3.0/../../../../arm-none-eabi/lib/armv6k/fpu/libsysbase.a(open.o)
                0x00121b7c                _open_r
 .text._read_r  0x00121c3c       0x88 /opt/devkitpro/devkitARM/lib/gcc/arm-none-eabi/6.3.0/../../../../arm-none-eabi/lib/armv6k/fpu/libsysbase.a(read.o)
                0x00121c3c                _read_r
 .text._sbrk_r  0x00121cc4       0x70 /opt/devkitpro/devkitARM/lib/gcc/arm-none-eabi/6.3.0/../../../../arm-none-eabi/lib/armv6k/fpu/libsysbase.a(sbrk.o)
                0x00121cc4                _sbrk_r
 .text._write_r
                0x00121d34       0x88 /opt/devkitpro/devkitARM/lib/gcc/arm-none-eabi/6.3.0/../../../../arm-none-eabi/lib/armv6k/fpu/libsysbase.a(write.o)
                0x00121d34                _write_r
 .text._concatenate_path
                0x00121dbc      0x1d4 /opt/devkitpro/devkitARM/lib/gcc/arm-none-eabi/6.3.0/../../../../arm-none-eabi/lib/armv6k/fpu/libsysbase.a(chdir.o)
                0x00121dbc                _concatenate_path
 .text.chdir    0x00121f90      0x15c /opt/devkitpro/devkitARM/lib/gcc/arm-none-eabi/6.3.0/../../../../arm-none-eabi/lib/armv6k/fpu/libsysbase.a(chdir.o)
                0x00121f90                chdir
 .text.__flockfile
                0x001220ec        0x8 /opt/devkitpro/devkitARM/lib/gcc/arm-none-eabi/6.3.0/../../../../arm-none-eabi/lib/armv6k/fpu/libsysbase.a(flock.o)
                0x001220ec                __flockfile
 .text.__funlockfile
                0x001220f4        0x8 /opt/devkitpro/devkitARM/lib/gcc/arm-none-eabi/6.3.0/../../../../arm-none-eabi/lib/armv6k/fpu/libsysbase.a(flock.o)
                0x001220f4                __funlockfile
 .text.__libc_lock_acquire
                0x001220fc       0x18 /opt/devkitpro/devkitARM/lib/gcc/arm-none-eabi/6.3.0/../../../../arm-none-eabi/lib/armv6k/fpu/libsysbase.a(syscall_support.o)
                0x001220fc                __libc_lock_acquire
 .text.__libc_lock_release
                0x00122114       0x18 /opt/devkitpro/devkitARM/lib/gcc/arm-none-eabi/6.3.0/../../../../arm-none-eabi/lib/armv6k/fpu/libsysbase.a(syscall_support.o)
                0x00122114                __libc_lock_release
 .text.__libc_lock_init_recursive
                0x0012212c       0x18 /opt/devkitpro/devkitARM/lib/gcc/arm-none-eabi/6.3.0/../../../../arm-none-eabi/lib/armv6k/fpu/libsysbase.a(syscall_support.o)
                0x0012212c                __libc_lock_init_recursive
 .text.__libc_lock_acquire_recursive
                0x00122144       0x18 /opt/devkitpro/devkitARM/lib/gcc/arm-none-eabi/6.3.0/../../../../arm-none-eabi/lib/armv6k/fpu/libsysbase.a(syscall_support.o)
                0x00122144                __libc_lock_acquire_recursive
 .text.__libc_lock_release_recursive
                0x0012215c       0x18 /opt/devkitpro/devkitARM/lib/gcc/arm-none-eabi/6.3.0/../../../../arm-none-eabi/lib/armv6k/fpu/libsysbase.a(syscall_support.o)
                0x0012215c                __libc_lock_release_recursive
 .text.__libc_lock_close_recursive
                0x00122174       0x18 /opt/devkitpro/devkitARM/lib/gcc/arm-none-eabi/6.3.0/../../../../arm-none-eabi/lib/armv6k/fpu/libsysbase.a(syscall_support.o)
                0x00122174                __libc_lock_close_recursive
 .text.__free_handle
                0x0012218c       0x4c /opt/devkitpro/devkitARM/lib/gcc/arm-none-eabi/6.3.0/../../../../arm-none-eabi/lib/armv6k/fpu/libsysbase.a(handle_manager.o)
                0x0012218c                __free_handle
 .text.__release_handle
                0x001221d8       0x40 /opt/devkitpro/devkitARM/lib/gcc/arm-none-eabi/6.3.0/../../../../arm-none-eabi/lib/armv6k/fpu/libsysbase.a(handle_manager.o)
                0x001221d8                __release_handle
 .text.__alloc_handle
                0x00122218       0xb4 /opt/devkitpro/devkitARM/lib/gcc/arm-none-eabi/6.3.0/../../../../arm-none-eabi/lib/armv6k/fpu/libsysbase.a(handle_manager.o)
                0x00122218                __alloc_handle
 .text.__get_handle
                0x001222cc       0x18 /opt/devkitpro/devkitARM/lib/gcc/arm-none-eabi/6.3.0/../../../../arm-none-eabi/lib/armv6k/fpu/libsysbase.a(handle_manager.o)
                0x001222cc                __get_handle
 .text.__getreent
                0x001222e4       0x28 /opt/devkitpro/devkitARM/lib/gcc/arm-none-eabi/6.3.0/../../../../arm-none-eabi/lib/armv6k/fpu/libsysbase.a(getreent.o)
                0x001222e4                __getreent
 .text.strnlen  0x0012230c       0x5c /opt/devkitpro/devkitARM/lib/gcc/arm-none-eabi/6.3.0/../../../../arm-none-eabi/lib/armv6k/fpu/libg.a(lib_a-strnlen.o)
                0x0012230c                strnlen
 .text.strrchr  0x00122368       0x44 /opt/devkitpro/devkitARM/lib/gcc/arm-none-eabi/6.3.0/../../../../arm-none-eabi/lib/armv6k/fpu/libg.a(lib_a-strrchr.o)
                0x00122368                strrchr
 *(.glue_7)
 .glue_7        0x001223ac        0x0 linker stubs
 *(.glue_7t)
 .glue_7t       0x001223ac        0x0 linker stubs
 *(.stub)
 *(.gnu.warning)
 *(.gnu.linkonce.t*)
                0x001223ac                . = ALIGN (0x4)
 *(.fini)
 .fini          0x001223ac        0xc /opt/devkitpro/devkitARM/lib/gcc/arm-none-eabi/6.3.0/armv6k/fpu/crti.o
                0x001223ac                _fini
 .fini          0x001223b8        0xc /opt/devkitpro/devkitARM/lib/gcc/arm-none-eabi/6.3.0/armv6k/fpu/crtn.o
                0x001223c4                . = ALIGN (0x4)

.vfp11_veneer   0x001223c4        0x0
 .vfp11_veneer  0x001223c4        0x0 linker stubs

.v4_bx          0x001223c4        0x0
 .v4_bx         0x001223c4        0x0 linker stubs

.iplt           0x001223c4        0x0
 .iplt          0x001223c4        0x0 /opt/devkitpro/devkitARM/lib/gcc/arm-none-eabi/6.3.0/../../../../arm-none-eabi/lib/armv6k/fpu/3dsx_crt0.o

.rodata         0x00123000     0x4d88
 *(.rodata)
 .rodata        0x00123000       0x1c /opt/devkitpro/libctru/lib/libctru.a(gfx.o)
 .rodata        0x0012301c       0x38 /opt/devkitpro/libctru/lib/libctru.a(os-versionbin.o)
 .rodata        0x00123054      0x168 /opt/devkitpro/libctru/lib/libctru.a(console.o)
 .rodata        0x001231bc        0xc /opt/devkitpro/libctru/lib/libctru.a(apt.o)
 .rodata        0x001231c8      0x804 /opt/devkitpro/libctru/lib/libctru.a(default_font.bin.o)
                0x001231c8                default_font_bin
                0x001239c8                default_font_bin_end
                0x001239c8                default_font_bin_size
 .rodata        0x001239cc       0x3c /opt/devkitpro/libctru/lib/libctru.a(sdmc_dev.o)
 *(.roda)
 *(.rodata.*)
 .rodata.str1.4
                0x00123a08      0x68d main.o
                                0x691 (size before relaxing)
 *fill*         0x00124095        0x3 
 .rodata.str1.4
                0x00124098       0x23 /opt/devkitpro/libctru/lib/libctru.a(os-versionbin.o)
                                 0x27 (size before relaxing)
 *fill*         0x001240bb        0x1 
 .rodata.str1.4
                0x001240bc       0x70 /opt/devkitpro/libctru/lib/libctru.a(console.o)
 .rodata.str1.4
                0x0012412c       0x32 /opt/devkitpro/libctru/lib/libctru.a(romfs_dev.o)
                                 0x36 (size before relaxing)
 *fill*         0x0012415e        0x2 
 .rodata.str1.4
                0x00124160        0x8 /opt/devkitpro/libctru/lib/libctru.a(fs.o)
                                  0x9 (size before relaxing)
 .rodata.str1.4
                0x00124168       0x15 /opt/devkitpro/libctru/lib/libctru.a(hid.o)
 *fill*         0x0012417d        0x3 
 .rodata.str1.4
                0x00124180       0x16 /opt/devkitpro/libctru/lib/libctru.a(apt.o)
 *fill*         0x00124196        0x2 
 .rodata.str1.4
                0x00124198        0x9 /opt/devkitpro/libctru/lib/libctru.a(gspgpu.o)
 *fill*         0x001241a1        0x3 
 .rodata.str1.4
                0x001241a4       0x16 /opt/devkitpro/libctru/lib/libctru.a(cfgu.o)
 *fill*         0x001241ba        0x2 
 .rodata.str1.4
                0x001241bc        0x7 /opt/devkitpro/libctru/lib/libctru.a(irrst.o)
 *fill*         0x001241c3        0x1 
 .rodata.str1.4
                0x001241c4        0x5 /opt/devkitpro/libctru/lib/libctru.a(srv.o)
 *fill*         0x001241c9        0x3 
 .rodata.str1.4
                0x001241cc        0x9 /opt/devkitpro/libctru/lib/libctru.a(ptmsysm.o)
 *fill*         0x001241d5        0x3 
 .rodata.str1.4
                0x001241d8        0xd /opt/devkitpro/libctru/lib/libctru.a(sdmc_dev.o)
                                 0x11 (size before relaxing)
 *fill*         0x001241e5        0x3 
 .rodata._global_impure_ptr
                0x001241e8        0x4 /opt/devkitpro/devkitARM/lib/gcc/arm-none-eabi/6.3.0/../../../../arm-none-eabi/lib/armv6k/fpu/libg.a(lib_a-impure.o)
                0x001241e8                _global_impure_ptr
 .rodata._puts_r.str1.4
                0x001241ec        0xd /opt/devkitpro/devkitARM/lib/gcc/arm-none-eabi/6.3.0/../../../../arm-none-eabi/lib/armv6k/fpu/libg.a(lib_a-puts.o)
                                  0x2 (size before relaxing)
 .rodata._svfprintf_r.str1.4
                0x001241ec       0x42 /opt/devkitpro/devkitARM/lib/gcc/arm-none-eabi/6.3.0/../../../../arm-none-eabi/lib/armv6k/fpu/libg.a(lib_a-svfprintf.o)
 *fill*         0x0012422e        0x2 
 .rodata.blanks.8400
                0x00124230       0x10 /opt/devkitpro/devkitARM/lib/gcc/arm-none-eabi/6.3.0/../../../../arm-none-eabi/lib/armv6k/fpu/libg.a(lib_a-svfprintf.o)
 .rodata.zeroes.8401
                0x00124240       0x10 /opt/devkitpro/devkitARM/lib/gcc/arm-none-eabi/6.3.0/../../../../arm-none-eabi/lib/armv6k/fpu/libg.a(lib_a-svfprintf.o)
 .rodata.__ssvfscanf_r.str1.4
                0x00124250        0x5 /opt/devkitpro/devkitARM/lib/gcc/arm-none-eabi/6.3.0/../../../../arm-none-eabi/lib/armv6k/fpu/libg.a(lib_a-svfscanf.o)
 *fill*         0x00124255        0x3 
 .rodata.basefix.8441
                0x00124258       0x22 /opt/devkitpro/devkitARM/lib/gcc/arm-none-eabi/6.3.0/../../../../arm-none-eabi/lib/armv6k/fpu/libg.a(lib_a-svfscanf.o)
 .rodata._vfprintf_r.str1.4
                0x0012427a       0x42 /opt/devkitpro/devkitARM/lib/gcc/arm-none-eabi/6.3.0/../../../../arm-none-eabi/lib/armv6k/fpu/libg.a(lib_a-vfprintf.o)
 *fill*         0x0012427a        0x2 
 .rodata.blanks.8415
                0x0012427c       0x10 /opt/devkitpro/devkitARM/lib/gcc/arm-none-eabi/6.3.0/../../../../arm-none-eabi/lib/armv6k/fpu/libg.a(lib_a-vfprintf.o)
 .rodata.zeroes.8416
                0x0012428c       0x10 /opt/devkitpro/devkitARM/lib/gcc/arm-none-eabi/6.3.0/../../../../arm-none-eabi/lib/armv6k/fpu/libg.a(lib_a-vfprintf.o)
 .rodata._dtoa_r.str1.4
                0x0012429c       0x10 /opt/devkitpro/devkitARM/lib/gcc/arm-none-eabi/6.3.0/../../../../arm-none-eabi/lib/armv6k/fpu/libg.a(lib_a-dtoa.o)
                                 0x12 (size before relaxing)
 .rodata._jp2uc.str1.4
                0x001242ac       0x12 /opt/devkitpro/devkitARM/lib/gcc/arm-none-eabi/6.3.0/../../../../arm-none-eabi/lib/armv6k/fpu/libg.a(lib_a-jp2uc.o)
 *fill*         0x001242be        0x2 
 .rodata.a1     0x001242c0       0xbc /opt/devkitpro/devkitARM/lib/gcc/arm-none-eabi/6.3.0/../../../../arm-none-eabi/lib/armv6k/fpu/libg.a(lib_a-jp2uc.o)
 .rodata.a2     0x0012437c       0xbc /opt/devkitpro/devkitARM/lib/gcc/arm-none-eabi/6.3.0/../../../../arm-none-eabi/lib/armv6k/fpu/libg.a(lib_a-jp2uc.o)
 .rodata.a3     0x00124438       0x5b /opt/devkitpro/devkitARM/lib/gcc/arm-none-eabi/6.3.0/../../../../arm-none-eabi/lib/armv6k/fpu/libg.a(lib_a-jp2uc.o)
 *fill*         0x00124493        0x1 
 .rodata.a6     0x00124494       0x70 /opt/devkitpro/devkitARM/lib/gcc/arm-none-eabi/6.3.0/../../../../arm-none-eabi/lib/armv6k/fpu/libg.a(lib_a-jp2uc.o)
 .rodata.a7     0x00124504       0xa2 /opt/devkitpro/devkitARM/lib/gcc/arm-none-eabi/6.3.0/../../../../arm-none-eabi/lib/armv6k/fpu/libg.a(lib_a-jp2uc.o)
 *fill*         0x001245a6        0x2 
 .rodata.a8     0x001245a8       0x40 /opt/devkitpro/devkitARM/lib/gcc/arm-none-eabi/6.3.0/../../../../arm-none-eabi/lib/armv6k/fpu/libg.a(lib_a-jp2uc.o)
 .rodata.b02cf  0x001245e8     0x172a /opt/devkitpro/devkitARM/lib/gcc/arm-none-eabi/6.3.0/../../../../arm-none-eabi/lib/armv6k/fpu/libg.a(lib_a-jp2uc.o)
 *fill*         0x00125d12        0x2 
 .rodata.d02f4  0x00125d14     0x1a7c /opt/devkitpro/devkitARM/lib/gcc/arm-none-eabi/6.3.0/../../../../arm-none-eabi/lib/armv6k/fpu/libg.a(lib_a-jp2uc.o)
 .rodata.str1.4
                0x00127790       0x44 /opt/devkitpro/devkitARM/lib/gcc/arm-none-eabi/6.3.0/../../../../arm-none-eabi/lib/armv6k/fpu/libg.a(lib_a-locale.o)
                                 0x4c (size before relaxing)
 .rodata._mbrtowc_r.str1.4
                0x001277d4        0x1 /opt/devkitpro/devkitARM/lib/gcc/arm-none-eabi/6.3.0/../../../../arm-none-eabi/lib/armv6k/fpu/libg.a(lib_a-mbrtowc.o)
 *fill*         0x001277d4        0x4 
 .rodata.__mprec_bigtens
                0x001277d8       0x28 /opt/devkitpro/devkitARM/lib/gcc/arm-none-eabi/6.3.0/../../../../arm-none-eabi/lib/armv6k/fpu/libg.a(lib_a-mprec.o)
                0x001277d8                __mprec_bigtens
 .rodata.__mprec_tens
                0x00127800       0xc8 /opt/devkitpro/devkitARM/lib/gcc/arm-none-eabi/6.3.0/../../../../arm-none-eabi/lib/armv6k/fpu/libg.a(lib_a-mprec.o)
                0x00127800                __mprec_tens
 .rodata.p05.7191
                0x001278c8        0xc /opt/devkitpro/devkitARM/lib/gcc/arm-none-eabi/6.3.0/../../../../arm-none-eabi/lib/armv6k/fpu/libg.a(lib_a-mprec.o)
 .rodata._strtod_l.str1.4
                0x001278d4        0xf /opt/devkitpro/devkitARM/lib/gcc/arm-none-eabi/6.3.0/../../../../arm-none-eabi/lib/armv6k/fpu/libg.a(lib_a-strtod.o)
 *fill*         0x001278e3        0x1 
 .rodata.fpi.7277
                0x001278e4       0x14 /opt/devkitpro/devkitARM/lib/gcc/arm-none-eabi/6.3.0/../../../../arm-none-eabi/lib/armv6k/fpu/libg.a(lib_a-strtod.o)
 .rodata.fpinan.7313
                0x001278f8       0x14 /opt/devkitpro/devkitARM/lib/gcc/arm-none-eabi/6.3.0/../../../../arm-none-eabi/lib/armv6k/fpu/libg.a(lib_a-strtod.o)
 *fill*         0x0012790c        0x4 
 .rodata.tinytens
                0x00127910       0x28 /opt/devkitpro/devkitARM/lib/gcc/arm-none-eabi/6.3.0/../../../../arm-none-eabi/lib/armv6k/fpu/libg.a(lib_a-strtod.o)
 .rodata.__action_table
                0x00127938       0x6c /opt/devkitpro/devkitARM/lib/gcc/arm-none-eabi/6.3.0/../../../../arm-none-eabi/lib/armv6k/fpu/libg.a(lib_a-svfiprintf.o)
                0x00127938                __action_table
 .rodata.__chclass
                0x001279a4      0x100 /opt/devkitpro/devkitARM/lib/gcc/arm-none-eabi/6.3.0/../../../../arm-none-eabi/lib/armv6k/fpu/libg.a(lib_a-svfiprintf.o)
                0x001279a4                __chclass
 .rodata.__state_table
                0x00127aa4       0x6c /opt/devkitpro/devkitARM/lib/gcc/arm-none-eabi/6.3.0/../../../../arm-none-eabi/lib/armv6k/fpu/libg.a(lib_a-svfiprintf.o)
                0x00127aa4                __state_table
 .rodata._ctype_
                0x00127b10      0x101 /opt/devkitpro/devkitARM/lib/gcc/arm-none-eabi/6.3.0/../../../../arm-none-eabi/lib/armv6k/fpu/libg.a(lib_a-ctype_.o)
                0x00127b10                _ctype_
 *fill*         0x00127c11        0x3 
 .rodata.__hexdig
                0x00127c14      0x100 /opt/devkitpro/devkitARM/lib/gcc/arm-none-eabi/6.3.0/../../../../arm-none-eabi/lib/armv6k/fpu/libg.a(lib_a-gdtoa-gethex.o)
                0x00127c14                __hexdig
 .rodata.AddDevice.str1.4
                0x00127d14        0x8 /opt/devkitpro/devkitARM/lib/gcc/arm-none-eabi/6.3.0/../../../../arm-none-eabi/lib/armv6k/fpu/libsysbase.a(iosupport.o)
 .rodata.dotab_stdnull
                0x00127d1c       0x68 /opt/devkitpro/devkitARM/lib/gcc/arm-none-eabi/6.3.0/../../../../arm-none-eabi/lib/armv6k/fpu/libsysbase.a(iosupport.o)
                0x00127d1c                dotab_stdnull
 .rodata.DIRECTORY_PARENT
                0x00127d84        0x3 /opt/devkitpro/devkitARM/lib/gcc/arm-none-eabi/6.3.0/../../../../arm-none-eabi/lib/armv6k/fpu/libsysbase.a(chdir.o)
                0x00127d84                DIRECTORY_PARENT
 *all.rodata*(*)
 *(.gnu.linkonce.r*)
                0x00127d88                . = ALIGN (0x4)
 *fill*         0x00127d87        0x1 

.eh_frame       0x00127d88        0x0
 .eh_frame      0x00127d88        0x0 /opt/devkitpro/devkitARM/lib/gcc/arm-none-eabi/6.3.0/armv6k/fpu/crtbegin.o

.rel.dyn        0x00127d88        0x0
 .rel.iplt      0x00127d88        0x0 /opt/devkitpro/devkitARM/lib/gcc/arm-none-eabi/6.3.0/../../../../arm-none-eabi/lib/armv6k/fpu/3dsx_crt0.o

.ARM.extab
 *(.ARM.extab* .gnu.linkonce.armextab.*)
                0x00127d88                __exidx_start = .

ARM.exidx
 *(.ARM.exidx* .gnu.linkonce.armexidx.*)
                0x00127d88                __exidx_end = .

.data           0x00128000     0x2fb4
 *(.data)
 .data          0x00128000        0xc /opt/devkitpro/libctru/lib/libctru.a(gfx.o)
 .data          0x0012800c       0x51 /opt/devkitpro/libctru/lib/libctru.a(console.o)
                0x0012800c                defaultConsole
                0x00128058                currentConsole
 *fill*         0x0012805d        0x3 
 .data          0x00128060       0x68 /opt/devkitpro/libctru/lib/libctru.a(romfs_dev.o)
 .data          0x001280c8        0x4 /opt/devkitpro/libctru/lib/libctru.a(apt.o)
 .data          0x001280cc        0x4 /opt/devkitpro/libctru/lib/libctru.a(gspgpu.o)
 .data          0x001280d0        0x4 /opt/devkitpro/libctru/lib/libctru.a(stack_adjust.o)
                0x001280d0                __stacksize__
 .data          0x001280d4        0x4 /opt/devkitpro/libctru/lib/libctru.a(allocateHeaps.o)
                0x001280d4                __ctru_linear_heap_size
 .data          0x001280d8      0x46c /opt/devkitpro/libctru/lib/libctru.a(sdmc_dev.o)
 *(.data.*)
 .data.__sfp_lock
                0x00128544        0xc /opt/devkitpro/devkitARM/lib/gcc/arm-none-eabi/6.3.0/../../../../arm-none-eabi/lib/armv6k/fpu/libg.a(lib_a-findfp.o)
 .data.__sinit_lock
                0x00128550        0xc /opt/devkitpro/devkitARM/lib/gcc/arm-none-eabi/6.3.0/../../../../arm-none-eabi/lib/armv6k/fpu/libg.a(lib_a-findfp.o)
 .data._impure_ptr
                0x0012855c        0x4 /opt/devkitpro/devkitARM/lib/gcc/arm-none-eabi/6.3.0/../../../../arm-none-eabi/lib/armv6k/fpu/libg.a(lib_a-impure.o)
                0x0012855c                _impure_ptr
 .data.impure_data
                0x00128560      0x460 /opt/devkitpro/devkitARM/lib/gcc/arm-none-eabi/6.3.0/../../../../arm-none-eabi/lib/armv6k/fpu/libg.a(lib_a-impure.o)
 .data.__malloc_av_
                0x001289c0      0x408 /opt/devkitpro/devkitARM/lib/gcc/arm-none-eabi/6.3.0/../../../../arm-none-eabi/lib/armv6k/fpu/libg.a(lib_a-mallocr.o)
                0x001289c0                __malloc_av_
 .data.__malloc_sbrk_base
                0x00128dc8        0x4 /opt/devkitpro/devkitARM/lib/gcc/arm-none-eabi/6.3.0/../../../../arm-none-eabi/lib/armv6k/fpu/libg.a(lib_a-mallocr.o)
                0x00128dc8                __malloc_sbrk_base
 .data.__malloc_trim_threshold
                0x00128dcc        0x4 /opt/devkitpro/devkitARM/lib/gcc/arm-none-eabi/6.3.0/../../../../arm-none-eabi/lib/armv6k/fpu/libg.a(lib_a-mallocr.o)
                0x00128dcc                __malloc_trim_threshold
 .data.__malloc_lock_object
                0x00128dd0        0xc /opt/devkitpro/devkitARM/lib/gcc/arm-none-eabi/6.3.0/../../../../arm-none-eabi/lib/armv6k/fpu/libg.a(lib_a-mlock.o)
 .data.__global_locale
                0x00128ddc      0x16c /opt/devkitpro/devkitARM/lib/gcc/arm-none-eabi/6.3.0/../../../../arm-none-eabi/lib/armv6k/fpu/libg.a(lib_a-locale.o)
                0x00128ddc                __global_locale
 .data.defaultDevice
                0x00128f48        0x4 /opt/devkitpro/devkitARM/lib/gcc/arm-none-eabi/6.3.0/../../../../arm-none-eabi/lib/armv6k/fpu/libsysbase.a(iosupport.o)
 .data.devoptab_list
                0x00128f4c       0x40 /opt/devkitpro/devkitARM/lib/gcc/arm-none-eabi/6.3.0/../../../../arm-none-eabi/lib/armv6k/fpu/libsysbase.a(iosupport.o)
                0x00128f4c                devoptab_list
 .data._current_working_directory
                0x00128f8c     0x1000 /opt/devkitpro/devkitARM/lib/gcc/arm-none-eabi/6.3.0/../../../../arm-none-eabi/lib/armv6k/fpu/libsysbase.a(chdir.o)
 .data.__hndl_lock
                0x00129f8c        0x4 /opt/devkitpro/devkitARM/lib/gcc/arm-none-eabi/6.3.0/../../../../arm-none-eabi/lib/armv6k/fpu/libsysbase.a(handle_manager.o)
 .data.__stderr_handle
                0x00129f90        0xc /opt/devkitpro/devkitARM/lib/gcc/arm-none-eabi/6.3.0/../../../../arm-none-eabi/lib/armv6k/fpu/libsysbase.a(handle_manager.o)
 .data.__stdin_handle
                0x00129f9c        0xc /opt/devkitpro/devkitARM/lib/gcc/arm-none-eabi/6.3.0/../../../../arm-none-eabi/lib/armv6k/fpu/libsysbase.a(handle_manager.o)
 .data.__stdout_handle
                0x00129fa8        0xc /opt/devkitpro/devkitARM/lib/gcc/arm-none-eabi/6.3.0/../../../../arm-none-eabi/lib/armv6k/fpu/libsysbase.a(handle_manager.o)
 .data.handles  0x00129fb4     0x1000 /opt/devkitpro/devkitARM/lib/gcc/arm-none-eabi/6.3.0/../../../../arm-none-eabi/lib/armv6k/fpu/libsysbase.a(handle_manager.o)
 *(.gnu.linkonce.d*)
                0x0012afb4                . = ALIGN (0x4)

.igot.plt       0x0012afb4        0x0
 .igot.plt      0x0012afb4        0x0 /opt/devkitpro/devkitARM/lib/gcc/arm-none-eabi/6.3.0/../../../../arm-none-eabi/lib/armv6k/fpu/3dsx_crt0.o

.jcr            0x0012afb4        0x0
 .jcr           0x0012afb4        0x0 /opt/devkitpro/devkitARM/lib/gcc/arm-none-eabi/6.3.0/armv6k/fpu/crtbegin.o

.tm_clone_table
                0x0012afb4        0x0
 .tm_clone_table
                0x0012afb4        0x0 /opt/devkitpro/devkitARM/lib/gcc/arm-none-eabi/6.3.0/armv6k/fpu/crtbegin.o
 .tm_clone_table
                0x0012afb4        0x0 /opt/devkitpro/devkitARM/lib/gcc/arm-none-eabi/6.3.0/armv6k/fpu/crtend.o
                0x0012afb4                __TMC_END__

.tdata          0x0012afb4        0x0
                0x0012afb4                __tdata_lma = .
 *(.tdata)
 *(.tdata.*)
 *(.gnu.linkonce.td.*)
                0x0012afb4                . = ALIGN (0x4)
                0x0012afb4                __tdata_lma_end = .

.tbss           0x0012afb4     0x340c
 *(.tbss)
 .tbss          0x0012afb4     0x340a /opt/devkitpro/libctru/lib/libctru.a(sdmc_dev.o)
 *(.tbss.*)
 *(.gnu.linkonce.tb.*)
 *(.tcommon)
                0x0012e3c0                . = ALIGN (0x4)
 *fill*         0x0012e3be        0x2 

.preinit_array  0x0012afb4        0x0
                0x0012afb4                PROVIDE (__preinit_array_start, .)
 *(.preinit_array)
                0x0012afb4                PROVIDE (__preinit_array_end, .)

.init_array     0x0012afb4        0x4
                0x0012afb4                PROVIDE (__init_array_start, .)
 *(SORT(.init_array.*))
 *(.init_array)
 .init_array    0x0012afb4        0x4 /opt/devkitpro/devkitARM/lib/gcc/arm-none-eabi/6.3.0/armv6k/fpu/crtbegin.o
                0x0012afb8                PROVIDE (__init_array_end, .)

.fini_array     0x0012afb8        0x4
                0x0012afb8                PROVIDE (__fini_array_start, .)
 *(.fini_array)
 .fini_array    0x0012afb8        0x4 /opt/devkitpro/devkitARM/lib/gcc/arm-none-eabi/6.3.0/armv6k/fpu/crtbegin.o
 *(SORT(.fini_array.*))
                0x0012afbc                PROVIDE (__fini_array_end, .)

.ctors
 *crtbegin.o(.ctors)
 *(EXCLUDE_FILE(*crtend.o) .ctors)
 *(SORT(.ctors.*))
 *(.ctors)

.dtors