Archive member included to satisfy reference by file (symbol)

/opt/devkitpro/libctru/lib/libctru.a(gfx.o)
                              main.o (gfxInitDefault)
/opt/devkitpro/libctru/lib/libctru.a(console.o)
                              main.o (consoleInit)
/opt/devkitpro/libctru/lib/libctru.a(gx.o)
                              /opt/devkitpro/libctru/lib/libctru.a(gfx.o) (gxCmdBuf)
/opt/devkitpro/libctru/lib/libctru.a(fs.o)
                              main.o (FSUSER_GetCardType)
/opt/devkitpro/libctru/lib/libctru.a(hid.o)
                              main.o (hidScanInput)
/opt/devkitpro/libctru/lib/libctru.a(apt.o)
                              main.o (aptMainLoop)
/opt/devkitpro/libctru/lib/libctru.a(gspgpu.o)
                              /opt/devkitpro/libctru/lib/libctru.a(gfx.o) (gspInit)
/opt/devkitpro/libctru/lib/libctru.a(irrst.o)
                              /opt/devkitpro/libctru/lib/libctru.a(hid.o) (irrstScanInput)
/opt/devkitpro/libctru/lib/libctru.a(initArgv.o)
                              /opt/devkitpro/devkitARM/lib/gcc/arm-none-eabi/6.3.0/../../../../arm-none-eabi/lib/armv6k/fpu/3dsx_crt0.o (__system_argc)
/opt/devkitpro/libctru/lib/libctru.a(initSystem.o)
                              /opt/devkitpro/libctru/lib/libctru.a(apt.o) (__system_retAddr)
/opt/devkitpro/libctru/lib/libctru.a(svc.o)
                              /opt/devkitpro/libctru/lib/libctru.a(apt.o) (svcExitProcess)
/opt/devkitpro/libctru/lib/libctru.a(stack_adjust.o)
                              /opt/devkitpro/devkitARM/lib/gcc/arm-none-eabi/6.3.0/../../../../arm-none-eabi/lib/armv6k/fpu/3dsx_crt0.o (initSystem)
/opt/devkitpro/libctru/lib/libctru.a(default_font.bin.o)
                              /opt/devkitpro/libctru/lib/libctru.a(console.o) (default_font_bin)
/opt/devkitpro/libctru/lib/libctru.a(linear.o)
                              /opt/devkitpro/libctru/lib/libctru.a(gfx.o) (linearAlloc)
/opt/devkitpro/libctru/lib/libctru.a(mappable.o)
                              /opt/devkitpro/libctru/lib/libctru.a(gfx.o) (mappableAlloc)
/opt/devkitpro/libctru/lib/libctru.a(vram.o)
                              /opt/devkitpro/libctru/lib/libctru.a(gfx.o) (vramAlloc)
/opt/devkitpro/libctru/lib/libctru.a(thread.o)
                              /opt/devkitpro/libctru/lib/libctru.a(apt.o) (threadCreate)
/opt/devkitpro/libctru/lib/libctru.a(srv.o)
                              /opt/devkitpro/libctru/lib/libctru.a(apt.o) (srvInit)
/opt/devkitpro/libctru/lib/libctru.a(os.o)
                              /opt/devkitpro/libctru/lib/libctru.a(apt.o) (__ctru_speedup_config)
/opt/devkitpro/libctru/lib/libctru.a(env.o)
                              /opt/devkitpro/libctru/lib/libctru.a(fs.o) (envGetHandle)
/opt/devkitpro/libctru/lib/libctru.a(synchronization.o)
                              /opt/devkitpro/libctru/lib/libctru.a(initSystem.o) (__sync_init)
/opt/devkitpro/libctru/lib/libctru.a(ptmsysm.o)
                              /opt/devkitpro/libctru/lib/libctru.a(os.o) (ptmSysmInit)
/opt/devkitpro/libctru/lib/libctru.a(rbtree_find.o)
                              /opt/devkitpro/libctru/lib/libctru.a(linear.o) (rbtree_find)
/opt/devkitpro/libctru/lib/libctru.a(rbtree_remove.o)
                              /opt/devkitpro/libctru/lib/libctru.a(linear.o) (rbtree_remove)
/opt/devkitpro/libctru/lib/libctru.a(rbtree_iterator.o)
                              /opt/devkitpro/libctru/lib/libctru.a(rbtree_remove.o) (rbtree_node_next)
/opt/devkitpro/libctru/lib/libctru.a(rbtree_rotate.o)
                              /opt/devkitpro/libctru/lib/libctru.a(rbtree_remove.o) (rbtree_rotate)
/opt/devkitpro/libctru/lib/libctru.a(rbtree_insert.o)
                              /opt/devkitpro/libctru/lib/libctru.a(linear.o) (rbtree_insert)
/opt/devkitpro/libctru/lib/libctru.a(rbtree_init.o)
                              /opt/devkitpro/libctru/lib/libctru.a(linear.o) (rbtree_init)
/opt/devkitpro/libctru/lib/libctru.a(ctru_exit.o)
                              /opt/devkitpro/libctru/lib/libctru.a(stack_adjust.o) (__libctru_exit)
/opt/devkitpro/libctru/lib/libctru.a(appExit.o)
                              /opt/devkitpro/libctru/lib/libctru.a(stack_adjust.o) (__appExit)
/opt/devkitpro/libctru/lib/libctru.a(allocateHeaps.o)
                              /opt/devkitpro/libctru/lib/libctru.a(initSystem.o) (__system_allocateHeaps)
/opt/devkitpro/libctru/lib/libctru.a(syscalls.o)
                              /opt/devkitpro/libctru/lib/libctru.a(initSystem.o) (__system_initSyscalls)
/opt/devkitpro/libctru/lib/libctru.a(appInit.o)
                              /opt/devkitpro/libctru/lib/libctru.a(stack_adjust.o) (__appInit)
/opt/devkitpro/libctru/lib/libctru.a(mem_pool.o)
                              /opt/devkitpro/libctru/lib/libctru.a(linear.o) (MemPool::Allocate(MemChunk&, unsigned long, int))
/opt/devkitpro/libctru/lib/libctru.a(sdmc_dev.o)
                              /opt/devkitpro/libctru/lib/libctru.a(appInit.o) (sdmcInit)
[...]
Memory Configuration

Name             Origin             Length             Attributes
*default*        0x00000000         0xffffffff

Linker script and memory map

                0x00100000                PROVIDE (__start__, 0x100000)
                0x00100000                . = __start__

.text           0x00100000    0x1a13c
 *(.crt0)
 .crt0          0x00100000       0x94 /opt/devkitpro/devkitARM/lib/gcc/arm-none-eabi/6.3.0/../../../../arm-none-eabi/lib/armv6k/fpu/3dsx_crt0.o
                0x00100000                _start
                0x00100008                __service_ptr
                0x0010000c                __apt_appid
                0x00100010                __heap_size
                0x00100014                __linear_heap_size
                0x00100018                __system_arglist
                0x0010001c                __system_runflags
 *(.init)
 .init          0x00100094        0xc /opt/devkitpro/devkitARM/lib/gcc/arm-none-eabi/6.3.0/armv6k/fpu/crti.o
                0x00100094                _init
 .init          0x001000a0        0xc /opt/devkitpro/devkitARM/lib/gcc/arm-none-eabi/6.3.0/armv6k/fpu/crtn.o
                0x001000ac                . = ALIGN (0x4)
 *(.text)
 .text          0x001000ac       0x64 /opt/devkitpro/libctru/lib/libctru.a(stack_adjust.o)
                0x001000ac                initSystem
                0x001000f0                __ctru_exit
 .text          0x00100110      0x240 /opt/devkitpro/devkitARM/lib/gcc/arm-none-eabi/6.3.0/armv6k/fpu/libgcc.a(_divsi3.o)
                0x00100110                __aeabi_idiv
                0x00100110                __divsi3
                0x00100330                __aeabi_idivmod
 .text          0x00100350        0x4 /opt/devkitpro/devkitARM/lib/gcc/arm-none-eabi/6.3.0/armv6k/fpu/libgcc.a(_dvmd_tls.o)
                0x00100350                __aeabi_ldiv0
                0x00100350                __aeabi_idiv0
 .text          0x00100354       0x3c /opt/devkitpro/devkitARM/lib/gcc/arm-none-eabi/6.3.0/armv6k/fpu/libgcc.a(_aeabi_uldivmod.o)
                0x00100354                __aeabi_uldivmod
 *fill*         0x00100390       0x10 
 .text          0x001003a0      0x390 /opt/devkitpro/devkitARM/lib/gcc/arm-none-eabi/6.3.0/../../../../arm-none-eabi/lib/armv6k/fpu/libg.a(lib_a-strcmp.o)
                0x001003a8                strcmp
 .text          0x00100730      0x20c /opt/devkitpro/devkitARM/lib/gcc/arm-none-eabi/6.3.0/armv6k/fpu/libgcc.a(_udivsi3.o)
                0x00100730                __udivsi3
                0x00100730                __aeabi_uidiv
                0x0010091c                __aeabi_uidivmod
 *(.text.*)
 .text.deregister_tm_clones
                0x0010093c       0x30 /opt/devkitpro/devkitARM/lib/gcc/arm-none-eabi/6.3.0/armv6k/fpu/crtbegin.o
 .text.register_tm_clones
                0x0010096c       0x38 /opt/devkitpro/devkitARM/lib/gcc/arm-none-eabi/6.3.0/armv6k/fpu/crtbegin.o
 .text.__do_global_dtors_aux
                0x001009a4       0x44 /opt/devkitpro/devkitARM/lib/gcc/arm-none-eabi/6.3.0/armv6k/fpu/crtbegin.o
 .text.frame_dummy
                0x001009e8       0x5c /opt/devkitpro/devkitARM/lib/gcc/arm-none-eabi/6.3.0/armv6k/fpu/crtbegin.o
 .text.colorTest.13262
                0x00100a44      0x358 main.o
 .text.startup.main
                0x00100d9c      0x12c main.o
                0x00100d9c                main
 .text.gfxSetFramebufferInfo.part.0
                0x00100ec8       0x8c /opt/devkitpro/libctru/lib/libctru.a(gfx.o)
 .text.__get_bytes_per_pixel
                0x00100f54       0x18 /opt/devkitpro/libctru/lib/libctru.a(gfx.o)
                0x00100f54                __get_bytes_per_pixel
 .text.gfxSetScreenFormat
                0x00100f6c      0x174 /opt/devkitpro/libctru/lib/libctru.a(gfx.o)
                0x00100f6c                gfxSetScreenFormat
 .text.gfxSetDoubleBuffering
                0x001010e0       0x14 /opt/devkitpro/libctru/lib/libctru.a(gfx.o)
                0x001010e0                gfxSetDoubleBuffering
 .text.gfxSetFramebufferInfo
                0x001010f4       0x70 /opt/devkitpro/libctru/lib/libctru.a(gfx.o)
                0x001010f4                gfxSetFramebufferInfo
 .text.gfxWriteFramebufferInfo
                0x00101164       0x88 /opt/devkitpro/libctru/lib/libctru.a(gfx.o)
                0x00101164                gfxWriteFramebufferInfo
 .text.gfxInit  0x001011ec      0x1fc /opt/devkitpro/libctru/lib/libctru.a(gfx.o)
                0x001011ec                gfxInit
 .text.gfxInitDefault
                0x001013e8       0x10 /opt/devkitpro/libctru/lib/libctru.a(gfx.o)
                0x001013e8                gfxInitDefault
 .text.gfxExit  0x001013f8       0xe0 /opt/devkitpro/libctru/lib/libctru.a(gfx.o)
                0x001013f8                gfxExit
 .text.gfxGetFramebuffer
                0x001014d8       0xb0 /opt/devkitpro/libctru/lib/libctru.a(gfx.o)
                0x001014d8                gfxGetFramebuffer
 .text.gfxFlushBuffers
                0x00101588       0xc8 /opt/devkitpro/libctru/lib/libctru.a(gfx.o)
                0x00101588                gfxFlushBuffers
 .text.gfxConfigScreen
                0x00101650       0x70 /opt/devkitpro/libctru/lib/libctru.a(gfx.o)
                0x00101650                gfxConfigScreen
 .text.gfxSwapBuffers
                0x001016c0       0x20 /opt/devkitpro/libctru/lib/libctru.a(gfx.o)
                0x001016c0                gfxSwapBuffers
 .text.gfxSwapBuffersGpu
                0x001016e0       0x20 /opt/devkitpro/libctru/lib/libctru.a(gfx.o)
                0x001016e0                gfxSwapBuffersGpu
 .text.debug_write
                0x00101700       0x1c /opt/devkitpro/libctru/lib/libctru.a(console.o)
                0x00101700                debug_write
 .text.consoleDrawChar
                0x0010171c      0x1b0 /opt/devkitpro/libctru/lib/libctru.a(console.o)
                0x0010171c                consoleDrawChar
 .text.consolePrintChar
                0x001018cc      0x124 /opt/devkitpro/libctru/lib/libctru.a(console.o)
                0x001018cc                consolePrintChar
 .text.consoleCls
                0x001019f0      0x190 /opt/devkitpro/libctru/lib/libctru.a(console.o)
 .text.consoleInit
                0x00101b80       0xf8 /opt/devkitpro/libctru/lib/libctru.a(console.o)
                0x00101b80                consoleInit
 .text.consoleClearLine
                0x00101c78      0x144 /opt/devkitpro/libctru/lib/libctru.a(console.o)
 .text.newRow   0x00101dbc       0xbc /opt/devkitpro/libctru/lib/libctru.a(console.o)
 .text.con_write
                0x00101e78      0x79c /opt/devkitpro/libctru/lib/libctru.a(console.o)
                0x00101e78                con_write
 .text.fsSessionForArchive.part.0
                0x00102614       0x28 /opt/devkitpro/libctru/lib/libctru.a(fs.o)
 .text.fsInit   0x0010263c       0xc8 /opt/devkitpro/libctru/lib/libctru.a(fs.o)
                0x0010263c                fsInit
 .text.fsExit   0x00102704       0x38 /opt/devkitpro/libctru/lib/libctru.a(fs.o)
                0x00102704                fsExit
 .text.fsExemptFromSession
                0x0010273c       0xa0 /opt/devkitpro/libctru/lib/libctru.a(fs.o)
                0x0010273c                fsExemptFromSession
 .text.fsUnexemptFromSession
                0x001027dc       0x54 /opt/devkitpro/libctru/lib/libctru.a(fs.o)
                0x001027dc                fsUnexemptFromSession
 .text.FSUSER_OpenFile
                0x00102830       0xbc /opt/devkitpro/libctru/lib/libctru.a(fs.o)
                0x00102830                FSUSER_OpenFile
 .text.FSUSER_DeleteFile
                0x001028ec       0xa4 /opt/devkitpro/libctru/lib/libctru.a(fs.o)
                0x001028ec                FSUSER_DeleteFile
 .text.FSUSER_RenameFile
                0x00102990       0xe0 /opt/devkitpro/libctru/lib/libctru.a(fs.o)
                0x00102990                FSUSER_RenameFile
 .text.FSUSER_DeleteDirectory
                0x00102a70       0xa4 /opt/devkitpro/libctru/lib/libctru.a(fs.o)
                0x00102a70                FSUSER_DeleteDirectory
 .text.FSUSER_CreateFile
                0x00102b14       0xbc /opt/devkitpro/libctru/lib/libctru.a(fs.o)
                0x00102b14                FSUSER_CreateFile
 .text.FSUSER_CreateDirectory
                0x00102bd0       0xac /opt/devkitpro/libctru/lib/libctru.a(fs.o)
                0x00102bd0                FSUSER_CreateDirectory
 .text.FSUSER_RenameDirectory
                0x00102c7c       0xe0 /opt/devkitpro/libctru/lib/libctru.a(fs.o)
                0x00102c7c                FSUSER_RenameDirectory
 .text.FSUSER_OpenDirectory
                0x00102d5c       0xa4 /opt/devkitpro/libctru/lib/libctru.a(fs.o)
                0x00102d5c                FSUSER_OpenDirectory
 .text.FSUSER_OpenArchive
                0x00102e00       0x98 /opt/devkitpro/libctru/lib/libctru.a(fs.o)
                0x00102e00                FSUSER_OpenArchive
 .text.FSUSER_CloseArchive
                0x00102e98       0x74 /opt/devkitpro/libctru/lib/libctru.a(fs.o)
                0x00102e98                FSUSER_CloseArchive
 .text.FSUSER_GetCardType
                0x00102f0c       0x58 /opt/devkitpro/libctru/lib/libctru.a(fs.o)
                0x00102f0c                FSUSER_GetCardType
 .text.FSUSER_GetSdmcArchiveResource
                0x00102f64       0x78 /opt/devkitpro/libctru/lib/libctru.a(fs.o)
                0x00102f64                FSUSER_GetSdmcArchiveResource
 .text.FSUSER_IsSdmcWritable
                0x00102fdc       0x64 /opt/devkitpro/libctru/lib/libctru.a(fs.o)
                0x00102fdc                FSUSER_IsSdmcWritable
 .text.FSUSER_CardSlotIsInserted
                0x00103040       0x64 /opt/devkitpro/libctru/lib/libctru.a(fs.o)
                0x00103040                FSUSER_CardSlotIsInserted
 .text.FSFILE_Read
                0x001030a4       0x5c /opt/devkitpro/libctru/lib/libctru.a(fs.o)
                0x001030a4                FSFILE_Read
 .text.FSFILE_Write
                0x00103100       0x64 /opt/devkitpro/libctru/lib/libctru.a(fs.o)
                0x00103100                FSFILE_Write
 .text.FSFILE_GetSize
                0x00103164       0x3c /opt/devkitpro/libctru/lib/libctru.a(fs.o)
                0x00103164                FSFILE_GetSize
 .text.FSFILE_SetSize
                0x001031a0       0x2c /opt/devkitpro/libctru/lib/libctru.a(fs.o)
                0x001031a0                FSFILE_SetSize
 .text.FSFILE_Close
                0x001031cc       0x3c /opt/devkitpro/libctru/lib/libctru.a(fs.o)
                0x001031cc                FSFILE_Close
 .text.FSFILE_Flush
                0x00103208       0x24 /opt/devkitpro/libctru/lib/libctru.a(fs.o)
                0x00103208                FSFILE_Flush
 .text.FSDIR_Read
                0x0010322c       0x54 /opt/devkitpro/libctru/lib/libctru.a(fs.o)
                0x0010322c                FSDIR_Read
 .text.FSDIR_Close
                0x00103280       0x3c /opt/devkitpro/libctru/lib/libctru.a(fs.o)
                0x00103280                FSDIR_Close
 .text.hidExit  0x001032bc       0xd0 /opt/devkitpro/libctru/lib/libctru.a(hid.o)
                0x001032bc                hidExit
 .text.hidScanInput
                0x0010338c      0x234 /opt/devkitpro/libctru/lib/libctru.a(hid.o)
                0x0010338c                hidScanInput
 .text.hidKeysDown
                0x001035c0       0x10 /opt/devkitpro/libctru/lib/libctru.a(hid.o)
                0x001035c0                hidKeysDown
 .text.HIDUSER_GetHandles
                0x001035d0       0x90 /opt/devkitpro/libctru/lib/libctru.a(hid.o)
                0x001035d0                HIDUSER_GetHandles
 .text.hidInit  0x00103660      0x18c /opt/devkitpro/libctru/lib/libctru.a(hid.o)
                0x00103660                hidInit
 .text._aptDebug
                0x001037ec        0x4 /opt/devkitpro/libctru/lib/libctru.a(apt.o)
                0x001037ec                _aptDebug
 .text.aptSendCommand
                0x001037f0      0x130 /opt/devkitpro/libctru/lib/libctru.a(apt.o)
                0x001037f0                aptSendCommand
 .text.aptExitProcess
                0x00103920       0x3c /opt/devkitpro/libctru/lib/libctru.a(apt.o)
 .text.APT_InquireNotification
                0x0010395c       0x4c /opt/devkitpro/libctru/lib/libctru.a(apt.o)
                0x0010395c                APT_InquireNotification
 .text.aptEventHandler
                0x001039a8      0x19c /opt/devkitpro/libctru/lib/libctru.a(apt.o)
 .text.APT_AppletUtility
                0x00103b44       0x74 /opt/devkitpro/libctru/lib/libctru.a(apt.o)
                0x00103b44                APT_AppletUtility
 .text.aptSetSleepAllowed
                0x00103bb8       0xb4 /opt/devkitpro/libctru/lib/libctru.a(apt.o)
                0x00103bb8                aptSetSleepAllowed
 .text.APT_GlanceParameter
                0x00103c6c       0xb4 /opt/devkitpro/libctru/lib/libctru.a(apt.o)
                0x00103c6c                APT_GlanceParameter
 .text.APT_ReceiveParameter
                0x00103d20       0xc0 /opt/devkitpro/libctru/lib/libctru.a(apt.o)
                0x00103d20                APT_ReceiveParameter
 .text.aptReceiveParameter.constprop.1
                0x00103de0       0xa8 /opt/devkitpro/libctru/lib/libctru.a(apt.o)
 .text.aptScreenTransfer
                0x00103e88      0x1ec /opt/devkitpro/libctru/lib/libctru.a(apt.o)
 .text.aptWaitForWakeUp
                0x00104074      0x228 /opt/devkitpro/libctru/lib/libctru.a(apt.o)
 .text.APT_CancelParameter
                0x0010429c       0x70 /opt/devkitpro/libctru/lib/libctru.a(apt.o)
                0x0010429c                APT_CancelParameter
 .text.aptInit  0x0010430c      0x230 /opt/devkitpro/libctru/lib/libctru.a(apt.o)
                0x0010430c                aptInit
 .text.aptClearParamQueue
                0x0010453c       0x8c /opt/devkitpro/libctru/lib/libctru.a(apt.o)
 .text.aptMainLoop
                0x001045c8      0x214 /opt/devkitpro/libctru/lib/libctru.a(apt.o)
                0x001045c8                aptMainLoop
 .text.aptExit  0x001047dc      0x148 /opt/devkitpro/libctru/lib/libctru.a(apt.o)
                0x001047dc                aptExit
 .text.APT_CheckNew3DS
                0x00104924       0x70 /opt/devkitpro/libctru/lib/libctru.a(apt.o)
                0x00104924                APT_CheckNew3DS
 .text.gspEventThreadMain
                0x00104994      0x160 /opt/devkitpro/libctru/lib/libctru.a(gspgpu.o)
 .text.gspInit  0x00104af4       0x74 /opt/devkitpro/libctru/lib/libctru.a(gspgpu.o)
                0x00104af4                gspInit
 .text.gspExit  0x00104b68       0x3c /opt/devkitpro/libctru/lib/libctru.a(gspgpu.o)
                0x00104b68                gspExit
 .text.gspInitEventHandler
                0x00104ba4       0x88 /opt/devkitpro/libctru/lib/libctru.a(gspgpu.o)
                0x00104ba4                gspInitEventHandler
 .text.gspExitEventHandler
                0x00104c2c       0x30 /opt/devkitpro/libctru/lib/libctru.a(gspgpu.o)
                0x00104c2c                gspExitEventHandler
 .text.gspWaitForEvent
                0x00104c5c       0x44 /opt/devkitpro/libctru/lib/libctru.a(gspgpu.o)
                0x00104c5c                gspWaitForEvent
 .text.GSPGPU_SetBufferSwap
                0x00104ca0       0x6c /opt/devkitpro/libctru/lib/libctru.a(gspgpu.o)
                0x00104ca0                GSPGPU_SetBufferSwap
 .text.GSPGPU_FlushDataCache
                0x00104d0c       0x4c /opt/devkitpro/libctru/lib/libctru.a(gspgpu.o)
                0x00104d0c                GSPGPU_FlushDataCache
 .text.GSPGPU_SetLcdForceBlack
                0x00104d58       0x34 /opt/devkitpro/libctru/lib/libctru.a(gspgpu.o)
                0x00104d58                GSPGPU_SetLcdForceBlack
 .text.GSPGPU_RegisterInterruptRelayQueue
                0x00104d8c       0x64 /opt/devkitpro/libctru/lib/libctru.a(gspgpu.o)
                0x00104d8c                GSPGPU_RegisterInterruptRelayQueue
 .text.GSPGPU_UnregisterInterruptRelayQueue
                0x00104df0       0x2c /opt/devkitpro/libctru/lib/libctru.a(gspgpu.o)
                0x00104df0                GSPGPU_UnregisterInterruptRelayQueue
 .text.GSPGPU_AcquireRight
                0x00104e1c       0x48 /opt/devkitpro/libctru/lib/libctru.a(gspgpu.o)
                0x00104e1c                GSPGPU_AcquireRight
 .text.GSPGPU_ReleaseRight
                0x00104e64       0x2c /opt/devkitpro/libctru/lib/libctru.a(gspgpu.o)
                0x00104e64                GSPGPU_ReleaseRight
 .text.GSPGPU_ImportDisplayCaptureInfo
                0x00104e90       0x80 /opt/devkitpro/libctru/lib/libctru.a(gspgpu.o)
                0x00104e90                GSPGPU_ImportDisplayCaptureInfo
 .text.GSPGPU_SaveVramSysArea
                0x00104f10       0x2c /opt/devkitpro/libctru/lib/libctru.a(gspgpu.o)
                0x00104f10                GSPGPU_SaveVramSysArea
 .text.GSPGPU_RestoreVramSysArea
                0x00104f3c       0x2c /opt/devkitpro/libctru/lib/libctru.a(gspgpu.o)
                0x00104f3c                GSPGPU_RestoreVramSysArea
 .text.irrstScanInput
                0x00104f68       0xb0 /opt/devkitpro/libctru/lib/libctru.a(irrst.o)
                0x00104f68                irrstScanInput
 .text.irrstKeysHeld
                0x00105018       0x1c /opt/devkitpro/libctru/lib/libctru.a(irrst.o)
                0x00105018                irrstKeysHeld
 .text.IRRST_GetHandles
                0x00105034       0x50 /opt/devkitpro/libctru/lib/libctru.a(irrst.o)
                0x00105034                IRRST_GetHandles
 .text.irrstInit
                0x00105084      0x150 /opt/devkitpro/libctru/lib/libctru.a(irrst.o)
                0x00105084                irrstInit
 .text.IRRST_Shutdown
                0x001051d4       0x2c /opt/devkitpro/libctru/lib/libctru.a(irrst.o)
                0x001051d4                IRRST_Shutdown
 .text.irrstExit
                0x00105200       0xac /opt/devkitpro/libctru/lib/libctru.a(irrst.o)
                0x00105200                irrstExit
 .text.__system_initArgv
                0x001052ac       0xe8 /opt/devkitpro/libctru/lib/libctru.a(initArgv.o)
                0x001052ac                __system_initArgv
 .text.__libctru_init
                0x00105394       0x38 /opt/devkitpro/libctru/lib/libctru.a(initSystem.o)
                0x00105394                __libctru_init
 .text.svcControlMemory
                0x001053cc       0x20 /opt/devkitpro/libctru/lib/libctru.a(svc.o)
                0x001053cc                svcControlMemory
 .text.svcExitProcess
                0x001053ec        0x8 /opt/devkitpro/libctru/lib/libctru.a(svc.o)
                0x001053ec                svcExitProcess
 .text.svcCreateThread
                0x001053f4       0x20 /opt/devkitpro/libctru/lib/libctru.a(svc.o)
                0x001053f4                svcCreateThread
 .text.svcExitThread
                0x00105414        0x8 /opt/devkitpro/libctru/lib/libctru.a(svc.o)
                0x00105414                svcExitThread
 .text.svcSleepThread
                0x0010541c        0x8 /opt/devkitpro/libctru/lib/libctru.a(svc.o)
                0x0010541c                svcSleepThread
 .text.svcReleaseMutex
                0x00105424        0x8 /opt/devkitpro/libctru/lib/libctru.a(svc.o)
                0x00105424                svcReleaseMutex
 .text.svcCreateEvent
                0x0010542c       0x14 /opt/devkitpro/libctru/lib/libctru.a(svc.o)
                0x0010542c                svcCreateEvent
 .text.svcSignalEvent
                0x00105440        0x8 /opt/devkitpro/libctru/lib/libctru.a(svc.o)
                0x00105440                svcSignalEvent
 .text.svcClearEvent
                0x00105448        0x8 /opt/devkitpro/libctru/lib/libctru.a(svc.o)
                0x00105448                svcClearEvent
 .text.svcMapMemoryBlock
                0x00105450        0x8 /opt/devkitpro/libctru/lib/libctru.a(svc.o)
                0x00105450                svcMapMemoryBlock
 .text.svcUnmapMemoryBlock
                0x00105458        0x8 /opt/devkitpro/libctru/lib/libctru.a(svc.o)
                0x00105458                svcUnmapMemoryBlock
 .text.svcCreateAddressArbiter
                0x00105460       0x14 /opt/devkitpro/libctru/lib/libctru.a(svc.o)
                0x00105460                svcCreateAddressArbiter
 .text.svcArbitrateAddress
                0x00105474       0x18 /opt/devkitpro/libctru/lib/libctru.a(svc.o)
                0x00105474                svcArbitrateAddress
 .text.svcCloseHandle
                0x0010548c        0x8 /opt/devkitpro/libctru/lib/libctru.a(svc.o)
                0x0010548c                svcCloseHandle
 .text.svcWaitSynchronization
                0x00105494        0x8 /opt/devkitpro/libctru/lib/libctru.a(svc.o)
                0x00105494                svcWaitSynchronization
 .text.svcWaitSynchronizationN
                0x0010549c       0x28 /opt/devkitpro/libctru/lib/libctru.a(svc.o)
                0x0010549c                svcWaitSynchronizationN
 .text.svcDuplicateHandle
                0x001054c4       0x14 /opt/devkitpro/libctru/lib/libctru.a(svc.o)
                0x001054c4                svcDuplicateHandle
 .text.svcGetSystemTick
                0x001054d8        0x8 /opt/devkitpro/libctru/lib/libctru.a(svc.o)
                0x001054d8                svcGetSystemTick
 .text.svcGetSystemInfo
                0x001054e0       0x18 /opt/devkitpro/libctru/lib/libctru.a(svc.o)
                0x001054e0                svcGetSystemInfo
 .text.svcConnectToPort
                0x001054f8       0x14 /opt/devkitpro/libctru/lib/libctru.a(svc.o)
                0x001054f8                svcConnectToPort
 .text.svcSendSyncRequest
                0x0010550c        0x8 /opt/devkitpro/libctru/lib/libctru.a(svc.o)
                0x0010550c                svcSendSyncRequest
 .text.svcBreak
                0x00105514        0x8 /opt/devkitpro/libctru/lib/libctru.a(svc.o)
                0x00105514                svcBreak
 .text.svcOutputDebugString
                0x0010551c        0x8 /opt/devkitpro/libctru/lib/libctru.a(svc.o)
                0x0010551c                svcOutputDebugString
 .text._ZL21addrMapNodeComparatorPK11rbtree_nodeS1_
                0x00105524       0x24 /opt/devkitpro/libctru/lib/libctru.a(linear.o)
 .text._ZL21addrMapNodeDestructorP11rbtree_node
                0x00105548        0x4 /opt/devkitpro/libctru/lib/libctru.a(linear.o)
 .text.linearMemAlign
                0x0010554c      0x13c /opt/devkitpro/libctru/lib/libctru.a(linear.o)
                0x0010554c                linearMemAlign
 .text.linearAlloc
                0x00105688        0x8 /opt/devkitpro/libctru/lib/libctru.a(linear.o)
                0x00105688                linearAlloc
 .text.linearFree
                0x00105690       0x50 /opt/devkitpro/libctru/lib/libctru.a(linear.o)
                0x00105690                linearFree
 .text._ZL21addrMapNodeComparatorPK11rbtree_nodeS1_
                0x001056e0       0x24 /opt/devkitpro/libctru/lib/libctru.a(mappable.o)
 .text._ZL21addrMapNodeDestructorP11rbtree_node
                0x00105704        0x4 /opt/devkitpro/libctru/lib/libctru.a(mappable.o)
 .text.mappableAlloc
                0x00105708       0xf4 /opt/devkitpro/libctru/lib/libctru.a(mappable.o)
                0x00105708                mappableAlloc
 .text.mappableFree
                0x001057fc       0x50 /opt/devkitpro/libctru/lib/libctru.a(mappable.o)
                0x001057fc                mappableFree
 .text._ZL21addrMapNodeComparatorPK11rbtree_nodeS1_
                0x0010584c       0x24 /opt/devkitpro/libctru/lib/libctru.a(vram.o)
 .text._ZL21addrMapNodeDestructorP11rbtree_node
                0x00105870        0x4 /opt/devkitpro/libctru/lib/libctru.a(vram.o)
 .text.vramMemAlign
                0x00105874      0x12c /opt/devkitpro/libctru/lib/libctru.a(vram.o)
                0x00105874                vramMemAlign
 .text.vramAlloc
                0x001059a0        0x8 /opt/devkitpro/libctru/lib/libctru.a(vram.o)
                0x001059a0                vramAlloc
 .text.vramFree
                0x001059a8       0x50 /opt/devkitpro/libctru/lib/libctru.a(vram.o)
                0x001059a8                vramFree
 .text.threadCreate
                0x001059f8      0x1bc /opt/devkitpro/libctru/lib/libctru.a(thread.o)
                0x001059f8                threadCreate
 .text.threadJoin
                0x00105bb4       0x24 /opt/devkitpro/libctru/lib/libctru.a(thread.o)
                0x00105bb4                threadJoin
 .text.threadExit
                0x00105bd8       0x70 /opt/devkitpro/libctru/lib/libctru.a(thread.o)
                0x00105bd8                threadExit
 .text._thread_begin
                0x00105c48       0x40 /opt/devkitpro/libctru/lib/libctru.a(thread.o)
 .text.srvExit  0x00105c88       0x50 /opt/devkitpro/libctru/lib/libctru.a(srv.o)
                0x00105c88                srvExit
 .text.srvRegisterClient
                0x00105cd8       0x38 /opt/devkitpro/libctru/lib/libctru.a(srv.o)
                0x00105cd8                srvRegisterClient
 .text.srvInit  0x00105d10       0x78 /opt/devkitpro/libctru/lib/libctru.a(srv.o)
                0x00105d10                srvInit
 .text.srvGetServiceHandleDirect
                0x00105d88       0x68 /opt/devkitpro/libctru/lib/libctru.a(srv.o)
                0x00105d88                srvGetServiceHandleDirect
 .text.srvGetServiceHandle
                0x00105df0       0x38 /opt/devkitpro/libctru/lib/libctru.a(srv.o)
                0x00105df0                srvGetServiceHandle
 .text.getSysTime
                0x00105e28       0x58 /opt/devkitpro/libctru/lib/libctru.a(os.o)
 .text.osGetMemRegionUsed
                0x00105e80       0x24 /opt/devkitpro/libctru/lib/libctru.a(os.o)
                0x00105e80                osGetMemRegionUsed
 *fill*         0x00105ea4        0x4 
 .text.__libctru_gtod
                0x00105ea8       0xf4 /opt/devkitpro/libctru/lib/libctru.a(os.o)
                0x00105ea8                __libctru_gtod
 .text.__ctru_speedup_config
                0x00105f9c       0x34 /opt/devkitpro/libctru/lib/libctru.a(os.o)
                0x00105f9c                __ctru_speedup_config
 .text.envGetHandle
                0x00105fd0       0x84 /opt/devkitpro/libctru/lib/libctru.a(env.o)
                0x00105fd0                envGetHandle
 .text.envDestroyHandles
                0x00106054       0x4c /opt/devkitpro/libctru/lib/libctru.a(env.o)
                0x00106054                envDestroyHandles
 .text.LightLock_Unlock.part.1
                0x001060a0       0x34 /opt/devkitpro/libctru/lib/libctru.a(synchronization.o)
 .text.__sync_init
                0x001060d4        0xc /opt/devkitpro/libctru/lib/libctru.a(synchronization.o)
                0x001060d4                __sync_init
 .text.__sync_fini
                0x001060e0       0x18 /opt/devkitpro/libctru/lib/libctru.a(synchronization.o)
                0x001060e0                __sync_fini
 .text.__sync_get_arbiter
                0x001060f8       0x10 /opt/devkitpro/libctru/lib/libctru.a(synchronization.o)
                0x001060f8                __sync_get_arbiter
 .text.LightLock_Init
                0x00106108       0x18 /opt/devkitpro/libctru/lib/libctru.a(synchronization.o)
                0x00106108                LightLock_Init
 .text.LightLock_Lock
                0x00106120       0xa0 /opt/devkitpro/libctru/lib/libctru.a(synchronization.o)
                0x00106120                LightLock_Lock
 .text.LightLock_TryLock
                0x001061c0       0x34 /opt/devkitpro/libctru/lib/libctru.a(synchronization.o)
                0x001061c0                LightLock_TryLock
 .text.LightLock_Unlock
                0x001061f4       0x20 /opt/devkitpro/libctru/lib/libctru.a(synchronization.o)
                0x001061f4                LightLock_Unlock
 .text.RecursiveLock_Init
                0x00106214       0x24 /opt/devkitpro/libctru/lib/libctru.a(synchronization.o)
                0x00106214                RecursiveLock_Init
 .text.RecursiveLock_Lock
                0x00106238       0x30 /opt/devkitpro/libctru/lib/libctru.a(synchronization.o)
                0x00106238                RecursiveLock_Lock
 .text.RecursiveLock_TryLock
                0x00106268       0x58 /opt/devkitpro/libctru/lib/libctru.a(synchronization.o)
                0x00106268                RecursiveLock_TryLock
 .text.RecursiveLock_Unlock
                0x001062c0       0x38 /opt/devkitpro/libctru/lib/libctru.a(synchronization.o)
                0x001062c0                RecursiveLock_Unlock
 .text.LightEvent_Init
                0x001062f8       0x38 /opt/devkitpro/libctru/lib/libctru.a(synchronization.o)
                0x001062f8                LightEvent_Init
 .text.LightEvent_Clear
                0x00106330       0x7c /opt/devkitpro/libctru/lib/libctru.a(synchronization.o)
                0x00106330                LightEvent_Clear
 .text.LightEvent_Signal
                0x001063ac       0xdc /opt/devkitpro/libctru/lib/libctru.a(synchronization.o)
                0x001063ac                LightEvent_Signal
 .text.LightEvent_Wait
                0x00106488       0xd0 /opt/devkitpro/libctru/lib/libctru.a(synchronization.o)
                0x00106488                LightEvent_Wait
 .text.ptmSysmInit
                0x00106558       0x70 /opt/devkitpro/libctru/lib/libctru.a(ptmsysm.o)
                0x00106558                ptmSysmInit
 .text.ptmSysmExit
                0x001065c8       0x34 /opt/devkitpro/libctru/lib/libctru.a(ptmsysm.o)
                0x001065c8                ptmSysmExit
 .text.PTMSYSM_ConfigureNew3DSCPU
                0x001065fc       0x34 /opt/devkitpro/libctru/lib/libctru.a(ptmsysm.o)
                0x001065fc                PTMSYSM_ConfigureNew3DSCPU
 .text.rbtree_find
                0x00106630       0x70 /opt/devkitpro/libctru/lib/libctru.a(rbtree_find.o)
                0x00106630                rbtree_find
 .text.rbtree_remove
                0x001066a0      0x324 /opt/devkitpro/libctru/lib/libctru.a(rbtree_remove.o)
                0x001066a0                rbtree_remove
 .text.rbtree_node_next
                0x001069c4       0x74 /opt/devkitpro/libctru/lib/libctru.a(rbtree_iterator.o)
                0x001069c4                rbtree_node_next
 .text.rbtree_rotate
                0x00106a38       0x94 /opt/devkitpro/libctru/lib/libctru.a(rbtree_rotate.o)
                0x00106a38                rbtree_rotate
 .text.do_insert
                0x00106acc      0x18c /opt/devkitpro/libctru/lib/libctru.a(rbtree_insert.o)
 .text.rbtree_insert
                0x00106c58        0x8 /opt/devkitpro/libctru/lib/libctru.a(rbtree_insert.o)
                0x00106c58                rbtree_insert
 .text.rbtree_init
                0x00106c60       0x14 /opt/devkitpro/libctru/lib/libctru.a(rbtree_init.o)
                0x00106c60                rbtree_init
 .text.__libctru_exit
                0x00106c74       0xa4 /opt/devkitpro/libctru/lib/libctru.a(ctru_exit.o)
                0x00106c74                __libctru_exit
 .text.__appExit
                0x00106d18       0x1c /opt/devkitpro/libctru/lib/libctru.a(appExit.o)
                0x00106d18                __appExit
 .text.osGetMemRegionSize
                0x00106d34       0x58 /opt/devkitpro/libctru/lib/libctru.a(allocateHeaps.o)
 .text.__system_allocateHeaps
                0x00106d8c      0x104 /opt/devkitpro/libctru/lib/libctru.a(allocateHeaps.o)
                0x00106d8c                __system_allocateHeaps
 .text.__ctru_get_reent
                0x00106e90       0x30 /opt/devkitpro/libctru/lib/libctru.a(syscalls.o)
 .text.__system_initSyscalls
                0x00106ec0       0xe4 /opt/devkitpro/libctru/lib/libctru.a(syscalls.o)
                0x00106ec0                __system_initSyscalls
 .text.__appInit
                0x00106fa4       0x1c /opt/devkitpro/libctru/lib/libctru.a(appInit.o)
                0x00106fa4                __appInit
 .text._ZN7MemPool13CoalesceRightEP8MemBlock
                0x00106fc0       0x98 /opt/devkitpro/libctru/lib/libctru.a(mem_pool.o)
                0x00106fc0                MemPool::CoalesceRight(MemBlock*)
 .text._ZN7MemPool8AllocateER8MemChunkmi
                0x00107058      0x178 /opt/devkitpro/libctru/lib/libctru.a(mem_pool.o)
                0x00107058                MemPool::Allocate(MemChunk&, unsigned long, int)
 .text._ZN7MemPool10DeallocateERK8MemChunk
                0x001071d0      0x100 /opt/devkitpro/libctru/lib/libctru.a(mem_pool.o)
                0x001071d0                MemPool::Deallocate(MemChunk const&)
 .text.sdmc_link
                0x001072d0       0x10 /opt/devkitpro/libctru/lib/libctru.a(sdmc_dev.o)
 .text.sdmc_dirreset
                0x001072e0       0x10 /opt/devkitpro/libctru/lib/libctru.a(sdmc_dev.o)
 .text.sdmc_fchmod
                0x001072f0       0x10 /opt/devkitpro/libctru/lib/libctru.a(sdmc_dev.o)
 .text.error_cmp
                0x00107300       0x24 /opt/devkitpro/libctru/lib/libctru.a(sdmc_dev.o)
 .text.sdmc_translate_error
                0x00107324       0x50 /opt/devkitpro/libctru/lib/libctru.a(sdmc_dev.o)
 .text.sdmc_fsync
                0x00107374       0x34 /opt/devkitpro/libctru/lib/libctru.a(sdmc_dev.o)
 .text.sdmc_ftruncate
                0x001073a8       0x54 /opt/devkitpro/libctru/lib/libctru.a(sdmc_dev.o)
 .text.sdmc_statvfs
                0x001073fc       0xb8 /opt/devkitpro/libctru/lib/libctru.a(sdmc_dev.o)
 .text.sdmc_dirclose
                0x001074b4       0x38 /opt/devkitpro/libctru/lib/libctru.a(sdmc_dev.o)
 .text.sdmc_dirnext
                0x001074ec      0x138 /opt/devkitpro/libctru/lib/libctru.a(sdmc_dev.o)
 .text.sdmc_close
                0x00107624       0x34 /opt/devkitpro/libctru/lib/libctru.a(sdmc_dev.o)
 .text.sdmc_fstat
                0x00107658       0x74 /opt/devkitpro/libctru/lib/libctru.a(sdmc_dev.o)
 .text.sdmc_seek
                0x001076cc       0xd8 /opt/devkitpro/libctru/lib/libctru.a(sdmc_dev.o)
 .text.sdmc_read
                0x001077a4       0x84 /opt/devkitpro/libctru/lib/libctru.a(sdmc_dev.o)
 .text.sdmc_write_safe
                0x00107828      0x110 /opt/devkitpro/libctru/lib/libctru.a(sdmc_dev.o)
 .text.sdmc_utf16path
                0x00107938      0x1b4 /opt/devkitpro/libctru/lib/libctru.a(sdmc_dev.o)
 .text.sdmc_rmdir
                0x00107aec       0x74 /opt/devkitpro/libctru/lib/libctru.a(sdmc_dev.o)
 .text.sdmc_diropen
                0x00107b60       0xa4 /opt/devkitpro/libctru/lib/libctru.a(sdmc_dev.o)
 .text.sdmc_chdir
                0x00107c04       0xa0 /opt/devkitpro/libctru/lib/libctru.a(sdmc_dev.o)
 .text.sdmc_mkdir
                0x00107ca4       0x98 /opt/devkitpro/libctru/lib/libctru.a(sdmc_dev.o)
 .text.sdmc_rename
                0x00107d3c      0x108 /opt/devkitpro/libctru/lib/libctru.a(sdmc_dev.o)
 .text.sdmc_unlink
                0x00107e44       0x74 /opt/devkitpro/libctru/lib/libctru.a(sdmc_dev.o)
 .text.sdmc_stat
                0x00107eb8      0x108 /opt/devkitpro/libctru/lib/libctru.a(sdmc_dev.o)
 .text.sdmc_open
                0x00107fc0      0x188 /opt/devkitpro/libctru/lib/libctru.a(sdmc_dev.o)
 .text.sdmc_chmod
                0x00108148       0x10 /opt/devkitpro/libctru/lib/libctru.a(sdmc_dev.o)
 .text.sdmcInit
                0x00108158      0x15c /opt/devkitpro/libctru/lib/libctru.a(sdmc_dev.o)
                0x00108158                sdmcInit
 .text.sdmcExit
                0x001082b4       0x58 /opt/devkitpro/libctru/lib/libctru.a(sdmc_dev.o)
                0x001082b4                sdmcExit
 .text.utf8_to_utf16
                0x0010830c       0xc0 /opt/devkitpro/libctru/lib/libctru.a(utf8_to_utf16.o)
                0x0010830c                utf8_to_utf16
 .text.decode_utf8
                0x001083cc      0x138 /opt/devkitpro/libctru/lib/libctru.a(decode_utf8.o)
                0x001083cc                decode_utf8
 .text.utf16_to_utf8
                0x00108504       0xe8 /opt/devkitpro/libctru/lib/libctru.a(utf16_to_utf8.o)
                0x00108504                utf16_to_utf8
 .text.encode_utf8
                0x001085ec      0x104 /opt/devkitpro/libctru/lib/libctru.a(encode_utf8.o)
                0x001085ec                encode_utf8
 .text.encode_utf16
                0x001086f0       0x68 /opt/devkitpro/libctru/lib/libctru.a(encode_utf16.o)
                0x001086f0                encode_utf16
 .text.__aeabi_read_tp
                0x00108758        0xc /opt/devkitpro/libctru/lib/libctru.a(readtp.o)
                0x00108758                __aeabi_read_tp
 .text.decode_utf16
                0x00108764       0x60 /opt/devkitpro/libctru/lib/libctru.a(decode_utf16.o)
                0x00108764                decode_utf16
 .text.__udivmoddi4
                0x001087c4      0x128 /opt/devkitpro/devkitARM/lib/gcc/arm-none-eabi/6.3.0/armv6k/fpu/libgcc.a(_udivmoddi4.o)
                0x001087c4                __udivmoddi4
 .text.bsearch  0x001088ec       0x74 /opt/devkitpro/devkitARM/lib/gcc/arm-none-eabi/6.3.0/../../../../arm-none-eabi/lib/armv6k/fpu/libg.a(lib_a-bsearch.o)
                0x001088ec                bsearch
 .text.__libc_fini_array
                0x00108960       0x40 /opt/devkitpro/devkitARM/lib/gcc/arm-none-eabi/6.3.0/../../../../arm-none-eabi/lib/armv6k/fpu/libg.a(lib_a-fini.o)
                0x00108960                __libc_fini_array
 .text.__libc_init_array
                0x001089a0       0x78 /opt/devkitpro/devkitARM/lib/gcc/arm-none-eabi/6.3.0/../../../../arm-none-eabi/lib/armv6k/fpu/libg.a(lib_a-init.o)
                0x001089a0                __libc_init_array
 .text.memalign
                0x00108a18       0x20 /opt/devkitpro/devkitARM/lib/gcc/arm-none-eabi/6.3.0/../../../../arm-none-eabi/lib/armv6k/fpu/libg.a(lib_a-malign.o)
                0x00108a18                memalign
 .text._memalign_r
                0x00108a38      0x158 /opt/devkitpro/devkitARM/lib/gcc/arm-none-eabi/6.3.0/../../../../arm-none-eabi/lib/armv6k/fpu/libg.a(lib_a-malignr.o)
                0x00108a38                _memalign_r
 .text.malloc   0x00108b90       0x18 /opt/devkitpro/devkitARM/lib/gcc/arm-none-eabi/6.3.0/../../../../arm-none-eabi/lib/armv6k/fpu/libg.a(lib_a-malloc.o)
                0x00108b90                malloc
 .text.free     0x00108ba8       0x18 /opt/devkitpro/devkitARM/lib/gcc/arm-none-eabi/6.3.0/../../../../arm-none-eabi/lib/armv6k/fpu/libg.a(lib_a-malloc.o)
                0x00108ba8                free
 .text._malloc_r
                0x00108bc0      0x78c /opt/devkitpro/devkitARM/lib/gcc/arm-none-eabi/6.3.0/../../../../arm-none-eabi/lib/armv6k/fpu/libg.a(lib_a-mallocr.o)
                0x00108bc0                _malloc_r
 .text.memchr   0x0010934c      0x104 /opt/devkitpro/devkitARM/lib/gcc/arm-none-eabi/6.3.0/../../../../arm-none-eabi/lib/armv6k/fpu/libg.a(lib_a-memchr-stub.o)
                0x0010934c                memchr
 .text.memcpy   0x00109450      0x114 /opt/devkitpro/devkitARM/lib/gcc/arm-none-eabi/6.3.0/../../../../arm-none-eabi/lib/armv6k/fpu/libg.a(lib_a-memcpy-stub.o)
                0x00109450                memcpy
 .text.memset   0x00109564      0x110 /opt/devkitpro/devkitARM/lib/gcc/arm-none-eabi/6.3.0/../../../../arm-none-eabi/lib/armv6k/fpu/libg.a(lib_a-memset.o)
                0x00109564                memset
 .text.__malloc_lock
                0x00109674        0xc /opt/devkitpro/devkitARM/lib/gcc/arm-none-eabi/6.3.0/../../../../arm-none-eabi/lib/armv6k/fpu/libg.a(lib_a-mlock.o)
                0x00109674                __malloc_lock
 .text.__malloc_unlock
                0x00109680        0xc /opt/devkitpro/devkitARM/lib/gcc/arm-none-eabi/6.3.0/../../../../arm-none-eabi/lib/armv6k/fpu/libg.a(lib_a-mlock.o)
                0x00109680                __malloc_unlock
 .text._puts_r  0x0010968c       0xe0 /opt/devkitpro/devkitARM/lib/gcc/arm-none-eabi/6.3.0/../../../../arm-none-eabi/lib/armv6k/fpu/libg.a(lib_a-puts.o)
                0x0010968c                _puts_r
 .text.puts     0x0010976c       0x18 /opt/devkitpro/devkitARM/lib/gcc/arm-none-eabi/6.3.0/../../../../arm-none-eabi/lib/armv6k/fpu/libg.a(lib_a-puts.o)
                0x0010976c                puts
 .text.rand     0x00109784       0x44 /opt/devkitpro/devkitARM/lib/gcc/arm-none-eabi/6.3.0/../../../../arm-none-eabi/lib/armv6k/fpu/libg.a(lib_a-rand.o)
                0x00109784                rand
 .text.setvbuf  0x001097c8      0x258 /opt/devkitpro/devkitARM/lib/gcc/arm-none-eabi/6.3.0/../../../../arm-none-eabi/lib/armv6k/fpu/libg.a(lib_a-setvbuf.o)
                0x001097c8                setvbuf
 .text.sscanf   0x00109a20       0x74 /opt/devkitpro/devkitARM/lib/gcc/arm-none-eabi/6.3.0/../../../../arm-none-eabi/lib/armv6k/fpu/libg.a(lib_a-sscanf.o)
                0x00109a20                sscanf
 .text.__sread  0x00109a94       0x3c /opt/devkitpro/devkitARM/lib/gcc/arm-none-eabi/6.3.0/../../../../arm-none-eabi/lib/armv6k/fpu/libg.a(lib_a-stdio.o)
                0x00109a94                __sread
 .text.__seofread
                0x00109ad0        0x8 /opt/devkitpro/devkitARM/lib/gcc/arm-none-eabi/6.3.0/../../../../arm-none-eabi/lib/armv6k/fpu/libg.a(lib_a-stdio.o)
                0x00109ad0                __seofread
 .text.__swrite
                0x00109ad8       0x64 /opt/devkitpro/devkitARM/lib/gcc/arm-none-eabi/6.3.0/../../../../arm-none-eabi/lib/armv6k/fpu/libg.a(lib_a-stdio.o)
                0x00109ad8                __swrite
 .text.__sseek  0x00109b3c       0x4c /opt/devkitpro/devkitARM/lib/gcc/arm-none-eabi/6.3.0/../../../../arm-none-eabi/lib/armv6k/fpu/libg.a(lib_a-stdio.o)
                0x00109b3c                __sseek
 .text.__sclose
                0x00109b88        0x8 /opt/devkitpro/devkitARM/lib/gcc/arm-none-eabi/6.3.0/../../../../arm-none-eabi/lib/armv6k/fpu/libg.a(lib_a-stdio.o)
                0x00109b88                __sclose
 .text.strlen   0x00109b90       0x5c /opt/devkitpro/devkitARM/lib/gcc/arm-none-eabi/6.3.0/../../../../arm-none-eabi/lib/armv6k/fpu/libg.a(lib_a-strlen-stub.o)
                0x00109b90                strlen
 .text.strncat  0x00109bec       0x9c /opt/devkitpro/devkitARM/lib/gcc/arm-none-eabi/6.3.0/../../../../arm-none-eabi/lib/armv6k/fpu/libg.a(lib_a-strncat.o)
                0x00109bec                strncat
 .text.strncpy  0x00109c88       0xd8 /opt/devkitpro/devkitARM/lib/gcc/arm-none-eabi/6.3.0/../../../../arm-none-eabi/lib/armv6k/fpu/libg.a(lib_a-strncpy.o)
                0x00109c88                strncpy
 .text.__ssvfscanf_r
                0x00109d60     0x290c /opt/devkitpro/devkitARM/lib/gcc/arm-none-eabi/6.3.0/../../../../arm-none-eabi/lib/armv6k/fpu/libg.a(lib_a-svfscanf.o)
                0x00109d60                __ssvfscanf_r
 .text._wcrtomb_r
                0x0010c66c       0xa0 /opt/devkitpro/devkitARM/lib/gcc/arm-none-eabi/6.3.0/../../../../arm-none-eabi/lib/armv6k/fpu/libg.a(lib_a-wcrtomb.o)
                0x0010c66c                _wcrtomb_r
 .text._wcsrtombs_r
                0x0010c70c       0x20 /opt/devkitpro/devkitARM/lib/gcc/arm-none-eabi/6.3.0/../../../../arm-none-eabi/lib/armv6k/fpu/libg.a(lib_a-wcsrtombs.o)
                0x0010c70c                _wcsrtombs_r
 .text.__swsetup_r
                0x0010c72c      0x144 /opt/devkitpro/devkitARM/lib/gcc/arm-none-eabi/6.3.0/../../../../arm-none-eabi/lib/armv6k/fpu/libg.a(lib_a-wsetup.o)
                0x0010c72c                __swsetup_r
 .text.__sflush_r
                0x0010c870      0x254 /opt/devkitpro/devkitARM/lib/gcc/arm-none-eabi/6.3.0/../../../../arm-none-eabi/lib/armv6k/fpu/libg.a(lib_a-fflush.o)
                0x0010c870                __sflush_r
 .text._fflush_r
                0x0010cac4       0x94 /opt/devkitpro/devkitARM/lib/gcc/arm-none-eabi/6.3.0/../../../../arm-none-eabi/lib/armv6k/fpu/libg.a(lib_a-fflush.o)
                0x0010cac4                _fflush_r
 .text._cleanup_r
                0x0010cb58        0xc /opt/devkitpro/devkitARM/lib/gcc/arm-none-eabi/6.3.0/../../../../arm-none-eabi/lib/armv6k/fpu/libg.a(lib_a-findfp.o)
                0x0010cb58                _cleanup_r
 .text.std.isra.0
                0x0010cb64       0x80 /opt/devkitpro/devkitARM/lib/gcc/arm-none-eabi/6.3.0/../../../../arm-none-eabi/lib/armv6k/fpu/libg.a(lib_a-findfp.o)
 .text.__sinit  0x0010cbe4       0x8c /opt/devkitpro/devkitARM/lib/gcc/arm-none-eabi/6.3.0/../../../../arm-none-eabi/lib/armv6k/fpu/libg.a(lib_a-findfp.o)
                0x0010cbe4                __sinit
 .text.__sfp_lock_acquire
                0x0010cc70        0xc /opt/devkitpro/devkitARM/lib/gcc/arm-none-eabi/6.3.0/../../../../arm-none-eabi/lib/armv6k/fpu/libg.a(lib_a-findfp.o)
                0x0010cc70                __sfp_lock_acquire
 .text.__sfp_lock_release
                0x0010cc7c        0xc /opt/devkitpro/devkitARM/lib/gcc/arm-none-eabi/6.3.0/../../../../arm-none-eabi/lib/armv6k/fpu/libg.a(lib_a-findfp.o)
                0x0010cc7c                __sfp_lock_release
 .text._malloc_trim_r
                0x0010cc88       0xf8 /opt/devkitpro/devkitARM/lib/gcc/arm-none-eabi/6.3.0/../../../../arm-none-eabi/lib/armv6k/fpu/libg.a(lib_a-freer.o)
                0x0010cc88                _malloc_trim_r
 .text._free_r  0x0010cd80      0x2e4 /opt/devkitpro/devkitARM/lib/gcc/arm-none-eabi/6.3.0/../../../../arm-none-eabi/lib/armv6k/fpu/libg.a(lib_a-freer.o)
                0x0010cd80                _free_r
 .text.__sfvwrite_r
                0x0010d064      0x4ac /opt/devkitpro/devkitARM/lib/gcc/arm-none-eabi/6.3.0/../../../../arm-none-eabi/lib/armv6k/fpu/libg.a(lib_a-fvwrite.o)
                0x0010d064                __sfvwrite_r
 .text._fwalk_reent
                0x0010d510       0x80 /opt/devkitpro/devkitARM/lib/gcc/arm-none-eabi/6.3.0/../../../../arm-none-eabi/lib/armv6k/fpu/libg.a(lib_a-fwalk.o)
                0x0010d510                _fwalk_reent
 .text.iswspace
                0x0010d590       0x74 /opt/devkitpro/devkitARM/lib/gcc/arm-none-eabi/6.3.0/../../../../arm-none-eabi/lib/armv6k/fpu/libg.a(lib_a-iswspace.o)
                0x0010d590                iswspace
 .text.__jp2uc  0x0010d604      0x204 /opt/devkitpro/devkitARM/lib/gcc/arm-none-eabi/6.3.0/../../../../arm-none-eabi/lib/armv6k/fpu/libg.a(lib_a-jp2uc.o)
 .text._jp2uc   0x0010d808       0xc8 /opt/devkitpro/devkitARM/lib/gcc/arm-none-eabi/6.3.0/../../../../arm-none-eabi/lib/armv6k/fpu/libg.a(lib_a-jp2uc.o)
                0x0010d808                _jp2uc
 .text.__locale_mb_cur_max
                0x0010d8d0       0x24 /opt/devkitpro/devkitARM/lib/gcc/arm-none-eabi/6.3.0/../../../../arm-none-eabi/lib/armv6k/fpu/libg.a(lib_a-locale.o)
                0x0010d8d0                __locale_mb_cur_max
 .text.__locale_ctype_ptr_l
                0x0010d8f4        0x8 /opt/devkitpro/devkitARM/lib/gcc/arm-none-eabi/6.3.0/../../../../arm-none-eabi/lib/armv6k/fpu/libg.a(lib_a-locale.o)
                0x0010d8f4                __locale_ctype_ptr_l
 .text.__locale_ctype_ptr
                0x0010d8fc       0x24 /opt/devkitpro/devkitARM/lib/gcc/arm-none-eabi/6.3.0/../../../../arm-none-eabi/lib/armv6k/fpu/libg.a(lib_a-locale.o)
                0x0010d8fc                __locale_ctype_ptr
 .text.__localeconv_l
                0x0010d920        0x8 /opt/devkitpro/devkitARM/lib/gcc/arm-none-eabi/6.3.0/../../../../arm-none-eabi/lib/armv6k/fpu/libg.a(lib_a-localeconv.o)
                0x0010d920                __localeconv_l
 .text._localeconv_r
                0x0010d928       0x24 /opt/devkitpro/devkitARM/lib/gcc/arm-none-eabi/6.3.0/../../../../arm-none-eabi/lib/armv6k/fpu/libg.a(lib_a-localeconv.o)
                0x0010d928                _localeconv_r
 .text.__swhatbuf_r
                0x0010d94c       0x94 /opt/devkitpro/devkitARM/lib/gcc/arm-none-eabi/6.3.0/../../../../arm-none-eabi/lib/armv6k/fpu/libg.a(lib_a-makebuf.o)
                0x0010d94c                __swhatbuf_r
 .text.__smakebuf_r
                0x0010d9e0       0xf4 /opt/devkitpro/devkitARM/lib/gcc/arm-none-eabi/6.3.0/../../../../arm-none-eabi/lib/armv6k/fpu/libg.a(lib_a-makebuf.o)
                0x0010d9e0                __smakebuf_r
 .text._mbrtowc_r
                0x0010dad4       0xb4 /opt/devkitpro/devkitARM/lib/gcc/arm-none-eabi/6.3.0/../../../../arm-none-eabi/lib/armv6k/fpu/libg.a(lib_a-mbrtowc.o)
                0x0010dad4                _mbrtowc_r
 .text.__utf8_mbtowc
                0x0010db88      0x300 /opt/devkitpro/devkitARM/lib/gcc/arm-none-eabi/6.3.0/../../../../arm-none-eabi/lib/armv6k/fpu/libg.a(lib_a-mbtowc_r.o)
                0x0010db88                __utf8_mbtowc
 .text.memmove  0x0010de88      0x148 /opt/devkitpro/devkitARM/lib/gcc/arm-none-eabi/6.3.0/../../../../arm-none-eabi/lib/armv6k/fpu/libg.a(lib_a-memmove.o)
                0x0010de88                memmove
 .text._realloc_r
                0x0010dfd0      0x4cc /opt/devkitpro/devkitARM/lib/gcc/arm-none-eabi/6.3.0/../../../../arm-none-eabi/lib/armv6k/fpu/libg.a(lib_a-reallocr.o)
                0x0010dfd0                _realloc_r
 .text.__sccl   0x0010e49c       0xcc /opt/devkitpro/devkitARM/lib/gcc/arm-none-eabi/6.3.0/../../../../arm-none-eabi/lib/armv6k/fpu/libg.a(lib_a-sccl.o)
                0x0010e49c                __sccl
 .text.nanf     0x0010e568        0xc /opt/devkitpro/devkitARM/lib/gcc/arm-none-eabi/6.3.0/../../../../arm-none-eabi/lib/armv6k/fpu/libg.a(lib_a-sf_nan.o)
                0x0010e568                nanf
 .text.sprintf  0x0010e574       0x68 /opt/devkitpro/devkitARM/lib/gcc/arm-none-eabi/6.3.0/../../../../arm-none-eabi/lib/armv6k/fpu/libg.a(lib_a-sprintf.o)
                0x0010e574                sprintf
 .text.stpncpy  0x0010e5dc      0x100 /opt/devkitpro/devkitARM/lib/gcc/arm-none-eabi/6.3.0/../../../../arm-none-eabi/lib/armv6k/fpu/libg.a(lib_a-stpncpy.o)
                0x0010e5dc                stpncpy
 .text.strchr   0x0010e6dc      0x1ac /opt/devkitpro/devkitARM/lib/gcc/arm-none-eabi/6.3.0/../../../../arm-none-eabi/lib/armv6k/fpu/libg.a(lib_a-strchr.o)
                0x0010e6dc                strchr
 .text.strncmp  0x0010e888      0x108 /opt/devkitpro/devkitARM/lib/gcc/arm-none-eabi/6.3.0/../../../../arm-none-eabi/lib/armv6k/fpu/libg.a(lib_a-strncmp.o)
                0x0010e888                strncmp
 .text.unlikely.sulp
                0x0010e990       0x54 /opt/devkitpro/devkitARM/lib/gcc/arm-none-eabi/6.3.0/../../../../arm-none-eabi/lib/armv6k/fpu/libg.a(lib_a-strtod.o)
 *fill*         0x0010e9e4        0x4 
 .text._strtod_l
                0x0010e9e8     0x1434 /opt/devkitpro/devkitARM/lib/gcc/arm-none-eabi/6.3.0/../../../../arm-none-eabi/lib/armv6k/fpu/libg.a(lib_a-strtod.o)
                0x0010e9e8                _strtod_l
 .text._strtod_r
                0x0010fe1c       0x3c /opt/devkitpro/devkitARM/lib/gcc/arm-none-eabi/6.3.0/../../../../arm-none-eabi/lib/armv6k/fpu/libg.a(lib_a-strtod.o)
                0x0010fe1c                _strtod_r
 .text._strtol_l.isra.0
                0x0010fe58      0x220 /opt/devkitpro/devkitARM/lib/gcc/arm-none-eabi/6.3.0/../../../../arm-none-eabi/lib/armv6k/fpu/libg.a(lib_a-strtol.o)
 .text._strtol_r
                0x00110078       0x50 /opt/devkitpro/devkitARM/lib/gcc/arm-none-eabi/6.3.0/../../../../arm-none-eabi/lib/armv6k/fpu/libg.a(lib_a-strtol.o)
                0x00110078                _strtol_r
 .text._strtoll_l.isra.0
                0x001100c8      0x2dc /opt/devkitpro/devkitARM/lib/gcc/arm-none-eabi/6.3.0/../../../../arm-none-eabi/lib/armv6k/fpu/libg.a(lib_a-strtoll.o)
 .text._strtoll_r
                0x001103a4       0x50 /opt/devkitpro/devkitARM/lib/gcc/arm-none-eabi/6.3.0/../../../../arm-none-eabi/lib/armv6k/fpu/libg.a(lib_a-strtoll.o)
                0x001103a4                _strtoll_r
 .text._strtoul_l.isra.0
                0x001103f4      0x1e4 /opt/devkitpro/devkitARM/lib/gcc/arm-none-eabi/6.3.0/../../../../arm-none-eabi/lib/armv6k/fpu/libg.a(lib_a-strtoul.o)
 .text._strtoul_r
                0x001105d8       0x50 /opt/devkitpro/devkitARM/lib/gcc/arm-none-eabi/6.3.0/../../../../arm-none-eabi/lib/armv6k/fpu/libg.a(lib_a-strtoul.o)
                0x001105d8                _strtoul_r
 .text._strtoull_l.isra.0
                0x00110628      0x268 /opt/devkitpro/devkitARM/lib/gcc/arm-none-eabi/6.3.0/../../../../arm-none-eabi/lib/armv6k/fpu/libg.a(lib_a-strtoull.o)
 .text._strtoull_r
                0x00110890       0x50 /opt/devkitpro/devkitARM/lib/gcc/arm-none-eabi/6.3.0/../../../../arm-none-eabi/lib/armv6k/fpu/libg.a(lib_a-strtoull.o)
                0x00110890                _strtoull_r
 .text.__ssprint_r
                0x001108e0      0x188 /opt/devkitpro/devkitARM/lib/gcc/arm-none-eabi/6.3.0/../../../../arm-none-eabi/lib/armv6k/fpu/libg.a(lib_a-svfiprintf.o)
                0x001108e0                __ssprint_r
 .text._sungetc_r
                0x00110a68       0xe8 /opt/devkitpro/devkitARM/lib/gcc/arm-none-eabi/6.3.0/../../../../arm-none-eabi/lib/armv6k/fpu/libg.a(lib_a-svfiscanf.o)
                0x00110a68                _sungetc_r
 .text.__ssrefill_r
                0x00110b50       0x6c /opt/devkitpro/devkitARM/lib/gcc/arm-none-eabi/6.3.0/../../../../arm-none-eabi/lib/armv6k/fpu/libg.a(lib_a-svfiscanf.o)
                0x00110b50                __ssrefill_r
 .text._sfread_r
                0x00110bbc       0xd0 /opt/devkitpro/devkitARM/lib/gcc/arm-none-eabi/6.3.0/../../../../arm-none-eabi/lib/armv6k/fpu/libg.a(lib_a-svfiscanf.o)
                0x00110bbc                _sfread_r
 .text.get_arg  0x00110c8c     0x1624 /opt/devkitpro/devkitARM/lib/gcc/arm-none-eabi/6.3.0/../../../../arm-none-eabi/lib/armv6k/fpu/libg.a(lib_a-svfprintf.o)
 .text._svfprintf_r
                0x001122b0     0x41c4 /opt/devkitpro/devkitARM/lib/gcc/arm-none-eabi/6.3.0/../../../../arm-none-eabi/lib/armv6k/fpu/libg.a(lib_a-svfprintf.o)
                0x001122b0                _svfprintf_r
 .text.__submore
                0x00116474       0xa8 /opt/devkitpro/devkitARM/lib/gcc/arm-none-eabi/6.3.0/../../../../arm-none-eabi/lib/armv6k/fpu/libg.a(lib_a-ungetc.o)
                0x00116474                __submore
 .text._wcsnrtombs_l
                0x0011651c      0x174 /opt/devkitpro/devkitARM/lib/gcc/arm-none-eabi/6.3.0/../../../../arm-none-eabi/lib/armv6k/fpu/libg.a(lib_a-wcsnrtombs.o)
                0x0011651c                _wcsnrtombs_l
 .text._wcsnrtombs_r
                0x00116690       0x64 /opt/devkitpro/devkitARM/lib/gcc/arm-none-eabi/6.3.0/../../../../arm-none-eabi/lib/armv6k/fpu/libg.a(lib_a-wcsnrtombs.o)
                0x00116690                _wcsnrtombs_r
 .text.__utf8_wctomb
                0x001166f4       0xe8 /opt/devkitpro/devkitARM/lib/gcc/arm-none-eabi/6.3.0/../../../../arm-none-eabi/lib/armv6k/fpu/libg.a(lib_a-wctomb_r.o)
                0x001166f4                __utf8_wctomb
 .text.quorem   0x001167dc      0x1d0 /opt/devkitpro/devkitARM/lib/gcc/arm-none-eabi/6.3.0/../../../../arm-none-eabi/lib/armv6k/fpu/libg.a(lib_a-dtoa.o)
 *fill*         0x001169ac        0x4 
 .text._dtoa_r  0x001169b0     0x1260 /opt/devkitpro/devkitARM/lib/gcc/arm-none-eabi/6.3.0/../../../../arm-none-eabi/lib/armv6k/fpu/libg.a(lib_a-dtoa.o)
                0x001169b0                _dtoa_r
 .text._fclose_r
                0x00117c10      0x154 /opt/devkitpro/devkitARM/lib/gcc/arm-none-eabi/6.3.0/../../../../arm-none-eabi/lib/armv6k/fpu/libg.a(lib_a-fclose.o)
                0x00117c10                _fclose_r
 .text.rshift   0x00117d64       0xf0 /opt/devkitpro/devkitARM/lib/gcc/arm-none-eabi/6.3.0/../../../../arm-none-eabi/lib/armv6k/fpu/libg.a(lib_a-gdtoa-gethex.o)
 .text.__gethex
                0x00117e54      0x7f4 /opt/devkitpro/devkitARM/lib/gcc/arm-none-eabi/6.3.0/../../../../arm-none-eabi/lib/armv6k/fpu/libg.a(lib_a-gdtoa-gethex.o)
                0x00117e54                __gethex
 .text.__match  0x00118648       0x64 /opt/devkitpro/devkitARM/lib/gcc/arm-none-eabi/6.3.0/../../../../arm-none-eabi/lib/armv6k/fpu/libg.a(lib_a-gdtoa-hexnan.o)
                0x00118648                __match
 .text.__hexnan
                0x001186ac      0x264 /opt/devkitpro/devkitARM/lib/gcc/arm-none-eabi/6.3.0/../../../../arm-none-eabi/lib/armv6k/fpu/libg.a(lib_a-gdtoa-hexnan.o)
                0x001186ac                __hexnan
 .text._Balloc  0x00118910       0x88 /opt/devkitpro/devkitARM/lib/gcc/arm-none-eabi/6.3.0/../../../../arm-none-eabi/lib/armv6k/fpu/libg.a(lib_a-mprec.o)
                0x00118910                _Balloc
 .text._Bfree   0x00118998       0x1c /opt/devkitpro/devkitARM/lib/gcc/arm-none-eabi/6.3.0/../../../../arm-none-eabi/lib/armv6k/fpu/libg.a(lib_a-mprec.o)
                0x00118998                _Bfree
 .text.__multadd
                0x001189b4       0xd8 /opt/devkitpro/devkitARM/lib/gcc/arm-none-eabi/6.3.0/../../../../arm-none-eabi/lib/armv6k/fpu/libg.a(lib_a-mprec.o)
                0x001189b4                __multadd
 .text.__s2b    0x00118a8c       0xf0 /opt/devkitpro/devkitARM/lib/gcc/arm-none-eabi/6.3.0/../../../../arm-none-eabi/lib/armv6k/fpu/libg.a(lib_a-mprec.o)
                0x00118a8c                __s2b
 .text.__hi0bits
                0x00118b7c       0x58 /opt/devkitpro/devkitARM/lib/gcc/arm-none-eabi/6.3.0/../../../../arm-none-eabi/lib/armv6k/fpu/libg.a(lib_a-mprec.o)
                0x00118b7c                __hi0bits
 .text.__lo0bits
                0x00118bd4       0x9c /opt/devkitpro/devkitARM/lib/gcc/arm-none-eabi/6.3.0/../../../../arm-none-eabi/lib/armv6k/fpu/libg.a(lib_a-mprec.o)
                0x00118bd4                __lo0bits
 .text.__i2b    0x00118c70       0x20 /opt/devkitpro/devkitARM/lib/gcc/arm-none-eabi/6.3.0/../../../../arm-none-eabi/lib/armv6k/fpu/libg.a(lib_a-mprec.o)
                0x00118c70                __i2b
 .text.__multiply
                0x00118c90      0x1cc /opt/devkitpro/devkitARM/lib/gcc/arm-none-eabi/6.3.0/../../../../arm-none-eabi/lib/armv6k/fpu/libg.a(lib_a-mprec.o)
                0x00118c90                __multiply
 .text.__pow5mult
                0x00118e5c      0x100 /opt/devkitpro/devkitARM/lib/gcc/arm-none-eabi/6.3.0/../../../../arm-none-eabi/lib/armv6k/fpu/libg.a(lib_a-mprec.o)
                0x00118e5c                __pow5mult
 .text.__lshift
                0x00118f5c       0xe4 /opt/devkitpro/devkitARM/lib/gcc/arm-none-eabi/6.3.0/../../../../arm-none-eabi/lib/armv6k/fpu/libg.a(lib_a-mprec.o)
                0x00118f5c                __lshift
 .text.__mcmp   0x00119040       0x60 /opt/devkitpro/devkitARM/lib/gcc/arm-none-eabi/6.3.0/../../../../arm-none-eabi/lib/armv6k/fpu/libg.a(lib_a-mprec.o)
                0x00119040                __mcmp
 .text.__mdiff  0x001190a0      0x198 /opt/devkitpro/devkitARM/lib/gcc/arm-none-eabi/6.3.0/../../../../arm-none-eabi/lib/armv6k/fpu/libg.a(lib_a-mprec.o)
                0x001190a0                __mdiff
 .text.__ulp    0x00119238       0x78 /opt/devkitpro/devkitARM/lib/gcc/arm-none-eabi/6.3.0/../../../../arm-none-eabi/lib/armv6k/fpu/libg.a(lib_a-mprec.o)
                0x00119238                __ulp
 .text.__b2d    0x001192b0       0xd4 /opt/devkitpro/devkitARM/lib/gcc/arm-none-eabi/6.3.0/../../../../arm-none-eabi/lib/armv6k/fpu/libg.a(lib_a-mprec.o)
                0x001192b0                __b2d
 .text.__d2b    0x00119384      0x108 /opt/devkitpro/devkitARM/lib/gcc/arm-none-eabi/6.3.0/../../../../arm-none-eabi/lib/armv6k/fpu/libg.a(lib_a-mprec.o)
                0x00119384                __d2b
 .text.__ratio  0x0011948c       0x7c /opt/devkitpro/devkitARM/lib/gcc/arm-none-eabi/6.3.0/../../../../arm-none-eabi/lib/armv6k/fpu/libg.a(lib_a-mprec.o)
                0x0011948c                __ratio
 .text.__copybits
                0x00119508       0x6c /opt/devkitpro/devkitARM/lib/gcc/arm-none-eabi/6.3.0/../../../../arm-none-eabi/lib/armv6k/fpu/libg.a(lib_a-mprec.o)
                0x00119508                __copybits
 .text.__any_on
                0x00119574       0x80 /opt/devkitpro/devkitARM/lib/gcc/arm-none-eabi/6.3.0/../../../../arm-none-eabi/lib/armv6k/fpu/libg.a(lib_a-mprec.o)
                0x00119574                __any_on
 *fill*         0x001195f4        0x4 
 .text.frexp    0x001195f8       0x9c /opt/devkitpro/devkitARM/lib/gcc/arm-none-eabi/6.3.0/../../../../arm-none-eabi/lib/armv6k/fpu/libg.a(lib_a-s_frexp.o)
                0x001195f8                frexp
 .text._calloc_r
                0x00119694       0x90 /opt/devkitpro/devkitARM/lib/gcc/arm-none-eabi/6.3.0/../../../../arm-none-eabi/lib/armv6k/fpu/libg.a(lib_a-callocr.o)
                0x00119694                _calloc_r
 .text.null_write
                0x00119724        0x8 /opt/devkitpro/devkitARM/lib/gcc/arm-none-eabi/6.3.0/../../../../arm-none-eabi/lib/armv6k/fpu/libsysbase.a(iosupport.o)
 .text.setDefaultDevice
                0x0011972c       0x18 /opt/devkitpro/devkitARM/lib/gcc/arm-none-eabi/6.3.0/../../../../arm-none-eabi/lib/armv6k/fpu/libsysbase.a(iosupport.o)
                0x0011972c                setDefaultDevice
 .text.FindDevice
                0x00119744       0xcc /opt/devkitpro/devkitARM/lib/gcc/arm-none-eabi/6.3.0/../../../../arm-none-eabi/lib/armv6k/fpu/libsysbase.a(iosupport.o)
                0x00119744                FindDevice
 .text.RemoveDevice
                0x00119810       0x28 /opt/devkitpro/devkitARM/lib/gcc/arm-none-eabi/6.3.0/../../../../arm-none-eabi/lib/armv6k/fpu/libsysbase.a(iosupport.o)
                0x00119810                RemoveDevice
 .text.AddDevice
                0x00119838       0x98 /opt/devkitpro/devkitARM/lib/gcc/arm-none-eabi/6.3.0/../../../../arm-none-eabi/lib/armv6k/fpu/libsysbase.a(iosupport.o)
                0x00119838                AddDevice
 .text._close_r
                0x001198d0       0x84 /opt/devkitpro/devkitARM/lib/gcc/arm-none-eabi/6.3.0/../../../../arm-none-eabi/lib/armv6k/fpu/libsysbase.a(close.o)
                0x001198d0                _close_r
 .text._fstat_r
                0x00119954       0x7c /opt/devkitpro/devkitARM/lib/gcc/arm-none-eabi/6.3.0/../../../../arm-none-eabi/lib/armv6k/fpu/libsysbase.a(fstat.o)
                0x00119954                _fstat_r
 .text._isatty_r
                0x001199d0        0x8 /opt/devkitpro/devkitARM/lib/gcc/arm-none-eabi/6.3.0/../../../../arm-none-eabi/lib/armv6k/fpu/libsysbase.a(isatty.o)
                0x001199d0                _isatty_r
 .text._lseek_r
                0x001199d8       0x90 /opt/devkitpro/devkitARM/lib/gcc/arm-none-eabi/6.3.0/../../../../arm-none-eabi/lib/armv6k/fpu/libsysbase.a(lseek.o)
                0x001199d8                _lseek_r
 .text._read_r  0x00119a68       0x88 /opt/devkitpro/devkitARM/lib/gcc/arm-none-eabi/6.3.0/../../../../arm-none-eabi/lib/armv6k/fpu/libsysbase.a(read.o)
                0x00119a68                _read_r
 .text._sbrk_r  0x00119af0       0x70 /opt/devkitpro/devkitARM/lib/gcc/arm-none-eabi/6.3.0/../../../../arm-none-eabi/lib/armv6k/fpu/libsysbase.a(sbrk.o)
                0x00119af0                _sbrk_r
 .text._write_r
                0x00119b60       0x88 /opt/devkitpro/devkitARM/lib/gcc/arm-none-eabi/6.3.0/../../../../arm-none-eabi/lib/armv6k/fpu/libsysbase.a(write.o)
                0x00119b60                _write_r
 .text._concatenate_path
                0x00119be8      0x1d4 /opt/devkitpro/devkitARM/lib/gcc/arm-none-eabi/6.3.0/../../../../arm-none-eabi/lib/armv6k/fpu/libsysbase.a(chdir.o)
                0x00119be8                _concatenate_path
 .text.chdir    0x00119dbc      0x15c /opt/devkitpro/devkitARM/lib/gcc/arm-none-eabi/6.3.0/../../../../arm-none-eabi/lib/armv6k/fpu/libsysbase.a(chdir.o)
                0x00119dbc                chdir
 .text.__flockfile
                0x00119f18        0x8 /opt/devkitpro/devkitARM/lib/gcc/arm-none-eabi/6.3.0/../../../../arm-none-eabi/lib/armv6k/fpu/libsysbase.a(flock.o)
                0x00119f18                __flockfile
 .text.__funlockfile
                0x00119f20        0x8 /opt/devkitpro/devkitARM/lib/gcc/arm-none-eabi/6.3.0/../../../../arm-none-eabi/lib/armv6k/fpu/libsysbase.a(flock.o)
                0x00119f20                __funlockfile
 .text.__libc_lock_acquire
                0x00119f28       0x18 /opt/devkitpro/devkitARM/lib/gcc/arm-none-eabi/6.3.0/../../../../arm-none-eabi/lib/armv6k/fpu/libsysbase.a(syscall_support.o)
                0x00119f28                __libc_lock_acquire
 .text.__libc_lock_release
                0x00119f40       0x18 /opt/devkitpro/devkitARM/lib/gcc/arm-none-eabi/6.3.0/../../../../arm-none-eabi/lib/armv6k/fpu/libsysbase.a(syscall_support.o)
                0x00119f40                __libc_lock_release
 .text.__libc_lock_init_recursive
                0x00119f58       0x18 /opt/devkitpro/devkitARM/lib/gcc/arm-none-eabi/6.3.0/../../../../arm-none-eabi/lib/armv6k/fpu/libsysbase.a(syscall_support.o)
                0x00119f58                __libc_lock_init_recursive
 .text.__libc_lock_acquire_recursive
                0x00119f70       0x18 /opt/devkitpro/devkitARM/lib/gcc/arm-none-eabi/6.3.0/../../../../arm-none-eabi/lib/armv6k/fpu/libsysbase.a(syscall_support.o)
                0x00119f70                __libc_lock_acquire_recursive
 .text.__libc_lock_release_recursive
                0x00119f88       0x18 /opt/devkitpro/devkitARM/lib/gcc/arm-none-eabi/6.3.0/../../../../arm-none-eabi/lib/armv6k/fpu/libsysbase.a(syscall_support.o)
                0x00119f88                __libc_lock_release_recursive
 .text.__libc_lock_close_recursive
                0x00119fa0       0x18 /opt/devkitpro/devkitARM/lib/gcc/arm-none-eabi/6.3.0/../../../../arm-none-eabi/lib/armv6k/fpu/libsysbase.a(syscall_support.o)
                0x00119fa0                __libc_lock_close_recursive
 .text.__free_handle
                0x00119fb8       0x4c /opt/devkitpro/devkitARM/lib/gcc/arm-none-eabi/6.3.0/../../../../arm-none-eabi/lib/armv6k/fpu/libsysbase.a(handle_manager.o)
                0x00119fb8                __free_handle
 .text.__release_handle
                0x0011a004       0x40 /opt/devkitpro/devkitARM/lib/gcc/arm-none-eabi/6.3.0/../../../../arm-none-eabi/lib/armv6k/fpu/libsysbase.a(handle_manager.o)
                0x0011a004                __release_handle
 .text.__get_handle
                0x0011a044       0x18 /opt/devkitpro/devkitARM/lib/gcc/arm-none-eabi/6.3.0/../../../../arm-none-eabi/lib/armv6k/fpu/libsysbase.a(handle_manager.o)
                0x0011a044                __get_handle
 .text.__getreent
                0x0011a05c       0x28 /opt/devkitpro/devkitARM/lib/gcc/arm-none-eabi/6.3.0/../../../../arm-none-eabi/lib/armv6k/fpu/libsysbase.a(getreent.o)
                0x0011a05c                __getreent
 .text.strnlen  0x0011a084       0x5c /opt/devkitpro/devkitARM/lib/gcc/arm-none-eabi/6.3.0/../../../../arm-none-eabi/lib/armv6k/fpu/libg.a(lib_a-strnlen.o)
                0x0011a084                strnlen
 .text.strrchr  0x0011a0e0       0x44 /opt/devkitpro/devkitARM/lib/gcc/arm-none-eabi/6.3.0/../../../../arm-none-eabi/lib/armv6k/fpu/libg.a(lib_a-strrchr.o)
                0x0011a0e0                strrchr
 *(.glue_7)
 .glue_7        0x0011a124        0x0 linker stubs
 *(.glue_7t)
 .glue_7t       0x0011a124        0x0 linker stubs
 *(.stub)
 *(.gnu.warning)
 *(.gnu.linkonce.t*)
                0x0011a124                . = ALIGN (0x4)
 *(.fini)
 .fini          0x0011a124        0xc /opt/devkitpro/devkitARM/lib/gcc/arm-none-eabi/6.3.0/armv6k/fpu/crti.o
                0x0011a124                _fini
 .fini          0x0011a130        0xc /opt/devkitpro/devkitARM/lib/gcc/arm-none-eabi/6.3.0/armv6k/fpu/crtn.o
                0x0011a13c                . = ALIGN (0x4)

.vfp11_veneer   0x0011a13c        0x0
 .vfp11_veneer  0x0011a13c        0x0 linker stubs

.v4_bx          0x0011a13c        0x0
 .v4_bx         0x0011a13c        0x0 linker stubs

.iplt           0x0011a13c        0x0
 .iplt          0x0011a13c        0x0 /opt/devkitpro/devkitARM/lib/gcc/arm-none-eabi/6.3.0/../../../../arm-none-eabi/lib/armv6k/fpu/3dsx_crt0.o

.rodata         0x0011b000     0x4b80
 *(.rodata)
 .rodata        0x0011b000       0x1c /opt/devkitpro/libctru/lib/libctru.a(gfx.o)
 .rodata        0x0011b01c      0x168 /opt/devkitpro/libctru/lib/libctru.a(console.o)
 .rodata        0x0011b184        0xc /opt/devkitpro/libctru/lib/libctru.a(apt.o)
 .rodata        0x0011b190      0x804 /opt/devkitpro/libctru/lib/libctru.a(default_font.bin.o)
                0x0011b190                default_font_bin
                0x0011b990                default_font_bin_end
                0x0011b990                default_font_bin_size
 .rodata        0x0011b994       0x3c /opt/devkitpro/libctru/lib/libctru.a(sdmc_dev.o)
 *(.roda)
 *(.rodata.*)
 .rodata.str1.4
                0x0011b9d0      0x551 main.o
 *fill*         0x0011bf21        0x3 
 .rodata.str1.4
                0x0011bf24       0x70 /opt/devkitpro/libctru/lib/libctru.a(console.o)
 .rodata.str1.4
                0x0011bf94        0x8 /opt/devkitpro/libctru/lib/libctru.a(fs.o)
                                  0x9 (size before relaxing)
 .rodata.str1.4
                0x0011bf9c       0x15 /opt/devkitpro/libctru/lib/libctru.a(hid.o)
 *fill*         0x0011bfb1        0x3 
 .rodata.str1.4
                0x0011bfb4       0x16 /opt/devkitpro/libctru/lib/libctru.a(apt.o)
 *fill*         0x0011bfca        0x2 
 .rodata.str1.4
                0x0011bfcc        0x9 /opt/devkitpro/libctru/lib/libctru.a(gspgpu.o)
 *fill*         0x0011bfd5        0x3 
 .rodata.str1.4
                0x0011bfd8        0x7 /opt/devkitpro/libctru/lib/libctru.a(irrst.o)
 *fill*         0x0011bfdf        0x1 
 .rodata.str1.4
                0x0011bfe0        0x5 /opt/devkitpro/libctru/lib/libctru.a(srv.o)
 *fill*         0x0011bfe5        0x3 
 .rodata.str1.4
                0x0011bfe8        0x9 /opt/devkitpro/libctru/lib/libctru.a(ptmsysm.o)
 *fill*         0x0011bff1        0x3 
 .rodata.str1.4
                0x0011bff4        0xd /opt/devkitpro/libctru/lib/libctru.a(sdmc_dev.o)
                                 0x11 (size before relaxing)
 .rodata._puts_r.str1.4
                0x0011c001        0xd /opt/devkitpro/devkitARM/lib/gcc/arm-none-eabi/6.3.0/../../../../arm-none-eabi/lib/armv6k/fpu/libg.a(lib_a-puts.o)
                                  0x2 (size before relaxing)
 *fill*         0x0011c001        0x3 
 .rodata.__ssvfscanf_r.str1.4
                0x0011c004        0x5 /opt/devkitpro/devkitARM/lib/gcc/arm-none-eabi/6.3.0/../../../../arm-none-eabi/lib/armv6k/fpu/libg.a(lib_a-svfscanf.o)
 *fill*         0x0011c009        0x3 
 .rodata.basefix.8441
                0x0011c00c       0x22 /opt/devkitpro/devkitARM/lib/gcc/arm-none-eabi/6.3.0/../../../../arm-none-eabi/lib/armv6k/fpu/libg.a(lib_a-svfscanf.o)
 *fill*         0x0011c02e        0x2 
 .rodata._jp2uc.str1.4
                0x0011c030       0x12 /opt/devkitpro/devkitARM/lib/gcc/arm-none-eabi/6.3.0/../../../../arm-none-eabi/lib/armv6k/fpu/libg.a(lib_a-jp2uc.o)
 *fill*         0x0011c042        0x2 
 .rodata.a1     0x0011c044       0xbc /opt/devkitpro/devkitARM/lib/gcc/arm-none-eabi/6.3.0/../../../../arm-none-eabi/lib/armv6k/fpu/libg.a(lib_a-jp2uc.o)
 .rodata.a2     0x0011c100       0xbc /opt/devkitpro/devkitARM/lib/gcc/arm-none-eabi/6.3.0/../../../../arm-none-eabi/lib/armv6k/fpu/libg.a(lib_a-jp2uc.o)
 .rodata.a3     0x0011c1bc       0x5b /opt/devkitpro/devkitARM/lib/gcc/arm-none-eabi/6.3.0/../../../../arm-none-eabi/lib/armv6k/fpu/libg.a(lib_a-jp2uc.o)
 *fill*         0x0011c217        0x1 
 .rodata.a6     0x0011c218       0x70 /opt/devkitpro/devkitARM/lib/gcc/arm-none-eabi/6.3.0/../../../../arm-none-eabi/lib/armv6k/fpu/libg.a(lib_a-jp2uc.o)
 .rodata.a7     0x0011c288       0xa2 /opt/devkitpro/devkitARM/lib/gcc/arm-none-eabi/6.3.0/../../../../arm-none-eabi/lib/armv6k/fpu/libg.a(lib_a-jp2uc.o)
 *fill*         0x0011c32a        0x2 
 .rodata.a8     0x0011c32c       0x40 /opt/devkitpro/devkitARM/lib/gcc/arm-none-eabi/6.3.0/../../../../arm-none-eabi/lib/armv6k/fpu/libg.a(lib_a-jp2uc.o)
 .rodata.b02cf  0x0011c36c     0x172a /opt/devkitpro/devkitARM/lib/gcc/arm-none-eabi/6.3.0/../../../../arm-none-eabi/lib/armv6k/fpu/libg.a(lib_a-jp2uc.o)
 *fill*         0x0011da96        0x2 
 .rodata.d02f4  0x0011da98     0x1a7c /opt/devkitpro/devkitARM/lib/gcc/arm-none-eabi/6.3.0/../../../../arm-none-eabi/lib/armv6k/fpu/libg.a(lib_a-jp2uc.o)
 .rodata.str1.4
                0x0011f514       0x48 /opt/devkitpro/devkitARM/lib/gcc/arm-none-eabi/6.3.0/../../../../arm-none-eabi/lib/armv6k/fpu/libg.a(lib_a-locale.o)
                                 0x4c (size before relaxing)
 .rodata._mbrtowc_r.str1.4
                0x0011f55c        0x1 /opt/devkitpro/devkitARM/lib/gcc/arm-none-eabi/6.3.0/../../../../arm-none-eabi/lib/armv6k/fpu/libg.a(lib_a-mbrtowc.o)
 .rodata._strtod_l.str1.4
                0x0011f55c        0xf /opt/devkitpro/devkitARM/lib/gcc/arm-none-eabi/6.3.0/../../../../arm-none-eabi/lib/armv6k/fpu/libg.a(lib_a-strtod.o)
 *fill*         0x0011f56b        0x1 
 .rodata.fpi.7277
                0x0011f56c       0x14 /opt/devkitpro/devkitARM/lib/gcc/arm-none-eabi/6.3.0/../../../../arm-none-eabi/lib/armv6k/fpu/libg.a(lib_a-strtod.o)
 .rodata.fpinan.7313
                0x0011f580       0x14 /opt/devkitpro/devkitARM/lib/gcc/arm-none-eabi/6.3.0/../../../../arm-none-eabi/lib/armv6k/fpu/libg.a(lib_a-strtod.o)
 *fill*         0x0011f594        0x4 
 .rodata.tinytens
                0x0011f598       0x28 /opt/devkitpro/devkitARM/lib/gcc/arm-none-eabi/6.3.0/../../../../arm-none-eabi/lib/armv6k/fpu/libg.a(lib_a-strtod.o)
 .rodata.__action_table
                0x0011f5c0       0x6c /opt/devkitpro/devkitARM/lib/gcc/arm-none-eabi/6.3.0/../../../../arm-none-eabi/lib/armv6k/fpu/libg.a(lib_a-svfiprintf.o)
                0x0011f5c0                __action_table
 .rodata.__chclass
                0x0011f62c      0x100 /opt/devkitpro/devkitARM/lib/gcc/arm-none-eabi/6.3.0/../../../../arm-none-eabi/lib/armv6k/fpu/libg.a(lib_a-svfiprintf.o)
                0x0011f62c                __chclass
 .rodata.__state_table
                0x0011f72c       0x6c /opt/devkitpro/devkitARM/lib/gcc/arm-none-eabi/6.3.0/../../../../arm-none-eabi/lib/armv6k/fpu/libg.a(lib_a-svfiprintf.o)
                0x0011f72c                __state_table
 .rodata._svfprintf_r.str1.4
                0x0011f798       0x42 /opt/devkitpro/devkitARM/lib/gcc/arm-none-eabi/6.3.0/../../../../arm-none-eabi/lib/armv6k/fpu/libg.a(lib_a-svfprintf.o)
 *fill*         0x0011f7da        0x2 
 .rodata.blanks.8400
                0x0011f7dc       0x10 /opt/devkitpro/devkitARM/lib/gcc/arm-none-eabi/6.3.0/../../../../arm-none-eabi/lib/armv6k/fpu/libg.a(lib_a-svfprintf.o)
 .rodata.zeroes.8401
                0x0011f7ec       0x10 /opt/devkitpro/devkitARM/lib/gcc/arm-none-eabi/6.3.0/../../../../arm-none-eabi/lib/armv6k/fpu/libg.a(lib_a-svfprintf.o)
 .rodata._ctype_
                0x0011f7fc      0x101 /opt/devkitpro/devkitARM/lib/gcc/arm-none-eabi/6.3.0/../../../../arm-none-eabi/lib/armv6k/fpu/libg.a(lib_a-ctype_.o)
                0x0011f7fc                _ctype_
 *fill*         0x0011f8fd        0x3 
 .rodata._dtoa_r.str1.4
                0x0011f900       0x10 /opt/devkitpro/devkitARM/lib/gcc/arm-none-eabi/6.3.0/../../../../arm-none-eabi/lib/armv6k/fpu/libg.a(lib_a-dtoa.o)
                                 0x12 (size before relaxing)
 .rodata.__hexdig
                0x0011f910      0x100 /opt/devkitpro/devkitARM/lib/gcc/arm-none-eabi/6.3.0/../../../../arm-none-eabi/lib/armv6k/fpu/libg.a(lib_a-gdtoa-gethex.o)
                0x0011f910                __hexdig
 .rodata.__mprec_bigtens
                0x0011fa10       0x28 /opt/devkitpro/devkitARM/lib/gcc/arm-none-eabi/6.3.0/../../../../arm-none-eabi/lib/armv6k/fpu/libg.a(lib_a-mprec.o)
                0x0011fa10                __mprec_bigtens
 .rodata.__mprec_tens
                0x0011fa38       0xc8 /opt/devkitpro/devkitARM/lib/gcc/arm-none-eabi/6.3.0/../../../../arm-none-eabi/lib/armv6k/fpu/libg.a(lib_a-mprec.o)
                0x0011fa38                __mprec_tens
 .rodata.p05.7191
                0x0011fb00        0xc /opt/devkitpro/devkitARM/lib/gcc/arm-none-eabi/6.3.0/../../../../arm-none-eabi/lib/armv6k/fpu/libg.a(lib_a-mprec.o)
 .rodata.AddDevice.str1.4
                0x0011fb0c        0x8 /opt/devkitpro/devkitARM/lib/gcc/arm-none-eabi/6.3.0/../../../../arm-none-eabi/lib/armv6k/fpu/libsysbase.a(iosupport.o)
 .rodata.dotab_stdnull
                0x0011fb14       0x68 /opt/devkitpro/devkitARM/lib/gcc/arm-none-eabi/6.3.0/../../../../arm-none-eabi/lib/armv6k/fpu/libsysbase.a(iosupport.o)
                0x0011fb14                dotab_stdnull
 .rodata.DIRECTORY_PARENT
                0x0011fb7c        0x3 /opt/devkitpro/devkitARM/lib/gcc/arm-none-eabi/6.3.0/../../../../arm-none-eabi/lib/armv6k/fpu/libsysbase.a(chdir.o)
                0x0011fb7c                DIRECTORY_PARENT
 *all.rodata*(*)
 *(.gnu.linkonce.r*)
                0x0011fb80                . = ALIGN (0x4)
 *fill*         0x0011fb7f        0x1 

.eh_frame       0x0011fb80        0x0
 .eh_frame      0x0011fb80        0x0 /opt/devkitpro/devkitARM/lib/gcc/arm-none-eabi/6.3.0/armv6k/fpu/crtbegin.o

.rel.dyn        0x0011fb80        0x0
 .rel.iplt      0x0011fb80        0x0 /opt/devkitpro/devkitARM/lib/gcc/arm-none-eabi/6.3.0/../../../../arm-none-eabi/lib/armv6k/fpu/3dsx_crt0.o

.ARM.extab
 *(.ARM.extab* .gnu.linkonce.armextab.*)
                0x0011fb80                __exidx_start = .

ARM.exidx
 *(.ARM.exidx* .gnu.linkonce.armexidx.*)
                0x0011fb80                __exidx_end = .

.data           0x00120000     0x2f4c
 *(.data)
 .data          0x00120000        0xc /opt/devkitpro/libctru/lib/libctru.a(gfx.o)
 .data          0x0012000c       0x51 /opt/devkitpro/libctru/lib/libctru.a(console.o)
                0x0012000c                defaultConsole
                0x00120058                currentConsole
 *fill*         0x0012005d        0x3 
 .data          0x00120060        0x4 /opt/devkitpro/libctru/lib/libctru.a(apt.o)
 .data          0x00120064        0x4 /opt/devkitpro/libctru/lib/libctru.a(gspgpu.o)
 .data          0x00120068        0x4 /opt/devkitpro/libctru/lib/libctru.a(stack_adjust.o)
                0x00120068                __stacksize__
 .data          0x0012006c        0x4 /opt/devkitpro/libctru/lib/libctru.a(allocateHeaps.o)
                0x0012006c                __ctru_linear_heap_size
 .data          0x00120070      0x46c /opt/devkitpro/libctru/lib/libctru.a(sdmc_dev.o)
 *(.data.*)
 .data._impure_ptr
                0x001204dc        0x4 /opt/devkitpro/devkitARM/lib/gcc/arm-none-eabi/6.3.0/../../../../arm-none-eabi/lib/armv6k/fpu/libg.a(lib_a-impure.o)
                0x001204dc                _impure_ptr
 .data.impure_data
                0x001204e0      0x460 /opt/devkitpro/devkitARM/lib/gcc/arm-none-eabi/6.3.0/../../../../arm-none-eabi/lib/armv6k/fpu/libg.a(lib_a-impure.o)
 .data.__malloc_av_
                0x00120940      0x408 /opt/devkitpro/devkitARM/lib/gcc/arm-none-eabi/6.3.0/../../../../arm-none-eabi/lib/armv6k/fpu/libg.a(lib_a-mallocr.o)
                0x00120940                __malloc_av_
 .data.__malloc_sbrk_base
                0x00120d48        0x4 /opt/devkitpro/devkitARM/lib/gcc/arm-none-eabi/6.3.0/../../../../arm-none-eabi/lib/armv6k/fpu/libg.a(lib_a-mallocr.o)
                0x00120d48                __malloc_sbrk_base
 .data.__malloc_trim_threshold
                0x00120d4c        0x4 /opt/devkitpro/devkitARM/lib/gcc/arm-none-eabi/6.3.0/../../../../arm-none-eabi/lib/armv6k/fpu/libg.a(lib_a-mallocr.o)
                0x00120d4c                __malloc_trim_threshold
 .data.__malloc_lock_object
                0x00120d50        0xc /opt/devkitpro/devkitARM/lib/gcc/arm-none-eabi/6.3.0/../../../../arm-none-eabi/lib/armv6k/fpu/libg.a(lib_a-mlock.o)
 .data.__sfp_lock
                0x00120d5c        0xc /opt/devkitpro/devkitARM/lib/gcc/arm-none-eabi/6.3.0/../../../../arm-none-eabi/lib/armv6k/fpu/libg.a(lib_a-findfp.o)
 .data.__sinit_lock
                0x00120d68        0xc /opt/devkitpro/devkitARM/lib/gcc/arm-none-eabi/6.3.0/../../../../arm-none-eabi/lib/armv6k/fpu/libg.a(lib_a-findfp.o)
 .data.__global_locale
                0x00120d74      0x16c /opt/devkitpro/devkitARM/lib/gcc/arm-none-eabi/6.3.0/../../../../arm-none-eabi/lib/armv6k/fpu/libg.a(lib_a-locale.o)
                0x00120d74                __global_locale
 .data.defaultDevice
                0x00120ee0        0x4 /opt/devkitpro/devkitARM/lib/gcc/arm-none-eabi/6.3.0/../../../../arm-none-eabi/lib/armv6k/fpu/libsysbase.a(iosupport.o)
 .data.devoptab_list
                0x00120ee4       0x40 /opt/devkitpro/devkitARM/lib/gcc/arm-none-eabi/6.3.0/../../../../arm-none-eabi/lib/armv6k/fpu/libsysbase.a(iosupport.o)
                0x00120ee4                devoptab_list
 .data._current_working_directory
                0x00120f24     0x1000 /opt/devkitpro/devkitARM/lib/gcc/arm-none-eabi/6.3.0/../../../../arm-none-eabi/lib/armv6k/fpu/libsysbase.a(chdir.o)
 .data.__hndl_lock
                0x00121f24        0x4 /opt/devkitpro/devkitARM/lib/gcc/arm-none-eabi/6.3.0/../../../../arm-none-eabi/lib/armv6k/fpu/libsysbase.a(handle_manager.o)
 .data.__stderr_handle
                0x00121f28        0xc /opt/devkitpro/devkitARM/lib/gcc/arm-none-eabi/6.3.0/../../../../arm-none-eabi/lib/armv6k/fpu/libsysbase.a(handle_manager.o)
 .data.__stdin_handle
                0x00121f34        0xc /opt/devkitpro/devkitARM/lib/gcc/arm-none-eabi/6.3.0/../../../../arm-none-eabi/lib/armv6k/fpu/libsysbase.a(handle_manager.o)
 .data.__stdout_handle
                0x00121f40        0xc /opt/devkitpro/devkitARM/lib/gcc/arm-none-eabi/6.3.0/../../../../arm-none-eabi/lib/armv6k/fpu/libsysbase.a(handle_manager.o)
 .data.handles  0x00121f4c     0x1000 /opt/devkitpro/devkitARM/lib/gcc/arm-none-eabi/6.3.0/../../../../arm-none-eabi/lib/armv6k/fpu/libsysbase.a(handle_manager.o)
 *(.gnu.linkonce.d*)
                0x00122f4c                . = ALIGN (0x4)

.igot.plt       0x00122f4c        0x0
 .igot.plt      0x00122f4c        0x0 /opt/devkitpro/devkitARM/lib/gcc/arm-none-eabi/6.3.0/../../../../arm-none-eabi/lib/armv6k/fpu/3dsx_crt0.o

.jcr            0x00122f4c        0x0
 .jcr           0x00122f4c        0x0 /opt/devkitpro/devkitARM/lib/gcc/arm-none-eabi/6.3.0/armv6k/fpu/crtbegin.o

.tm_clone_table
                0x00122f4c        0x0
 .tm_clone_table
                0x00122f4c        0x0 /opt/devkitpro/devkitARM/lib/gcc/arm-none-eabi/6.3.0/armv6k/fpu/crtbegin.o
 .tm_clone_table
                0x00122f4c        0x0 /opt/devkitpro/devkitARM/lib/gcc/arm-none-eabi/6.3.0/armv6k/fpu/crtend.o
                0x00122f4c                __TMC_END__

.tdata          0x00122f4c        0x0
                0x00122f4c                __tdata_lma = .
 *(.tdata)
 *(.tdata.*)
 *(.gnu.linkonce.td.*)
                0x00122f4c                . = ALIGN (0x4)
                0x00122f4c                __tdata_lma_end = .

.tbss           0x00122f4c     0x340c
 *(.tbss)
 .tbss          0x00122f4c     0x340a /opt/devkitpro/libctru/lib/libctru.a(sdmc_dev.o)
 *(.tbss.*)
 *(.gnu.linkonce.tb.*)
 *(.tcommon)
                0x00126358                . = ALIGN (0x4)
 *fill*         0x00126356        0x2 

.preinit_array  0x00122f4c        0x0
                0x00122f4c                PROVIDE (__preinit_array_start, .)
 *(.preinit_array)
                0x00122f4c                PROVIDE (__preinit_array_end, .)

.init_array     0x00122f4c        0x4
                0x00122f4c                PROVIDE (__init_array_start, .)
 *(SORT(.init_array.*))
 *(.init_array)
 .init_array    0x00122f4c        0x4 /opt/devkitpro/devkitARM/lib/gcc/arm-none-eabi/6.3.0/armv6k/fpu/crtbegin.o
                0x00122f50                PROVIDE (__init_array_end, .)

.fini_array     0x00122f50        0x4
                0x00122f50                PROVIDE (__fini_array_start, .)
 *(.fini_array)
 .fini_array    0x00122f50        0x4 /opt/devkitpro/devkitARM/lib/gcc/arm-none-eabi/6.3.0/armv6k/fpu/crtbegin.o
 *(SORT(.fini_array.*))
                0x00122f54                PROVIDE (__fini_array_end, .)

.ctors
 *crtbegin.o(.ctors)
 *(EXCLUDE_FILE(*crtend.o) .ctors)
 *(SORT(.ctors.*))
 *(.ctors)

.dtors
 *crtbegin.o(.dtors)
 *(EXCLUDE_FILE(*crtend.o) .dtors)
 *(SORT(.dtors.*))
 *(.dtors)
                0x00122f54                __bss_start__ = .

.bss            0x00122f54     0x57c4
 *(.dynbss)
 *(.bss)
 .bss           0x00122f54        0xe /opt/devkitpro/libctru/lib/libctru.a(gfx.o)
 *fill*         0x00122f62        0x6 
 .bss           0x00122f68       0x88 /opt/devkitpro/libctru/lib/libctru.a(fs.o)
 .bss           0x00122ff0       0x2c /opt/devkitpro/libctru/lib/libctru.a(hid.o)
 .bss           0x0012301c     0x103e /opt/devkitpro/libctru/lib/libctru.a(apt.o)
 *fill*         0x0012405a        0x2 
 .bss           0x0012405c       0xa8 /opt/devkitpro/libctru/lib/libctru.a(gspgpu.o)
 .bss           0x00124104        0xc /opt/devkitpro/libctru/lib/libctru.a(irrst.o)
 .bss           0x00124110        0x8 /opt/devkitpro/libctru/lib/libctru.a(stack_adjust.o)
 .bss           0x00124118       0x14 /opt/devkitpro/libctru/lib/libctru.a(linear.o)
 .bss           0x0012412c       0x14 /opt/devkitpro/libctru/lib/libctru.a(mappable.o)
 .bss           0x00124140       0x14 /opt/devkitpro/libctru/lib/libctru.a(vram.o)
 .bss           0x00124154        0x8 /opt/devkitpro/libctru/lib/libctru.a(srv.o)
 .bss           0x0012415c        0x1 /opt/devkitpro/libctru/lib/libctru.a(os.o)
                0x0012415c                __ctru_speedup
 *fill*         0x0012415d        0x3 
 .bss           0x00124160        0x4 /opt/devkitpro/libctru/lib/libctru.a(synchronization.o)
 .bss           0x00124164        0x8 /opt/devkitpro/libctru/lib/libctru.a(ptmsysm.o)
 .bss           0x0012416c        0x4 /opt/devkitpro/libctru/lib/libctru.a(allocateHeaps.o)
                0x0012416c                __ctru_heap_size
 .bss           0x00124170        0x9 /opt/devkitpro/libctru/lib/libctru.a(sdmc_dev.o)
 *(.bss.*)
 .bss.completed.7620
                0x00124179        0x1 /opt/devkitpro/devkitARM/lib/gcc/arm-none-eabi/6.3.0/armv6k/fpu/crtbegin.o
 *fill*         0x0012417a        0x2 
 .bss.object.7625
                0x0012417c       0x18 /opt/devkitpro/devkitARM/lib/gcc/arm-none-eabi/6.3.0/armv6k/fpu/crtbegin.o
 .bss.__malloc_current_mallinfo
                0x00124194       0x28 /opt/devkitpro/devkitARM/lib/gcc/arm-none-eabi/6.3.0/../../../../arm-none-eabi/lib/armv6k/fpu/libg.a(lib_a-mallocr.o)
                0x00124194                __malloc_current_mallinfo
 .bss.__malloc_max_sbrked_mem
                0x001241bc        0x4 /opt/devkitpro/devkitARM/lib/gcc/arm-none-eabi/6.3.0/../../../../arm-none-eabi/lib/armv6k/fpu/libg.a(lib_a-mallocr.o)
                0x001241bc                __malloc_max_sbrked_mem
 .bss.__malloc_max_total_mem
                0x001241c0        0x4 /opt/devkitpro/devkitARM/lib/gcc/arm-none-eabi/6.3.0/../../../../arm-none-eabi/lib/armv6k/fpu/libg.a(lib_a-mallocr.o)
                0x001241c0                __malloc_max_total_mem
 .bss.__malloc_top_pad
                0x001241c4        0x4 /opt/devkitpro/devkitARM/lib/gcc/arm-none-eabi/6.3.0/../../../../arm-none-eabi/lib/armv6k/fpu/libg.a(lib_a-mallocr.o)
                0x001241c4                __malloc_top_pad
 .bss.heap_start.6927
                0x001241c8        0x4 /opt/devkitpro/devkitARM/lib/gcc/arm-none-eabi/6.3.0/../../../../arm-none-eabi/lib/armv6k/fpu/libsysbase.a(sbrk.o)
 .bss.fake_heap_end
                0x001241cc        0x4 /opt/devkitpro/devkitARM/lib/gcc/arm-none-eabi/6.3.0/../../../../arm-none-eabi/lib/armv6k/fpu/libsysbase.a(malloc_vars.o)
                0x001241cc                fake_heap_end
 .bss.fake_heap_start
                0x001241d0        0x4 /opt/devkitpro/devkitARM/lib/gcc/arm-none-eabi/6.3.0/../../../../arm-none-eabi/lib/armv6k/fpu/libsysbase.a(malloc_vars.o)
                0x001241d0                fake_heap_start
 .bss.temp_cwd  0x001241d4     0x1000 /opt/devkitpro/devkitARM/lib/gcc/arm-none-eabi/6.3.0/../../../../arm-none-eabi/lib/armv6k/fpu/libsysbase.a(chdir.o)
 .bss.__syscalls
                0x001251d4       0x38 /opt/devkitpro/devkitARM/lib/gcc/arm-none-eabi/6.3.0/../../../../arm-none-eabi/lib/armv6k/fpu/libsysbase.a(syscall_support.o)
                0x001251d4                __syscalls
 *(.gnu.linkonce.b*)
 *(COMMON)
 COMMON         0x0012520c       0x68 /opt/devkitpro/libctru/lib/libctru.a(gfx.o)
                0x0012520c                gfxBottomFramebuffers
                0x00125214                gspSharedMemHandle
                0x00125218                bottomFramebufferInfo
                0x00125234                gspEvent
                0x00125238                gfxTopLeftFramebuffers
                0x00125240                gfxTopRightFramebuffers
                0x00125248                topFramebufferInfo
                0x00125264                gfxThreadID
                0x00125268                gfxSharedMemory
                0x0012526c                gfxTopFramebufferMaxSize
                0x00125270                gfxBottomFramebufferMaxSize
 COMMON         0x00125274       0x4c /opt/devkitpro/libctru/lib/libctru.a(console.o)
                0x00125274                currentCopy
 COMMON         0x001252c0        0x4 /opt/devkitpro/libctru/lib/libctru.a(gx.o)
                0x001252c0                gxCmdBuf
 COMMON         0x001252c4       0x20 /opt/devkitpro/libctru/lib/libctru.a(hid.o)
                0x001252c4                hidMemHandle
                0x001252c8                hidHandle
                0x001252cc                hidSharedMem
                0x001252d0                hidEvents
 COMMON         0x001252e4        0x4 /opt/devkitpro/libctru/lib/libctru.a(gspgpu.o)
                0x001252e4                gspGpuHandle
 COMMON         0x001252e8       0x10 /opt/devkitpro/libctru/lib/libctru.a(irrst.o)
                0x001252e8                irrstHandle
                0x001252ec                irrstEvent
                0x001252f0                irrstMemHandle
                0x001252f4                irrstSharedMem
 COMMON         0x001252f8        0x8 /opt/devkitpro/libctru/lib/libctru.a(initArgv.o)
                0x001252f8                __system_argv
                0x001252fc                __system_argc
 COMMON         0x00125300        0x4 /opt/devkitpro/libctru/lib/libctru.a(initSystem.o)
                0x00125300                __system_retAddr
 COMMON         0x00125304        0x8 /opt/devkitpro/libctru/lib/libctru.a(allocateHeaps.o)
                0x00125304                __ctru_linear_heap
                0x00125308                __ctru_heap
                0x0012530c                . = ALIGN (0x4)
                0x0012530c                __tls_start = .
                0x00128718                . = (. + (SIZEOF (.tdata) + SIZEOF (.tbss)))
 *fill*         0x0012530c     0x340c 
                0x00128718                __tls_end = .
                0x00128718                __bss_end__ = .
                0x00128718                __end__ = ABSOLUTE (.)

/DISCARD/
 *(.group .comment .note)

.stab
 *(.stab)

.stabstr
 *(.stabstr)

.stab.excl
 *(.stab.excl)

.stab.exclstr
 *(.stab.exclstr)

.stab.index
 *(.stab.index)

.stab.indexstr
 *(.stab.indexstr)

.debug
 *(.debug)

.line
 *(.line)

.debug_srcinfo
 *(.debug_srcinfo)

.debug_sfnames
 *(.debug_sfnames)

.debug_aranges  0x00000000     0x1358
 *(.debug_aranges)
 .debug_aranges
                0x00000000       0x30 main.o
 .debug_aranges
                0x00000030       0xa0 /opt/devkitpro/libctru/lib/libctru.a(gfx.o)
 .debug_aranges
                0x000000d0       0x88 /opt/devkitpro/libctru/lib/libctru.a(console.o)
 .debug_aranges
                0x00000158       0x48 /opt/devkitpro/libctru/lib/libctru.a(gx.o)
 .debug_aranges
                0x000001a0      0x3c0 /opt/devkitpro/libctru/lib/libctru.a(fs.o)
 .debug_aranges
                0x00000560       0xb0 /opt/devkitpro/libctru/lib/libctru.a(hid.o)
 .debug_aranges
                0x00000610      0x1e0 /opt/devkitpro/libctru/lib/libctru.a(apt.o)
 .debug_aranges
                0x000007f0       0xd8 /opt/devkitpro/libctru/lib/libctru.a(gspgpu.o)
 .debug_aranges
                0x000008c8       0x68 /opt/devkitpro/libctru/lib/libctru.a(irrst.o)
 .debug_aranges
                0x00000930       0x20 /opt/devkitpro/libctru/lib/libctru.a(initArgv.o)
 .debug_aranges
                0x00000950       0x20 /opt/devkitpro/libctru/lib/libctru.a(initSystem.o)
 .debug_aranges
                0x00000970      0x2c8 /opt/devkitpro/libctru/lib/libctru.a(svc.o)
 .debug_aranges
                0x00000c38       0x20 /opt/devkitpro/libctru/lib/libctru.a(stack_adjust.o)
 .debug_aranges
                0x00000c58       0x50 /opt/devkitpro/libctru/lib/libctru.a(linear.o)
 .debug_aranges
                0x00000ca8       0x40 /opt/devkitpro/libctru/lib/libctru.a(mappable.o)
 .debug_aranges
                0x00000ce8       0x50 /opt/devkitpro/libctru/lib/libctru.a(vram.o)
 .debug_aranges
                0x00000d38       0x58 /opt/devkitpro/libctru/lib/libctru.a(thread.o)
 .debug_aranges
                0x00000d90       0xa8 /opt/devkitpro/libctru/lib/libctru.a(srv.o)
 .debug_aranges
                0x00000e38       0x68 /opt/devkitpro/libctru/lib/libctru.a(os.o)
 .debug_aranges
                0x00000ea0       0x28 /opt/devkitpro/libctru/lib/libctru.a(env.o)
 .debug_aranges
                0x00000ec8       0xa8 /opt/devkitpro/libctru/lib/libctru.a(synchronization.o)
 .debug_aranges
                0x00000f70       0x48 /opt/devkitpro/libctru/lib/libctru.a(ptmsysm.o)
 .debug_aranges
                0x00000fb8       0x20 /opt/devkitpro/libctru/lib/libctru.a(rbtree_find.o)
 .debug_aranges
                0x00000fd8       0x20 /opt/devkitpro/libctru/lib/libctru.a(rbtree_remove.o)
 .debug_aranges
                0x00000ff8       0x28 /opt/devkitpro/libctru/lib/libctru.a(rbtree_iterator.o)
 .debug_aranges
                0x00001020       0x20 /opt/devkitpro/libctru/lib/libctru.a(rbtree_rotate.o)
 .debug_aranges
                0x00001040       0x30 /opt/devkitpro/libctru/lib/libctru.a(rbtree_insert.o)
 .debug_aranges
                0x00001070       0x20 /opt/devkitpro/libctru/lib/libctru.a(rbtree_init.o)
 .debug_aranges
                0x00001090       0x20 /opt/devkitpro/libctru/lib/libctru.a(ctru_exit.o)
 .debug_aranges
                0x000010b0       0x20 /opt/devkitpro/libctru/lib/libctru.a(appExit.o)
 .debug_aranges
                0x000010d0       0x28 /opt/devkitpro/libctru/lib/libctru.a(allocateHeaps.o)
 .debug_aranges
                0x000010f8       0x28 /opt/devkitpro/libctru/lib/libctru.a(syscalls.o)
 .debug_aranges
                0x00001120       0x20 /opt/devkitpro/libctru/lib/libctru.a(appInit.o)
 .debug_aranges